Archive member included to satisfy reference by file (symbol)

c:/chibistudio/tools/gnu tools arm embedded/10.3 2021.07/bin/../lib/gcc/arm-none-eabi/10.3.1/../../../../arm-none-eabi/lib/thumb/v7e-m/nofp\libm.a(lib_a-s_round.o)
                              ./build/obj/digital_driver.o (symbol from plugin) (round)
c:/chibistudio/tools/gnu tools arm embedded/10.3 2021.07/bin/../lib/gcc/arm-none-eabi/10.3.1/../../../../arm-none-eabi/lib/thumb/v7e-m/nofp\libm.a(lib_a-w_exp2.o)
                              ./build/obj/digital_driver.o (symbol from plugin) (exp2)
c:/chibistudio/tools/gnu tools arm embedded/10.3 2021.07/bin/../lib/gcc/arm-none-eabi/10.3.1/../../../../arm-none-eabi/lib/thumb/v7e-m/nofp\libm.a(lib_a-w_log.o)
                              ./build/obj/digital_driver.o (symbol from plugin) (log)
c:/chibistudio/tools/gnu tools arm embedded/10.3 2021.07/bin/../lib/gcc/arm-none-eabi/10.3.1/../../../../arm-none-eabi/lib/thumb/v7e-m/nofp\libm.a(lib_a-w_pow.o)
                              c:/chibistudio/tools/gnu tools arm embedded/10.3 2021.07/bin/../lib/gcc/arm-none-eabi/10.3.1/../../../../arm-none-eabi/lib/thumb/v7e-m/nofp\libm.a(lib_a-w_exp2.o) (pow)
c:/chibistudio/tools/gnu tools arm embedded/10.3 2021.07/bin/../lib/gcc/arm-none-eabi/10.3.1/../../../../arm-none-eabi/lib/thumb/v7e-m/nofp\libm.a(lib_a-e_log.o)
                              c:/chibistudio/tools/gnu tools arm embedded/10.3 2021.07/bin/../lib/gcc/arm-none-eabi/10.3.1/../../../../arm-none-eabi/lib/thumb/v7e-m/nofp\libm.a(lib_a-w_log.o) (__ieee754_log)
c:/chibistudio/tools/gnu tools arm embedded/10.3 2021.07/bin/../lib/gcc/arm-none-eabi/10.3.1/../../../../arm-none-eabi/lib/thumb/v7e-m/nofp\libm.a(lib_a-e_pow.o)
                              c:/chibistudio/tools/gnu tools arm embedded/10.3 2021.07/bin/../lib/gcc/arm-none-eabi/10.3.1/../../../../arm-none-eabi/lib/thumb/v7e-m/nofp\libm.a(lib_a-w_pow.o) (__ieee754_pow)
c:/chibistudio/tools/gnu tools arm embedded/10.3 2021.07/bin/../lib/gcc/arm-none-eabi/10.3.1/../../../../arm-none-eabi/lib/thumb/v7e-m/nofp\libm.a(lib_a-e_sqrt.o)
                              c:/chibistudio/tools/gnu tools arm embedded/10.3 2021.07/bin/../lib/gcc/arm-none-eabi/10.3.1/../../../../arm-none-eabi/lib/thumb/v7e-m/nofp\libm.a(lib_a-e_pow.o) (__ieee754_sqrt)
c:/chibistudio/tools/gnu tools arm embedded/10.3 2021.07/bin/../lib/gcc/arm-none-eabi/10.3.1/../../../../arm-none-eabi/lib/thumb/v7e-m/nofp\libm.a(lib_a-math_err.o)
                              c:/chibistudio/tools/gnu tools arm embedded/10.3 2021.07/bin/../lib/gcc/arm-none-eabi/10.3.1/../../../../arm-none-eabi/lib/thumb/v7e-m/nofp\libm.a(lib_a-e_pow.o) (__math_uflow)
c:/chibistudio/tools/gnu tools arm embedded/10.3 2021.07/bin/../lib/gcc/arm-none-eabi/10.3.1/../../../../arm-none-eabi/lib/thumb/v7e-m/nofp\libm.a(lib_a-s_fabs.o)
                              c:/chibistudio/tools/gnu tools arm embedded/10.3 2021.07/bin/../lib/gcc/arm-none-eabi/10.3.1/../../../../arm-none-eabi/lib/thumb/v7e-m/nofp\libm.a(lib_a-e_pow.o) (fabs)
c:/chibistudio/tools/gnu tools arm embedded/10.3 2021.07/bin/../lib/gcc/arm-none-eabi/10.3.1/../../../../arm-none-eabi/lib/thumb/v7e-m/nofp\libm.a(lib_a-s_finite.o)
                              c:/chibistudio/tools/gnu tools arm embedded/10.3 2021.07/bin/../lib/gcc/arm-none-eabi/10.3.1/../../../../arm-none-eabi/lib/thumb/v7e-m/nofp\libm.a(lib_a-w_pow.o) (finite)
c:/chibistudio/tools/gnu tools arm embedded/10.3 2021.07/bin/../lib/gcc/arm-none-eabi/10.3.1/../../../../arm-none-eabi/lib/thumb/v7e-m/nofp\libm.a(lib_a-s_nan.o)
                              c:/chibistudio/tools/gnu tools arm embedded/10.3 2021.07/bin/../lib/gcc/arm-none-eabi/10.3.1/../../../../arm-none-eabi/lib/thumb/v7e-m/nofp\libm.a(lib_a-w_log.o) (nan)
c:/chibistudio/tools/gnu tools arm embedded/10.3 2021.07/bin/../lib/gcc/arm-none-eabi/10.3.1/../../../../arm-none-eabi/lib/thumb/v7e-m/nofp\libm.a(lib_a-s_scalbn.o)
                              c:/chibistudio/tools/gnu tools arm embedded/10.3 2021.07/bin/../lib/gcc/arm-none-eabi/10.3.1/../../../../arm-none-eabi/lib/thumb/v7e-m/nofp\libm.a(lib_a-e_pow.o) (scalbn)
c:/chibistudio/tools/gnu tools arm embedded/10.3 2021.07/bin/../lib/gcc/arm-none-eabi/10.3.1/thumb/v7e-m/nofp\libgcc.a(_arm_muldf3.o)
                              c:/chibistudio/tools/gnu tools arm embedded/10.3 2021.07/bin/../lib/gcc/arm-none-eabi/10.3.1/../../../../arm-none-eabi/lib/thumb/v7e-m/nofp\libm.a(lib_a-e_log.o) (__aeabi_dmul)
c:/chibistudio/tools/gnu tools arm embedded/10.3 2021.07/bin/../lib/gcc/arm-none-eabi/10.3.1/thumb/v7e-m/nofp\libgcc.a(_arm_addsubdf3.o)
                              c:/chibistudio/tools/gnu tools arm embedded/10.3 2021.07/bin/../lib/gcc/arm-none-eabi/10.3.1/../../../../arm-none-eabi/lib/thumb/v7e-m/nofp\libm.a(lib_a-e_log.o) (__aeabi_dsub)
c:/chibistudio/tools/gnu tools arm embedded/10.3 2021.07/bin/../lib/gcc/arm-none-eabi/10.3.1/thumb/v7e-m/nofp\libgcc.a(_arm_muldivdf3.o)
[...]
Memory Configuration

Name             Origin             Length             Attributes
flash0           0x08000000         0x00080000         xr
flash1           0x00000000         0x00000000         xr
flash2           0x00000000         0x00000000         xr
flash3           0x00000000         0x00000000         xr
flash4           0x00000000         0x00000000         xr
flash5           0x00000000         0x00000000         xr
flash6           0x00000000         0x00000000         xr
flash7           0x00000000         0x00000000         xr
ram0             0x20000000         0x00020000         xw
ram1             0x20000000         0x00018000         xw
ram2             0x20000000         0x00014000         xw
ram3             0x20014000         0x00004000         xw
ram4             0x20018000         0x00008000         xw
ram5             0x10000000         0x00008000         xw
ram6             0x00000000         0x00000000         xw
ram7             0x00000000         0x00000000         xw
*default*        0x00000000         0xffffffff

Linker script and memory map

LOAD ./build/obj/crt0_v7m.o
LOAD ./build/obj/vectors.o
LOAD ./build/obj/chcoreasm.o
LOAD ./build/obj/crt1.o
LOAD C:\Users\zerog\AppData\Local\Temp\APS_DIGITAL_CGG.elf.PLIgTd.ltrans0.ltrans.o
LOAD C:\Users\zerog\AppData\Local\Temp\ccOf8eYl.debug.temp.o
LOAD C:\Users\zerog\AppData\Local\Temp\cc87Y6jq.debug.temp.o
LOAD C:\Users\zerog\AppData\Local\Temp\ccurFesu.debug.temp.o
LOAD C:\Users\zerog\AppData\Local\Temp\ccQKlmAy.debug.temp.o
LOAD C:\Users\zerog\AppData\Local\Temp\ccmnLjNC.debug.temp.o
LOAD C:\Users\zerog\AppData\Local\Temp\cckm59mH.debug.temp.o
LOAD C:\Users\zerog\AppData\Local\Temp\ccilp0WL.debug.temp.o
LOAD C:\Users\zerog\AppData\Local\Temp\ccqxjRAQ.debug.temp.o
LOAD C:\Users\zerog\AppData\Local\Temp\ccyJdIeV.debug.temp.o
LOAD C:\Users\zerog\AppData\Local\Temp\ccke5lEZ.debug.temp.o
LOAD C:\Users\zerog\AppData\Local\Temp\cc6IWZ33.debug.temp.o
LOAD C:\Users\zerog\AppData\Local\Temp\ccSdODt8.debug.temp.o
LOAD C:\Users\zerog\AppData\Local\Temp\ccgs7e0c.debug.temp.o
LOAD C:\Users\zerog\AppData\Local\Temp\ccEGqQwh.debug.temp.o
LOAD C:\Users\zerog\AppData\Local\Temp\ccOdrvfl.debug.temp.o
LOAD C:\Users\zerog\AppData\Local\Temp\ccYKraYo.debug.temp.o
LOAD C:\Users\zerog\AppData\Local\Temp\cccunSus.debug.temp.o
LOAD C:\Users\zerog\AppData\Local\Temp\ccqdjA1v.debug.temp.o
LOAD C:\Users\zerog\AppData\Local\Temp\ccEWeiyz.debug.temp.o
LOAD C:\Users\zerog\AppData\Local\Temp\cciPws9C.debug.temp.o
LOAD C:\Users\zerog\AppData\Local\Temp\ccWHOCKG.debug.temp.o
LOAD C:\Users\zerog\AppData\Local\Temp\ccufxHJK.debug.temp.o
LOAD C:\Users\zerog\AppData\Local\Temp\cc2MfMIO.debug.temp.o
LOAD C:\Users\zerog\AppData\Local\Temp\ccAokFMS.debug.temp.o
LOAD C:\Users\zerog\AppData\Local\Temp\cc8ZoyQW.debug.temp.o
LOAD C:\Users\zerog\AppData\Local\Temp\cckqXmG0.debug.temp.o
LOAD C:\Users\zerog\AppData\Local\Temp\ccwQvbw4.debug.temp.o
LOAD C:\Users\zerog\AppData\Local\Temp\cc2M7zq8.debug.temp.o
LOAD C:\Users\zerog\AppData\Local\Temp\ccyJJYkc.debug.temp.o
LOAD C:\Users\zerog\AppData\Local\Temp\ccGJFprf.debug.temp.o
LOAD C:\Users\zerog\AppData\Local\Temp\ccOJBQxi.debug.temp.o
LOAD C:\Users\zerog\AppData\Local\Temp\ccSl4jKl.debug.temp.o
LOAD C:\Users\zerog\AppData\Local\Temp\ccWXwNWo.debug.temp.o
LOAD C:\Users\zerog\AppData\Local\Temp\cc0zZg9r.debug.temp.o
LOAD C:\Users\zerog\AppData\Local\Temp\ccEmOf7u.debug.temp.o
LOAD C:\Users\zerog\AppData\Local\Temp\cci9Ce5x.debug.temp.o
LOAD C:\Users\zerog\AppData\Local\Temp\ccivMN7A.debug.temp.o
LOAD C:\Users\zerog\AppData\Local\Temp\cciRVmaE.debug.temp.o
LOAD C:\Users\zerog\AppData\Local\Temp\ccYooIzH.debug.temp.o
LOAD C:\Users\zerog\AppData\Local\Temp\ccEWQ3YK.debug.temp.o
LOAD C:\Users\zerog\AppData\Local\Temp\ccUoz1sO.debug.temp.o
LOAD C:\Users\zerog\AppData\Local\Temp\ccaRhZWR.debug.temp.o
LOAD C:\Users\zerog\AppData\Local\Temp\ccKVajfV.debug.temp.o
LOAD C:\Users\zerog\AppData\Local\Temp\cck03CxY.debug.temp.o
LOAD C:\Users\zerog\AppData\Local\Temp\ccUAJlU1.debug.temp.o
LOAD C:\Users\zerog\AppData\Local\Temp\ccubp4g5.debug.temp.o
LOAD C:\Users\zerog\AppData\Local\Temp\ccOXoiP7.debug.temp.o
LOAD C:\Users\zerog\AppData\Local\Temp\cc8Jowna.debug.temp.o
LOAD C:\Users\zerog\AppData\Local\Temp\ccIWTj0c.debug.temp.o
LOAD C:\Users\zerog\AppData\Local\Temp\cci9o7Cf.debug.temp.o
LOAD C:\Users\zerog\AppData\Local\Temp\ccYQeU1h.debug.temp.o
LOAD C:\Users\zerog\AppData\Local\Temp\ccEy4Gqk.debug.temp.o
LOAD C:\Users\zerog\AppData\Local\Temp\cck8fXdn.debug.temp.o
LOAD C:\Users\zerog\AppData\Local\Temp\cc0Hrd1p.debug.temp.o
LOAD C:\Users\zerog\AppData\Local\Temp\ccgaQOSs.debug.temp.o
LOAD C:\Users\zerog\AppData\Local\Temp\ccwCeqKv.debug.temp.o
LOAD C:\Users\zerog\AppData\Local\Temp\ccM4C1By.debug.temp.o
LOAD C:\Users\zerog\AppData\Local\Temp\ccSvdKiB.debug.temp.o
LOAD C:\Users\zerog\AppData\Local\Temp\ccYWNsZD.debug.temp.o
LOAD C:\Users\zerog\AppData\Local\Temp\cc4nobGG.debug.temp.o
LOAD C:\Users\zerog\AppData\Local\Temp\ccIK33rJ.debug.temp.o
LOAD C:\Users\zerog\AppData\Local\Temp\ccm7IWdM.debug.temp.o
LOAD C:\Users\zerog\AppData\Local\Temp\ccIs02TS.debug.temp.o
LOAD ./build/obj/hal.o
LOAD ./build/obj/hal_st.o
LOAD ./build/obj/hal_buffered_serial.o
LOAD ./build/obj/hal_buffers.o
LOAD ./build/obj/hal_queues.o
LOAD ./build/obj/hal_flash.o
LOAD ./build/obj/hal_mmcsd.o
LOAD ./build/obj/hal_gpt.o
LOAD ./build/obj/hal_pal.o
LOAD ./build/obj/hal_serial_usb.o
LOAD ./build/obj/hal_sio.o
LOAD ./build/obj/hal_spi.o
LOAD ./build/obj/hal_usb.o
LOAD ./build/obj/nvic.o
LOAD ./build/obj/stm32_isr.o
LOAD ./build/obj/hal_lld.o
LOAD ./build/obj/hal_efl_lld.o
LOAD ./build/obj/stm32_dma.o
LOAD ./build/obj/stm32_exti.o
LOAD ./build/obj/hal_pal_lld.o
LOAD ./build/obj/hal_spi_v2_lld.o
LOAD ./build/obj/hal_st_lld.o
LOAD ./build/obj/hal_gpt_lld.o
LOAD ./build/obj/hal_sio_lld.o
LOAD ./build/obj/hal_usb_lld.o
LOAD ./build/obj/board.o
LOAD ./build/obj/osal.o
LOAD ./build/obj/chsys.o
LOAD ./build/obj/chrfcu.o
LOAD ./build/obj/chdebug.o
LOAD ./build/obj/chtrace.o
LOAD ./build/obj/chvt.o
LOAD ./build/obj/chschd.o
LOAD ./build/obj/chinstances.o
LOAD ./build/obj/chthreads.o
LOAD ./build/obj/chtm.o
LOAD ./build/obj/chstats.o
LOAD ./build/obj/chregistry.o
LOAD ./build/obj/chsem.o
LOAD ./build/obj/chmtx.o
LOAD ./build/obj/chcond.o
LOAD ./build/obj/chevents.o
LOAD ./build/obj/chmsg.o
LOAD ./build/obj/chdynamic.o
LOAD ./build/obj/chmboxes.o
LOAD ./build/obj/chmemcore.o
LOAD ./build/obj/chmemheaps.o
LOAD ./build/obj/chmempools.o
LOAD ./build/obj/chcore.o
LOAD ./build/obj/chcoreapi.o
LOAD ./build/obj/chprintf.o
LOAD ./build/obj/chscanf.o
LOAD ./build/obj/memstreams.o
LOAD ./build/obj/nullstreams.o
LOAD ./build/obj/bufstreams.o
LOAD ./build/obj/shell.o
LOAD ./build/obj/shell_cmd.o
LOAD ./build/obj/syscalls.o
LOAD ./build/obj/usbcfg.o
LOAD ./build/obj/main.o
LOAD ./build/obj/digital_driver.o
LOAD ./build/obj/AD8460.o
LOAD c:/chibistudio/tools/gnu tools arm embedded/10.3 2021.07/bin/../lib/gcc/arm-none-eabi/10.3.1/../../../../arm-none-eabi/lib/thumb/v7e-m/nofp\libm.a

.mstack         0x20000000      0x400
                0x20000000                . = ALIGN (0x8)
                0x20000000                __main_stack_base__ = .
                0x20000400                . = (. + __main_stack_size__)
 *fill*         0x20000000      0x400 
                0x20000400                . = ALIGN (0x8)
                0x20000400                __main_stack_end__ = .

.pstack         0x20000400      0x400
                0x20000400                . = ALIGN (0x8)
                0x20000400                __process_stack_base__ = .
                0x20000400                __main_thread_stack_base__ = .
                0x20000800                . = (. + __process_stack_size__)
 *fill*         0x20000400      0x400 
                0x20000800                . = ALIGN (0x8)
                0x20000800                __process_stack_end__ = .
                0x20000800                __main_thread_stack_end__ = .

.vectors        0x08000000      0x1e0
                0x08000000                __textvectors_base__ = LOADADDR (.vectors)
                0x08000000                __vectors_base__ = .
 *(.vectors)
 .vectors       0x08000000      0x1e0 ./build/obj/vectors.o
                0x08000000                _vectors
                0x080001e0                __vectors_end__ = .

.xtors          0x080001e0        0x0
                0x080001e0                __init_array_base__ = .
 *(SORT_BY_NAME(.init_array.*))
 *(.init_array)
                0x080001e0                __init_array_end__ = .
                0x080001e0                __fini_array_base__ = .
 *(.fini_array)
 *(SORT_BY_NAME(.fini_array.*))
                0x080001e0                __fini_array_end__ = .

.text           0x08000200     0xf624
                0x08000200                __text_base__ = .
 *(.text)
 .text          0x08000200       0xd8 ./build/obj/crt0_v7m.o
                0x08000200                _crt0_entry
 .text          0x080002d8        0x8 ./build/obj/vectors.o
                0x080002d8                Reset_Handler
                0x080002da                VectorAC
                0x080002da                DebugMon_Handler
                0x080002da                Vector1A0
                0x080002da                Vector11C
                0x080002da                HardFault_Handler
                0x080002da                Vector1B8
                0x080002da                Vector19C
                0x080002da                Vector8C
                0x080002da                SysTick_Handler
                0x080002da                VectorDC
                0x080002da                Vector168
                0x080002da                NMI_Handler
                0x080002da                Vector110
                0x080002da                Vector1D8
                0x080002da                VectorC8
                0x080002da                Vector94
                0x080002da                VectorA8
                0x080002da                VectorB4
                0x080002da                Vector160
                0x080002da                Vector1B0
                0x080002da                UsageFault_Handler
                0x080002da                VectorEC
                0x080002da                Vector40
                0x080002da                VectorF8
                0x080002da                Vector108
                0x080002da                VectorBC
                0x080002da                Vector190
                0x080002da                Vector150
                0x080002da                Vector148
                0x080002da                Vector188
                0x080002da                Vector198
                0x080002da                Vector118
                0x080002da                VectorE8
                0x080002da                VectorCC
                0x080002da                Vector54
                0x080002da                Vector98
                0x080002da                Vector138
                0x080002da                Vector24
                0x080002da                Vector1AC
                0x080002da                Vector178
                0x080002da                SecureFault_Handler
                0x080002da                Vector1A4
                0x080002da                VectorD0
                0x080002da                Vector1B4
                0x080002da                Vector140
                0x080002da                VectorE4
                0x080002da                VectorC0
                0x080002da                Vector158
                0x080002da                Vector134
                0x080002da                Vector1D0
                0x080002da                VectorF0
                0x080002da                Vector13C
                0x080002da                Vector100
                0x080002da                VectorF4
                0x080002da                MemManage_Handler
                0x080002da                VectorA0
                0x080002da                VectorC4
                0x080002da                Vector180
                0x080002da                Vector114
                0x080002da                Vector164
                0x080002da                Vector1BC
                0x080002da                Vector1D4
                0x080002da                Vector17C
                0x080002da                Vector48
                0x080002da                Vector1A8
                0x080002da                Vector16C
                0x080002da                VectorD4
                0x080002da                Vector4C
                0x080002da                Vector144
                0x080002da                Vector15C
                0x080002da                Vector18C
                0x080002da                Vector170
                0x080002da                Vector88
                0x080002da                Vector104
                0x080002da                Vector184
                0x080002da                Vector10C
                0x080002da                Vector14C
                0x080002da                BusFault_Handler
                0x080002da                Vector50
                0x080002da                Vector194
                0x080002da                Vector1DC
                0x080002da                Vector154
                0x080002da                Vector44
                0x080002da                Vector28
                0x080002da                VectorFC
                0x080002da                Vector34
                0x080002da                VectorA4
                0x080002da                Vector20
                0x080002da                Vector174
                0x080002de                _unhandled_exception
 .text          0x080002e0       0x8a ./build/obj/chcoreasm.o
                0x080002e0                SVC_Handler
                0x08000310                PendSV_Handler
                0x08000350                __port_thread_start
 *fill*         0x0800036a        0x2 
 .text          0x0800036c      0x378 c:/chibistudio/tools/gnu tools arm embedded/10.3 2021.07/bin/../lib/gcc/arm-none-eabi/10.3.1/thumb/v7e-m/nofp\libgcc.a(_arm_addsubdf3.o)
                0x0800036c                __aeabi_drsub
                0x08000374                __aeabi_dsub
                0x08000374                __subdf3
                0x08000378                __aeabi_dadd
                0x08000378                __adddf3
                0x080005f0                __floatunsidf
                0x080005f0                __aeabi_ui2d
                0x08000610                __floatsidf
                0x08000610                __aeabi_i2d
                0x08000634                __aeabi_f2d
                0x08000634                __extendsfdf2
                0x08000678                __floatundidf
                0x08000678                __aeabi_ul2d
                0x08000688                __floatdidf
                0x08000688                __aeabi_l2d
 .text          0x080006e4      0x424 c:/chibistudio/tools/gnu tools arm embedded/10.3 2021.07/bin/../lib/gcc/arm-none-eabi/10.3.1/thumb/v7e-m/nofp\libgcc.a(_arm_muldivdf3.o)
                0x080006e4                __aeabi_dmul
                0x080006e4                __muldf3
                0x08000938                __divdf3
                0x08000938                __aeabi_ddiv
 .text          0x08000b08      0x110 c:/chibistudio/tools/gnu tools arm embedded/10.3 2021.07/bin/../lib/gcc/arm-none-eabi/10.3.1/thumb/v7e-m/nofp\libgcc.a(_arm_cmpdf2.o)
                0x08000b08                __gtdf2
                0x08000b08                __gedf2
                0x08000b10                __ltdf2
                0x08000b10                __ledf2
                0x08000b18                __nedf2
                0x08000b18                __eqdf2
                0x08000b18                __cmpdf2
                0x08000b94                __aeabi_cdrcmple
                0x08000ba4                __aeabi_cdcmpeq
                0x08000ba4                __aeabi_cdcmple
                0x08000bb4                __aeabi_dcmpeq
                0x08000bc8                __aeabi_dcmplt
                0x08000bdc                __aeabi_dcmple
                0x08000bf0                __aeabi_dcmpge
                0x08000c04                __aeabi_dcmpgt
 .text          0x08000c18       0x2c c:/chibistudio/tools/gnu tools arm embedded/10.3 2021.07/bin/../lib/gcc/arm-none-eabi/10.3.1/thumb/v7e-m/nofp\libgcc.a(_arm_unorddf2.o)
                0x08000c18                __unorddf2
                0x08000c18                __aeabi_dcmpun
 .text          0x08000c44      0x168 c:/chibistudio/tools/gnu tools arm embedded/10.3 2021.07/bin/../lib/gcc/arm-none-eabi/10.3.1/thumb/v7e-m/nofp\libgcc.a(_arm_mulsf3.o)
                0x08000c44                __aeabi_fmul
                0x08000c44                __mulsf3
 .text          0x08000dac       0x50 c:/chibistudio/tools/gnu tools arm embedded/10.3 2021.07/bin/../lib/gcc/arm-none-eabi/10.3.1/thumb/v7e-m/nofp\libgcc.a(_arm_fixdfsi.o)
                0x08000dac                __aeabi_d2iz
                0x08000dac                __fixdfsi
 .text          0x08000dfc       0x4c c:/chibistudio/tools/gnu tools arm embedded/10.3 2021.07/bin/../lib/gcc/arm-none-eabi/10.3.1/thumb/v7e-m/nofp\libgcc.a(_arm_fixsfsi.o)
                0x08000dfc                __aeabi_f2iz
                0x08000dfc                __fixsfsi
 .text          0x08000e48       0x40 c:/chibistudio/tools/gnu tools arm embedded/10.3 2021.07/bin/../lib/gcc/arm-none-eabi/10.3.1/thumb/v7e-m/nofp\libgcc.a(_arm_fixunssfsi.o)
                0x08000e48                __fixunssfsi
                0x08000e48                __aeabi_f2uiz
 .text          0x08000e88      0x134 c:/chibistudio/tools/gnu tools arm embedded/10.3 2021.07/bin/../lib/gcc/arm-none-eabi/10.3.1/../../../../arm-none-eabi/lib/thumb/v7e-m/nofp\libg.a(lib_a-memcpy.o)
                0x08000e88                memcpy
 *fill*         0x08000fbc        0x4 
 .text          0x08000fc0      0x2dc c:/chibistudio/tools/gnu tools arm embedded/10.3 2021.07/bin/../lib/gcc/arm-none-eabi/10.3.1/../../../../arm-none-eabi/lib/thumb/v7e-m/nofp\libg.a(lib_a-strcmp.o)
                0x08000fc8                strcmp
 *fill*         0x0800129c       0x24 
 .text          0x080012c0       0xdc c:/chibistudio/tools/gnu tools arm embedded/10.3 2021.07/bin/../lib/gcc/arm-none-eabi/10.3.1/../../../../arm-none-eabi/lib/thumb/v7e-m/nofp\libg.a(lib_a-strlen.o)
                0x080012c0                strlen
 *fill*         0x0800139c        0x4 
 .text          0x080013a0       0xa0 c:/chibistudio/tools/gnu tools arm embedded/10.3 2021.07/bin/../lib/gcc/arm-none-eabi/10.3.1/../../../../arm-none-eabi/lib/thumb/v7e-m/nofp\libg.a(lib_a-memchr.o)
                0x080013a0                memchr
 .text          0x08001440       0x40 c:/chibistudio/tools/gnu tools arm embedded/10.3 2021.07/bin/../lib/gcc/arm-none-eabi/10.3.1/thumb/v7e-m/nofp\libgcc.a(_arm_fixunsdfsi.o)
                0x08001440                __aeabi_d2uiz
                0x08001440                __fixunsdfsi
 .text          0x08001480       0xa0 c:/chibistudio/tools/gnu tools arm embedded/10.3 2021.07/bin/../lib/gcc/arm-none-eabi/10.3.1/thumb/v7e-m/nofp\libgcc.a(_arm_truncdfsf2.o)
                0x08001480                __truncdfsf2
                0x08001480                __aeabi_d2f
 .text          0x08001520       0xec c:/chibistudio/tools/gnu tools arm embedded/10.3 2021.07/bin/../lib/gcc/arm-none-eabi/10.3.1/thumb/v7e-m/nofp\libgcc.a(_arm_cmpsf2.o)
                0x08001520                __gesf2
                0x08001520                __gtsf2
                0x08001528                __lesf2
                0x08001528                __ltsf2
                0x08001530                __nesf2
                0x08001530                __eqsf2
                0x08001530                __cmpsf2
                0x08001590                __aeabi_cfrcmple
                0x08001598                __aeabi_cfcmpeq
                0x08001598                __aeabi_cfcmple
                0x080015a8                __aeabi_fcmpeq
                0x080015bc                __aeabi_fcmplt
                0x080015d0                __aeabi_fcmple
                0x080015e4                __aeabi_fcmpge
                0x080015f8                __aeabi_fcmpgt
 .text          0x0800160c       0x2c c:/chibistudio/tools/gnu tools arm embedded/10.3 2021.07/bin/../lib/gcc/arm-none-eabi/10.3.1/thumb/v7e-m/nofp\libgcc.a(_arm_unordsf2.o)
                0x0800160c                __unordsf2
                0x0800160c                __aeabi_fcmpun
 .text          0x08001638       0x30 c:/chibistudio/tools/gnu tools arm embedded/10.3 2021.07/bin/../lib/gcc/arm-none-eabi/10.3.1/thumb/v7e-m/nofp\libgcc.a(_aeabi_uldivmod.o)
                0x08001638                __aeabi_uldivmod
 .text          0x08001668       0x34 c:/chibistudio/tools/gnu tools arm embedded/10.3 2021.07/bin/../lib/gcc/arm-none-eabi/10.3.1/thumb/v7e-m/nofp\libgcc.a(_fixdfdi.o)
                0x08001668                __fixdfdi
                0x08001668                __aeabi_d2lz
 .text          0x0800169c       0x3c c:/chibistudio/tools/gnu tools arm embedded/10.3 2021.07/bin/../lib/gcc/arm-none-eabi/10.3.1/thumb/v7e-m/nofp\libgcc.a(_fixunsdfdi.o)
                0x0800169c                __fixunsdfdi
                0x0800169c                __aeabi_d2ulz
 .text          0x080016d8      0x2d0 c:/chibistudio/tools/gnu tools arm embedded/10.3 2021.07/bin/../lib/gcc/arm-none-eabi/10.3.1/thumb/v7e-m/nofp\libgcc.a(_udivmoddi4.o)
                0x080016d8                __udivmoddi4
 .text          0x080019a8        0x4 c:/chibistudio/tools/gnu tools arm embedded/10.3 2021.07/bin/../lib/gcc/arm-none-eabi/10.3.1/thumb/v7e-m/nofp\libgcc.a(_dvmd_tls.o)
                0x080019a8                __aeabi_idiv0
                0x080019a8                __aeabi_ldiv0
 *(.text.*)
 *fill*         0x080019ac        0x4 
 .text.sduRequestsHook
                0x080019b0       0x40 C:\Users\zerog\AppData\Local\Temp\APS_DIGITAL_CGG.elf.PLIgTd.ltrans0.ltrans.o
 .text.sduInterruptTransmitted
                0x080019f0        0x4 C:\Users\zerog\AppData\Local\Temp\APS_DIGITAL_CGG.elf.PLIgTd.ltrans0.ltrans.o
 *fill*         0x080019f4        0xc 
 .text.set_address
                0x08001a00       0x28 C:\Users\zerog\AppData\Local\Temp\APS_DIGITAL_CGG.elf.PLIgTd.ltrans0.ltrans.o
 *fill*         0x08001a28        0x8 
 .text.dmaServeInterrupt
                0x08001a30       0x3c C:\Users\zerog\AppData\Local\Temp\APS_DIGITAL_CGG.elf.PLIgTd.ltrans0.ltrans.o
 *fill*         0x08001a6c        0x4 
 .text._pal_lld_setgroupmode
                0x08001a70       0xc8 C:\Users\zerog\AppData\Local\Temp\APS_DIGITAL_CGG.elf.PLIgTd.ltrans0.ltrans.o
 *fill*         0x08001b38        0x8 
 .text.sio_lld_put
                0x08001b40       0x2c C:\Users\zerog\AppData\Local\Temp\APS_DIGITAL_CGG.elf.PLIgTd.ltrans0.ltrans.o
 *fill*         0x08001b6c        0x4 
 .text.chSysHalt
                0x08001b70       0x18 C:\Users\zerog\AppData\Local\Temp\APS_DIGITAL_CGG.elf.PLIgTd.ltrans0.ltrans.o
 *fill*         0x08001b88        0x8 
 .text.__idle_thread
                0x08001b90        0x4 C:\Users\zerog\AppData\Local\Temp\APS_DIGITAL_CGG.elf.PLIgTd.ltrans0.ltrans.o
 *fill*         0x08001b94        0xc 
 .text.chTMStartMeasurementX
                0x08001ba0        0xc C:\Users\zerog\AppData\Local\Temp\APS_DIGITAL_CGG.elf.PLIgTd.ltrans0.ltrans.o
 *fill*         0x08001bac        0x4 
 .text.__stats_start_measure_crit_thd
                0x08001bb0        0xc C:\Users\zerog\AppData\Local\Temp\APS_DIGITAL_CGG.elf.PLIgTd.ltrans0.ltrans.o
 *fill*         0x08001bbc        0x4 
 .text.chTMStopMeasurementX
                0x08001bc0       0x44 C:\Users\zerog\AppData\Local\Temp\APS_DIGITAL_CGG.elf.PLIgTd.ltrans0.ltrans.o
 *fill*         0x08001c04        0xc 
 .text.chTMChainMeasurementToX
                0x08001c10       0x3c C:\Users\zerog\AppData\Local\Temp\APS_DIGITAL_CGG.elf.PLIgTd.ltrans0.ltrans.o
 *fill*         0x08001c4c        0x4 
 .text.get_descriptor
                0x08001c50       0x34 C:\Users\zerog\AppData\Local\Temp\APS_DIGITAL_CGG.elf.PLIgTd.ltrans0.ltrans.o
 *fill*         0x08001c84        0xc 
 .text.ibqReleaseEmptyBufferS
                0x08001c90       0x58 C:\Users\zerog\AppData\Local\Temp\APS_DIGITAL_CGG.elf.PLIgTd.ltrans0.ltrans.o
 *fill*         0x08001ce8        0x8 
 .text.__dbg_check_lock
                0x08001cf0       0x24 C:\Users\zerog\AppData\Local\Temp\APS_DIGITAL_CGG.elf.PLIgTd.ltrans0.ltrans.o
 *fill*         0x08001d14        0xc 
 .text.obqPostFullBufferS
                0x08001d20       0x64 C:\Users\zerog\AppData\Local\Temp\APS_DIGITAL_CGG.elf.PLIgTd.ltrans0.ltrans.o
 *fill*         0x08001d84        0xc 
 .text._ctl     0x08001d90       0x1c C:\Users\zerog\AppData\Local\Temp\APS_DIGITAL_CGG.elf.PLIgTd.ltrans0.ltrans.o
 *fill*         0x08001dac        0x4 
 .text.chDbgCheckClassI
                0x08001db0       0x24 C:\Users\zerog\AppData\Local\Temp\APS_DIGITAL_CGG.elf.PLIgTd.ltrans0.ltrans.o
 *fill*         0x08001dd4        0xc 
 .text.__ctl    0x08001de0       0x24 C:\Users\zerog\AppData\Local\Temp\APS_DIGITAL_CGG.elf.PLIgTd.ltrans0.ltrans.o
 *fill*         0x08001e04        0xc 
 .text.chSysUnlock.lto_priv.3
                0x08001e10       0x50 C:\Users\zerog\AppData\Local\Temp\APS_DIGITAL_CGG.elf.PLIgTd.ltrans0.ltrans.o
 .text.spiSelect
                0x08001e60       0x7c C:\Users\zerog\AppData\Local\Temp\APS_DIGITAL_CGG.elf.PLIgTd.ltrans0.ltrans.o
 *fill*         0x08001edc        0x4 
 .text.spiUnselect
                0x08001ee0       0x7c C:\Users\zerog\AppData\Local\Temp\APS_DIGITAL_CGG.elf.PLIgTd.ltrans0.ltrans.o
 *fill*         0x08001f5c        0x4 
 .text.usbStartReceiveI
                0x08001f60       0x94 C:\Users\zerog\AppData\Local\Temp\APS_DIGITAL_CGG.elf.PLIgTd.ltrans0.ltrans.o
 *fill*         0x08001ff4        0xc 
 .text.usbStartTransmitI
                0x08002000       0xcc C:\Users\zerog\AppData\Local\Temp\APS_DIGITAL_CGG.elf.PLIgTd.ltrans0.ltrans.o
 *fill*         0x080020cc        0x4 
 .text.obnotify
                0x080020d0       0x6c C:\Users\zerog\AppData\Local\Temp\APS_DIGITAL_CGG.elf.PLIgTd.ltrans0.ltrans.o
 *fill*         0x0800213c        0x4 
 .text._usb_ep0setup
                0x08002140      0x508 C:\Users\zerog\AppData\Local\Temp\APS_DIGITAL_CGG.elf.PLIgTd.ltrans0.ltrans.o
 *fill*         0x08002648        0x8 
 .text._usb_ep0in
                0x08002650      0x158 C:\Users\zerog\AppData\Local\Temp\APS_DIGITAL_CGG.elf.PLIgTd.ltrans0.ltrans.o
 *fill*         0x080027a8        0x8 
 .text._usb_ep0out
                0x080027b0       0xe4 C:\Users\zerog\AppData\Local\Temp\APS_DIGITAL_CGG.elf.PLIgTd.ltrans0.ltrans.o
 *fill*         0x08002894        0xc 
 .text.usb_lld_init_endpoint
                0x080028a0       0xe8 C:\Users\zerog\AppData\Local\Temp\APS_DIGITAL_CGG.elf.PLIgTd.ltrans0.ltrans.o
 *fill*         0x08002988        0x8 
 .text.vt_set_alarm
                0x08002990       0x5c C:\Users\zerog\AppData\Local\Temp\APS_DIGITAL_CGG.elf.PLIgTd.ltrans0.ltrans.o
 *fill*         0x080029ec        0x4 
 .text.__sch_wakeup
                0x080029f0       0xc8 C:\Users\zerog\AppData\Local\Temp\APS_DIGITAL_CGG.elf.PLIgTd.ltrans0.ltrans.o
 *fill*         0x08002ab8        0x8 
 .text.chSchGoSleepS
                0x08002ac0       0x78 C:\Users\zerog\AppData\Local\Temp\APS_DIGITAL_CGG.elf.PLIgTd.ltrans0.ltrans.o
 *fill*         0x08002b38        0x8 
 .text.chSchRescheduleS
                0x08002b40       0x84 C:\Users\zerog\AppData\Local\Temp\APS_DIGITAL_CGG.elf.PLIgTd.ltrans0.ltrans.o
 *fill*         0x08002bc4        0xc 
 .text.chThdCreateSuspendedI
                0x08002bd0       0xd8 C:\Users\zerog\AppData\Local\Temp\APS_DIGITAL_CGG.elf.PLIgTd.ltrans0.ltrans.o
 *fill*         0x08002ca8        0x8 
 .text.chThdDequeueAllI
                0x08002cb0       0x64 C:\Users\zerog\AppData\Local\Temp\APS_DIGITAL_CGG.elf.PLIgTd.ltrans0.ltrans.o
 *fill*         0x08002d14        0xc 
 .text.chCoreAllocFromTop
                0x08002d20       0x98 C:\Users\zerog\AppData\Local\Temp\APS_DIGITAL_CGG.elf.PLIgTd.ltrans0.ltrans.o
 *fill*         0x08002db8        0x8 
 .text.sof_handler
                0x08002dc0       0xf8 C:\Users\zerog\AppData\Local\Temp\APS_DIGITAL_CGG.elf.PLIgTd.ltrans0.ltrans.o
 *fill*         0x08002eb8        0x8 
 .text.chSchWakeupS.constprop.0
                0x08002ec0       0xc8 C:\Users\zerog\AppData\Local\Temp\APS_DIGITAL_CGG.elf.PLIgTd.ltrans0.ltrans.o
 *fill*         0x08002f88        0x8 
 .text.vt_insert_first.constprop.0
                0x08002f90       0x80 C:\Users\zerog\AppData\Local\Temp\APS_DIGITAL_CGG.elf.PLIgTd.ltrans0.ltrans.o
 .text.chSchGoSleepTimeoutS
                0x08003010      0x140 C:\Users\zerog\AppData\Local\Temp\APS_DIGITAL_CGG.elf.PLIgTd.ltrans0.ltrans.o
 .text.ibqGetFullBufferTimeoutS
                0x08003150       0x7c C:\Users\zerog\AppData\Local\Temp\APS_DIGITAL_CGG.elf.PLIgTd.ltrans0.ltrans.o
 *fill*         0x080031cc        0x4 
 .text.ibqGetTimeout
                0x080031d0       0xb8 C:\Users\zerog\AppData\Local\Temp\APS_DIGITAL_CGG.elf.PLIgTd.ltrans0.ltrans.o
 *fill*         0x08003288        0x8 
 .text._get     0x08003290        0xc C:\Users\zerog\AppData\Local\Temp\APS_DIGITAL_CGG.elf.PLIgTd.ltrans0.ltrans.o
 *fill*         0x0800329c        0x4 
 .text._gett    0x080032a0        0x8 C:\Users\zerog\AppData\Local\Temp\APS_DIGITAL_CGG.elf.PLIgTd.ltrans0.ltrans.o
 *fill*         0x080032a8        0x8 
 .text.obqGetEmptyBufferTimeoutS
                0x080032b0       0x7c C:\Users\zerog\AppData\Local\Temp\APS_DIGITAL_CGG.elf.PLIgTd.ltrans0.ltrans.o
 *fill*         0x0800332c        0x4 
 .text.obqPutTimeout
                0x08003330       0xcc C:\Users\zerog\AppData\Local\Temp\APS_DIGITAL_CGG.elf.PLIgTd.ltrans0.ltrans.o
 *fill*         0x080033fc        0x4 
 .text._put     0x08003400        0xc C:\Users\zerog\AppData\Local\Temp\APS_DIGITAL_CGG.elf.PLIgTd.ltrans0.ltrans.o
 *fill*         0x0800340c        0x4 
 .text._putt    0x08003410        0x8 C:\Users\zerog\AppData\Local\Temp\APS_DIGITAL_CGG.elf.PLIgTd.ltrans0.ltrans.o
 *fill*         0x08003418        0x8 
 .text.sioSynchronizeRX
                0x08003420      0x108 C:\Users\zerog\AppData\Local\Temp\APS_DIGITAL_CGG.elf.PLIgTd.ltrans0.ltrans.o
 *fill*         0x08003528        0x8 
 .text.sync_read
                0x08003530      0x11c C:\Users\zerog\AppData\Local\Temp\APS_DIGITAL_CGG.elf.PLIgTd.ltrans0.ltrans.o
 *fill*         0x0800364c        0x4 
 .text.__read   0x08003650        0x8 C:\Users\zerog\AppData\Local\Temp\APS_DIGITAL_CGG.elf.PLIgTd.ltrans0.ltrans.o
 *fill*         0x08003658        0x8 
 .text.__readt  0x08003660        0x4 C:\Users\zerog\AppData\Local\Temp\APS_DIGITAL_CGG.elf.PLIgTd.ltrans0.ltrans.o
 *fill*         0x08003664        0xc 
 .text.__get    0x08003670       0x38 C:\Users\zerog\AppData\Local\Temp\APS_DIGITAL_CGG.elf.PLIgTd.ltrans0.ltrans.o
 *fill*         0x080036a8        0x8 
 .text.__gett   0x080036b0       0x34 C:\Users\zerog\AppData\Local\Temp\APS_DIGITAL_CGG.elf.PLIgTd.ltrans0.ltrans.o
 *fill*         0x080036e4        0xc 
 .text.sioSynchronizeTX
                0x080036f0       0xcc C:\Users\zerog\AppData\Local\Temp\APS_DIGITAL_CGG.elf.PLIgTd.ltrans0.ltrans.o
 *fill*         0x080037bc        0x4 
 .text.sync_write
                0x080037c0      0x100 C:\Users\zerog\AppData\Local\Temp\APS_DIGITAL_CGG.elf.PLIgTd.ltrans0.ltrans.o
 .text.__write  0x080038c0        0x8 C:\Users\zerog\AppData\Local\Temp\APS_DIGITAL_CGG.elf.PLIgTd.ltrans0.ltrans.o
 *fill*         0x080038c8        0x8 
 .text.__writet
                0x080038d0        0x4 C:\Users\zerog\AppData\Local\Temp\APS_DIGITAL_CGG.elf.PLIgTd.ltrans0.ltrans.o
 *fill*         0x080038d4        0xc 
 .text.__put    0x080038e0       0x20 C:\Users\zerog\AppData\Local\Temp\APS_DIGITAL_CGG.elf.PLIgTd.ltrans0.ltrans.o
 .text.__putt   0x08003900       0x1c C:\Users\zerog\AppData\Local\Temp\APS_DIGITAL_CGG.elf.PLIgTd.ltrans0.ltrans.o
 *fill*         0x0800391c        0x4 
 .text.chThdSleep
                0x08003920       0x88 C:\Users\zerog\AppData\Local\Temp\APS_DIGITAL_CGG.elf.PLIgTd.ltrans0.ltrans.o
 *fill*         0x080039a8        0x8 
 .text.Thread_LED
                0x080039b0       0xec C:\Users\zerog\AppData\Local\Temp\APS_DIGITAL_CGG.elf.PLIgTd.ltrans0.ltrans.o
 *fill*         0x08003a9c        0x4 
 .text.chSchReadyI.isra.0
                0x08003aa0       0x60 C:\Users\zerog\AppData\Local\Temp\APS_DIGITAL_CGG.elf.PLIgTd.ltrans0.ltrans.o
 .text.spi_lld_serve_rx_interrupt
                0x08003b00      0x110 C:\Users\zerog\AppData\Local\Temp\APS_DIGITAL_CGG.elf.PLIgTd.ltrans0.ltrans.o
 .text.spi_lld_serve_tx_interrupt
                0x08003c10       0x14 C:\Users\zerog\AppData\Local\Temp\APS_DIGITAL_CGG.elf.PLIgTd.ltrans0.ltrans.o
 *fill*         0x08003c24        0xc 
 .text.chThdExitS
                0x08003c30       0x50 C:\Users\zerog\AppData\Local\Temp\APS_DIGITAL_CGG.elf.PLIgTd.ltrans0.ltrans.o
 .text.chMtxLock
                0x08003c80      0x150 C:\Users\zerog\AppData\Local\Temp\APS_DIGITAL_CGG.elf.PLIgTd.ltrans0.ltrans.o
 .text.chMtxUnlock
                0x08003dd0       0xd4 C:\Users\zerog\AppData\Local\Temp\APS_DIGITAL_CGG.elf.PLIgTd.ltrans0.ltrans.o
 *fill*         0x08003ea4        0xc 
 .text.chRegNextThread
                0x08003eb0      0x238 C:\Users\zerog\AppData\Local\Temp\APS_DIGITAL_CGG.elf.PLIgTd.ltrans0.ltrans.o
 *fill*         0x080040e8        0x8 
 .text.chEvtBroadcastFlagsI
                0x080040f0       0xa4 C:\Users\zerog\AppData\Local\Temp\APS_DIGITAL_CGG.elf.PLIgTd.ltrans0.ltrans.o
 *fill*         0x08004194        0xc 
 .text.sduDataTransmitted
                0x080041a0      0x154 C:\Users\zerog\AppData\Local\Temp\APS_DIGITAL_CGG.elf.PLIgTd.ltrans0.ltrans.o
 *fill*         0x080042f4        0xc 
 .text.chThdDequeueNextI.constprop.0
                0x08004300       0x30 C:\Users\zerog\AppData\Local\Temp\APS_DIGITAL_CGG.elf.PLIgTd.ltrans0.ltrans.o
 .text.sdu_start_receive.isra.0
                0x08004330       0x64 C:\Users\zerog\AppData\Local\Temp\APS_DIGITAL_CGG.elf.PLIgTd.ltrans0.ltrans.o
 *fill*         0x08004394        0xc 
 .text.ibnotify
                0x080043a0        0x8 C:\Users\zerog\AppData\Local\Temp\APS_DIGITAL_CGG.elf.PLIgTd.ltrans0.ltrans.o
 *fill*         0x080043a8        0x8 
 .text.sduDataReceived
                0x080043b0       0xec C:\Users\zerog\AppData\Local\Temp\APS_DIGITAL_CGG.elf.PLIgTd.ltrans0.ltrans.o
 *fill*         0x0800449c        0x4 
 .text.ibqReadTimeout
                0x080044a0      0x170 C:\Users\zerog\AppData\Local\Temp\APS_DIGITAL_CGG.elf.PLIgTd.ltrans0.ltrans.o
 .text._read    0x08004610        0xc C:\Users\zerog\AppData\Local\Temp\APS_DIGITAL_CGG.elf.PLIgTd.ltrans0.ltrans.o
 *fill*         0x0800461c        0x4 
 .text._readt   0x08004620        0x8 C:\Users\zerog\AppData\Local\Temp\APS_DIGITAL_CGG.elf.PLIgTd.ltrans0.ltrans.o
 *fill*         0x08004628        0x8 
 .text.obqWriteTimeout
                0x08004630      0x18c C:\Users\zerog\AppData\Local\Temp\APS_DIGITAL_CGG.elf.PLIgTd.ltrans0.ltrans.o
 *fill*         0x080047bc        0x4 
 .text._write   0x080047c0        0xc C:\Users\zerog\AppData\Local\Temp\APS_DIGITAL_CGG.elf.PLIgTd.ltrans0.ltrans.o
 *fill*         0x080047cc        0x4 
 .text._writet  0x080047d0        0x8 C:\Users\zerog\AppData\Local\Temp\APS_DIGITAL_CGG.elf.PLIgTd.ltrans0.ltrans.o
 *fill*         0x080047d8        0x8 
 .text.usbInitEndpointI
                0x080047e0       0x60 C:\Users\zerog\AppData\Local\Temp\APS_DIGITAL_CGG.elf.PLIgTd.ltrans0.ltrans.o
 .text.usb_event
                0x08004840      0x1f0 C:\Users\zerog\AppData\Local\Temp\APS_DIGITAL_CGG.elf.PLIgTd.ltrans0.ltrans.o
 .text.chprintf
                0x08004a30      0x5dc C:\Users\zerog\AppData\Local\Temp\APS_DIGITAL_CGG.elf.PLIgTd.ltrans0.ltrans.o
 *fill*         0x0800500c        0x4 
 .text.cmd_info
                0x08005010       0xbc C:\Users\zerog\AppData\Local\Temp\APS_DIGITAL_CGG.elf.PLIgTd.ltrans0.ltrans.o
 *fill*         0x080050cc        0x4 
 .text.cmd_echo
                0x080050d0       0x20 C:\Users\zerog\AppData\Local\Temp\APS_DIGITAL_CGG.elf.PLIgTd.ltrans0.ltrans.o
 .text.cmd_systime
                0x080050f0       0x24 C:\Users\zerog\AppData\Local\Temp\APS_DIGITAL_CGG.elf.PLIgTd.ltrans0.ltrans.o
 *fill*         0x08005114        0xc 
 .text.cmd_mem  0x08005120       0xa0 C:\Users\zerog\AppData\Local\Temp\APS_DIGITAL_CGG.elf.PLIgTd.ltrans0.ltrans.o
 .text.cmd_threads
                0x080051c0       0xe0 C:\Users\zerog\AppData\Local\Temp\APS_DIGITAL_CGG.elf.PLIgTd.ltrans0.ltrans.o
 .text.cmd_status
                0x080052a0       0x10 C:\Users\zerog\AppData\Local\Temp\APS_DIGITAL_CGG.elf.PLIgTd.ltrans0.ltrans.o
 .text.cmd_selftest
                0x080052b0       0x7c C:\Users\zerog\AppData\Local\Temp\APS_DIGITAL_CGG.elf.PLIgTd.ltrans0.ltrans.o
 *fill*         0x0800532c        0x4 
 .text.cmd_stop
                0x08005330        0xc C:\Users\zerog\AppData\Local\Temp\APS_DIGITAL_CGG.elf.PLIgTd.ltrans0.ltrans.o
 *fill*         0x0800533c        0x4 
 .text.cmd_reset
                0x08005340       0x34 C:\Users\zerog\AppData\Local\Temp\APS_DIGITAL_CGG.elf.PLIgTd.ltrans0.ltrans.o
 *fill*         0x08005374        0xc 
 .text.shellGetLine.constprop.0.isra.0
                0x08005380       0x8c C:\Users\zerog\AppData\Local\Temp\APS_DIGITAL_CGG.elf.PLIgTd.ltrans0.ltrans.o
 *fill*         0x0800540c        0x4 
 .text.parse_arguments
                0x08005410       0x58 C:\Users\zerog\AppData\Local\Temp\APS_DIGITAL_CGG.elf.PLIgTd.ltrans0.ltrans.o
 *fill*         0x08005468        0x8 
 .text.shellThread
                0x08005470      0x1e8 C:\Users\zerog\AppData\Local\Temp\APS_DIGITAL_CGG.elf.PLIgTd.ltrans0.ltrans.o
 *fill*         0x08005658        0x8 
 .text.dmaStreamAllocI.constprop.0
                0x08005660      0x104 C:\Users\zerog\AppData\Local\Temp\APS_DIGITAL_CGG.elf.PLIgTd.ltrans0.ltrans.o
 *fill*         0x08005764        0xc 
 .text.spiSend.isra.0
                0x08005770       0xf0 C:\Users\zerog\AppData\Local\Temp\APS_DIGITAL_CGG.elf.PLIgTd.ltrans0.ltrans.o
 .text.AD8460_SPIWriteRegister.constprop.0
                0x08005860       0x34 C:\Users\zerog\AppData\Local\Temp\APS_DIGITAL_CGG.elf.PLIgTd.ltrans0.ltrans.o
 *fill*         0x08005894        0xc 
 .text.Thread_DD
                0x080058a0      0x5a4 C:\Users\zerog\AppData\Local\Temp\APS_DIGITAL_CGG.elf.PLIgTd.ltrans0.ltrans.o
 *fill*         0x08005e44        0xc 
 .text.cmd_DD_test
                0x08005e50      0x5f8 C:\Users\zerog\AppData\Local\Temp\APS_DIGITAL_CGG.elf.PLIgTd.ltrans0.ltrans.o
 *fill*         0x08006448        0x8 
 .text.__cpu_init
                0x08006450        0x4 C:\Users\zerog\AppData\Local\Temp\APS_DIGITAL_CGG.elf.PLIgTd.ltrans0.ltrans.o
                0x08006450                __cpu_init
 *fill*         0x08006454        0xc 
 .text.__late_init
                0x08006460        0x4 C:\Users\zerog\AppData\Local\Temp\APS_DIGITAL_CGG.elf.PLIgTd.ltrans0.ltrans.o
                0x08006460                __late_init
 *fill*         0x08006464        0xc 
 .text.__default_exit
                0x08006470        0x4 C:\Users\zerog\AppData\Local\Temp\APS_DIGITAL_CGG.elf.PLIgTd.ltrans0.ltrans.o
                0x08006470                __default_exit
 *fill*         0x08006474        0xc 
 .text.__init_ram_areas
                0x08006480       0x6c C:\Users\zerog\AppData\Local\Temp\APS_DIGITAL_CGG.elf.PLIgTd.ltrans0.ltrans.o
                0x08006480                __init_ram_areas
 *fill*         0x080064ec        0x4 
 .text.__dbg_check_unlock
                0x080064f0       0x28 C:\Users\zerog\AppData\Local\Temp\APS_DIGITAL_CGG.elf.PLIgTd.ltrans0.ltrans.o
                0x080064f0                __dbg_check_unlock
 *fill*         0x08006518        0x8 
 .text.__stats_stop_measure_crit_thd
                0x08006520        0xc C:\Users\zerog\AppData\Local\Temp\APS_DIGITAL_CGG.elf.PLIgTd.ltrans0.ltrans.o
                0x08006520                __stats_stop_measure_crit_thd
 *fill*         0x0800652c        0x4 
 .text.chThdCreateFromHeap.constprop.0
                0x08006530      0x150 C:\Users\zerog\AppData\Local\Temp\APS_DIGITAL_CGG.elf.PLIgTd.ltrans0.ltrans.o
 .text.chThdCreateStatic.constprop.0.isra.0
                0x08006680      0x14c C:\Users\zerog\AppData\Local\Temp\APS_DIGITAL_CGG.elf.PLIgTd.ltrans0.ltrans.o
 *fill*         0x080067cc        0x4 
 .text.Vector58
                0x080067d0       0xf8 C:\Users\zerog\AppData\Local\Temp\APS_DIGITAL_CGG.elf.PLIgTd.ltrans0.ltrans.o
                0x080067d0                Vector58
 *fill*         0x080068c8        0x8 
 .text.Vector5C
                0x080068d0       0xfc C:\Users\zerog\AppData\Local\Temp\APS_DIGITAL_CGG.elf.PLIgTd.ltrans0.ltrans.o
                0x080068d0                Vector5C
 *fill*         0x080069cc        0x4 
 .text.Vector60
                0x080069d0       0xfc C:\Users\zerog\AppData\Local\Temp\APS_DIGITAL_CGG.elf.PLIgTd.ltrans0.ltrans.o
                0x080069d0                Vector60
 *fill*         0x08006acc        0x4 
 .text.Vector64
                0x08006ad0       0xfc C:\Users\zerog\AppData\Local\Temp\APS_DIGITAL_CGG.elf.PLIgTd.ltrans0.ltrans.o
                0x08006ad0                Vector64
 *fill*         0x08006bcc        0x4 
 .text.Vector68
                0x08006bd0       0xfc C:\Users\zerog\AppData\Local\Temp\APS_DIGITAL_CGG.elf.PLIgTd.ltrans0.ltrans.o
                0x08006bd0                Vector68
 *fill*         0x08006ccc        0x4 
 .text.Vector9C
                0x08006cd0      0x28c C:\Users\zerog\AppData\Local\Temp\APS_DIGITAL_CGG.elf.PLIgTd.ltrans0.ltrans.o
                0x08006cd0                Vector9C
 *fill*         0x08006f5c        0x4 
 .text.VectorE0
                0x08006f60      0x300 C:\Users\zerog\AppData\Local\Temp\APS_DIGITAL_CGG.elf.PLIgTd.ltrans0.ltrans.o
                0x08006f60                VectorE0
 .text.VectorD8
                0x08007260      0x37c C:\Users\zerog\AppData\Local\Temp\APS_DIGITAL_CGG.elf.PLIgTd.ltrans0.ltrans.o
                0x08007260                VectorD8
 *fill*         0x080075dc        0x4 
 .text.VectorB0
                0x080075e0      0x1ec C:\Users\zerog\AppData\Local\Temp\APS_DIGITAL_CGG.elf.PLIgTd.ltrans0.ltrans.o
                0x080075e0                VectorB0
 *fill*         0x080077cc        0x4 
 .text.VectorB8
                0x080077d0       0xb8 C:\Users\zerog\AppData\Local\Temp\APS_DIGITAL_CGG.elf.PLIgTd.ltrans0.ltrans.o
                0x080077d0                VectorB8
 *fill*         0x08007888        0x8 
 .text.Vector6C
                0x08007890       0x84 C:\Users\zerog\AppData\Local\Temp\APS_DIGITAL_CGG.elf.PLIgTd.ltrans0.ltrans.o
                0x08007890                Vector6C
 *fill*         0x08007914        0xc 
 .text.Vector70
                0x08007920       0x84 C:\Users\zerog\AppData\Local\Temp\APS_DIGITAL_CGG.elf.PLIgTd.ltrans0.ltrans.o
                0x08007920                Vector70
 *fill*         0x080079a4        0xc 
 .text.Vector74
                0x080079b0       0x84 C:\Users\zerog\AppData\Local\Temp\APS_DIGITAL_CGG.elf.PLIgTd.ltrans0.ltrans.o
                0x080079b0                Vector74
 *fill*         0x08007a34        0xc 
 .text.Vector78
                0x08007a40       0x84 C:\Users\zerog\AppData\Local\Temp\APS_DIGITAL_CGG.elf.PLIgTd.ltrans0.ltrans.o
                0x08007a40                Vector78
 *fill*         0x08007ac4        0xc 
 .text.Vector7C
                0x08007ad0       0x84 C:\Users\zerog\AppData\Local\Temp\APS_DIGITAL_CGG.elf.PLIgTd.ltrans0.ltrans.o
                0x08007ad0                Vector7C
 *fill*         0x08007b54        0xc 
 .text.Vector80
                0x08007b60       0x84 C:\Users\zerog\AppData\Local\Temp\APS_DIGITAL_CGG.elf.PLIgTd.ltrans0.ltrans.o
                0x08007b60                Vector80
 *fill*         0x08007be4        0xc 
 .text.Vector84
                0x08007bf0       0x84 C:\Users\zerog\AppData\Local\Temp\APS_DIGITAL_CGG.elf.PLIgTd.ltrans0.ltrans.o
                0x08007bf0                Vector84
 *fill*         0x08007c74        0xc 
 .text.Vector1C0
                0x08007c80       0x84 C:\Users\zerog\AppData\Local\Temp\APS_DIGITAL_CGG.elf.PLIgTd.ltrans0.ltrans.o
                0x08007c80                Vector1C0
 *fill*         0x08007d04        0xc 
 .text.Vector120
                0x08007d10       0x84 C:\Users\zerog\AppData\Local\Temp\APS_DIGITAL_CGG.elf.PLIgTd.ltrans0.ltrans.o
                0x08007d10                Vector120
 *fill*         0x08007d94        0xc 
 .text.Vector124
                0x08007da0       0x84 C:\Users\zerog\AppData\Local\Temp\APS_DIGITAL_CGG.elf.PLIgTd.ltrans0.ltrans.o
                0x08007da0                Vector124
 *fill*         0x08007e24        0xc 
 .text.Vector128
                0x08007e30       0x84 C:\Users\zerog\AppData\Local\Temp\APS_DIGITAL_CGG.elf.PLIgTd.ltrans0.ltrans.o
                0x08007e30                Vector128
 *fill*         0x08007eb4        0xc 
 .text.Vector12C
                0x08007ec0       0x84 C:\Users\zerog\AppData\Local\Temp\APS_DIGITAL_CGG.elf.PLIgTd.ltrans0.ltrans.o
                0x08007ec0                Vector12C
 *fill*         0x08007f44        0xc 
 .text.Vector130
                0x08007f50       0x84 C:\Users\zerog\AppData\Local\Temp\APS_DIGITAL_CGG.elf.PLIgTd.ltrans0.ltrans.o
                0x08007f50                Vector130
 *fill*         0x08007fd4        0xc 
 .text.Vector1C4
                0x08007fe0       0x84 C:\Users\zerog\AppData\Local\Temp\APS_DIGITAL_CGG.elf.PLIgTd.ltrans0.ltrans.o
                0x08007fe0                Vector1C4
 *fill*         0x08008064        0xc 
 .text.Vector1C8
                0x08008070       0x84 C:\Users\zerog\AppData\Local\Temp\APS_DIGITAL_CGG.elf.PLIgTd.ltrans0.ltrans.o
                0x08008070                Vector1C8
 *fill*         0x080080f4        0xc 
 .text.Vector1CC
                0x08008100       0x84 C:\Users\zerog\AppData\Local\Temp\APS_DIGITAL_CGG.elf.PLIgTd.ltrans0.ltrans.o
                0x08008100                Vector1CC
 *fill*         0x08008184        0xc 
 .text.Vector90
                0x08008190      0x39c C:\Users\zerog\AppData\Local\Temp\APS_DIGITAL_CGG.elf.PLIgTd.ltrans0.ltrans.o
                0x08008190                Vector90
 *fill*         0x0800852c        0x4 
 .text.__early_init
                0x08008530      0x268 C:\Users\zerog\AppData\Local\Temp\APS_DIGITAL_CGG.elf.PLIgTd.ltrans0.ltrans.o
                0x08008530                __early_init
 *fill*         0x08008798        0x8 
 .text.chThdExit
                0x080087a0       0x38 C:\Users\zerog\AppData\Local\Temp\APS_DIGITAL_CGG.elf.PLIgTd.ltrans0.ltrans.o
                0x080087a0                chThdExit
 *fill*         0x080087d8        0x8 
 .text.__port_schedule_next
                0x080087e0       0xa8 C:\Users\zerog\AppData\Local\Temp\APS_DIGITAL_CGG.elf.PLIgTd.ltrans0.ltrans.o
                0x080087e0                __port_schedule_next
 *fill*         0x08008888        0x8 
 .text._read_r  0x08008890        0xc C:\Users\zerog\AppData\Local\Temp\APS_DIGITAL_CGG.elf.PLIgTd.ltrans0.ltrans.o
                0x08008890                _read_r
 *fill*         0x0800889c        0x4 
 .text._lseek_r
                0x080088a0        0x4 C:\Users\zerog\AppData\Local\Temp\APS_DIGITAL_CGG.elf.PLIgTd.ltrans0.ltrans.o
                0x080088a0                _lseek_r
 *fill*         0x080088a4        0xc 
 .text._write_r
                0x080088b0        0x4 C:\Users\zerog\AppData\Local\Temp\APS_DIGITAL_CGG.elf.PLIgTd.ltrans0.ltrans.o
                0x080088b0                _write_r
 *fill*         0x080088b4        0xc 
 .text._close_r
                0x080088c0        0x4 C:\Users\zerog\AppData\Local\Temp\APS_DIGITAL_CGG.elf.PLIgTd.ltrans0.ltrans.o
                0x080088c0                _close_r
 *fill*         0x080088c4        0xc 
 .text._sbrk_r  0x080088d0       0x94 C:\Users\zerog\AppData\Local\Temp\APS_DIGITAL_CGG.elf.PLIgTd.ltrans0.ltrans.o
                0x080088d0                _sbrk_r
 *fill*         0x08008964        0xc 
 .text._fstat_r
                0x08008970       0x18 C:\Users\zerog\AppData\Local\Temp\APS_DIGITAL_CGG.elf.PLIgTd.ltrans0.ltrans.o
                0x08008970                _fstat_r
 *fill*         0x08008988        0x8 
 .text._isatty_r
                0x08008990        0x4 C:\Users\zerog\AppData\Local\Temp\APS_DIGITAL_CGG.elf.PLIgTd.ltrans0.ltrans.o
                0x08008990                _isatty_r
 *fill*         0x08008994        0xc 
 .text._exit    0x080089a0        0xc C:\Users\zerog\AppData\Local\Temp\APS_DIGITAL_CGG.elf.PLIgTd.ltrans0.ltrans.o
                0x080089a0                _exit
 *fill*         0x080089ac        0x4 
 .text._kill    0x080089b0        0xc C:\Users\zerog\AppData\Local\Temp\APS_DIGITAL_CGG.elf.PLIgTd.ltrans0.ltrans.o
                0x080089b0                _kill
 *fill*         0x080089bc        0x4 
 .text._getpid  0x080089c0        0x4 C:\Users\zerog\AppData\Local\Temp\APS_DIGITAL_CGG.elf.PLIgTd.ltrans0.ltrans.o
                0x080089c0                _getpid
 *fill*         0x080089c4        0xc 
 .text.startup.main
                0x080089d0      0xcd8 C:\Users\zerog\AppData\Local\Temp\APS_DIGITAL_CGG.elf.PLIgTd.ltrans0.ltrans.o
                0x080089d0                main
 .text.round    0x080096a8       0x94 c:/chibistudio/tools/gnu tools arm embedded/10.3 2021.07/bin/../lib/gcc/arm-none-eabi/10.3.1/../../../../arm-none-eabi/lib/thumb/v7e-m/nofp\libm.a(lib_a-s_round.o)
                0x080096a8                round
 .text.exp2     0x0800973c       0x10 c:/chibistudio/tools/gnu tools arm embedded/10.3 2021.07/bin/../lib/gcc/arm-none-eabi/10.3.1/../../../../arm-none-eabi/lib/thumb/v7e-m/nofp\libm.a(lib_a-w_exp2.o)
                0x0800973c                exp2
 .text.log      0x0800974c       0x68 c:/chibistudio/tools/gnu tools arm embedded/10.3 2021.07/bin/../lib/gcc/arm-none-eabi/10.3.1/../../../../arm-none-eabi/lib/thumb/v7e-m/nofp\libm.a(lib_a-w_log.o)
                0x0800974c                log
 .text.pow      0x080097b4       0xdc c:/chibistudio/tools/gnu tools arm embedded/10.3 2021.07/bin/../lib/gcc/arm-none-eabi/10.3.1/../../../../arm-none-eabi/lib/thumb/v7e-m/nofp\libm.a(lib_a-w_pow.o)
                0x080097b4                pow
 .text.__ieee754_log
                0x08009890      0x400 c:/chibistudio/tools/gnu tools arm embedded/10.3 2021.07/bin/../lib/gcc/arm-none-eabi/10.3.1/../../../../arm-none-eabi/lib/thumb/v7e-m/nofp\libm.a(lib_a-e_log.o)
                0x08009890                __ieee754_log
 .text.__ieee754_pow
                0x08009c90      0xad8 c:/chibistudio/tools/gnu tools arm embedded/10.3 2021.07/bin/../lib/gcc/arm-none-eabi/10.3.1/../../../../arm-none-eabi/lib/thumb/v7e-m/nofp\libm.a(lib_a-e_pow.o)
                0x08009c90                __ieee754_pow
 .text.__ieee754_sqrt
                0x0800a768      0x18c c:/chibistudio/tools/gnu tools arm embedded/10.3 2021.07/bin/../lib/gcc/arm-none-eabi/10.3.1/../../../../arm-none-eabi/lib/thumb/v7e-m/nofp\libm.a(lib_a-e_sqrt.o)
                0x0800a768                __ieee754_sqrt
 .text.with_errno
                0x0800a8f4       0x18 c:/chibistudio/tools/gnu tools arm embedded/10.3 2021.07/bin/../lib/gcc/arm-none-eabi/10.3.1/../../../../arm-none-eabi/lib/thumb/v7e-m/nofp\libm.a(lib_a-math_err.o)
 .text.xflow    0x0800a90c       0x30 c:/chibistudio/tools/gnu tools arm embedded/10.3 2021.07/bin/../lib/gcc/arm-none-eabi/10.3.1/../../../../arm-none-eabi/lib/thumb/v7e-m/nofp\libm.a(lib_a-math_err.o)
 .text.__math_uflow
                0x0800a93c        0xc c:/chibistudio/tools/gnu tools arm embedded/10.3 2021.07/bin/../lib/gcc/arm-none-eabi/10.3.1/../../../../arm-none-eabi/lib/thumb/v7e-m/nofp\libm.a(lib_a-math_err.o)
                0x0800a93c                __math_uflow
 .text.__math_oflow
                0x0800a948        0xc c:/chibistudio/tools/gnu tools arm embedded/10.3 2021.07/bin/../lib/gcc/arm-none-eabi/10.3.1/../../../../arm-none-eabi/lib/thumb/v7e-m/nofp\libm.a(lib_a-math_err.o)
                0x0800a948                __math_oflow
 .text.fabs     0x0800a954        0x8 c:/chibistudio/tools/gnu tools arm embedded/10.3 2021.07/bin/../lib/gcc/arm-none-eabi/10.3.1/../../../../arm-none-eabi/lib/thumb/v7e-m/nofp\libm.a(lib_a-s_fabs.o)
                0x0800a954                fabs
 .text.finite   0x0800a95c        0xc c:/chibistudio/tools/gnu tools arm embedded/10.3 2021.07/bin/../lib/gcc/arm-none-eabi/10.3.1/../../../../arm-none-eabi/lib/thumb/v7e-m/nofp\libm.a(lib_a-s_finite.o)
                0x0800a95c                finite
 .text.nan      0x0800a968        0xc c:/chibistudio/tools/gnu tools arm embedded/10.3 2021.07/bin/../lib/gcc/arm-none-eabi/10.3.1/../../../../arm-none-eabi/lib/thumb/v7e-m/nofp\libm.a(lib_a-s_nan.o)
                0x0800a968                nan
 *fill*         0x0800a974        0x4 
 .text.scalbn   0x0800a978       0xf4 c:/chibistudio/tools/gnu tools arm embedded/10.3 2021.07/bin/../lib/gcc/arm-none-eabi/10.3.1/../../../../arm-none-eabi/lib/thumb/v7e-m/nofp\libm.a(lib_a-s_scalbn.o)
                0x0800a978                scalbn
 .text.__errno  0x0800aa6c        0xc c:/chibistudio/tools/gnu tools arm embedded/10.3 2021.07/bin/../lib/gcc/arm-none-eabi/10.3.1/../../../../arm-none-eabi/lib/thumb/v7e-m/nofp\libg.a(lib_a-errno.o)
                0x0800aa6c                __errno
 .text._strtod_l
                0x0800aa78      0xf30 c:/chibistudio/tools/gnu tools arm embedded/10.3 2021.07/bin/../lib/gcc/arm-none-eabi/10.3.1/../../../../arm-none-eabi/lib/thumb/v7e-m/nofp\libg.a(lib_a-strtod.o)
                0x0800aa78                _strtod_l
 .text.strtof   0x0800b9a8       0xa0 c:/chibistudio/tools/gnu tools arm embedded/10.3 2021.07/bin/../lib/gcc/arm-none-eabi/10.3.1/../../../../arm-none-eabi/lib/thumb/v7e-m/nofp\libg.a(lib_a-strtod.o)
                0x0800b9a8                strtof
 .text.rshift   0x0800ba48       0xa4 c:/chibistudio/tools/gnu tools arm embedded/10.3 2021.07/bin/../lib/gcc/arm-none-eabi/10.3.1/../../../../arm-none-eabi/lib/thumb/v7e-m/nofp\libg.a(lib_a-gdtoa-gethex.o)
 .text.__gethex
                0x0800baec      0x5bc c:/chibistudio/tools/gnu tools arm embedded/10.3 2021.07/bin/../lib/gcc/arm-none-eabi/10.3.1/../../../../arm-none-eabi/lib/thumb/v7e-m/nofp\libg.a(lib_a-gdtoa-gethex.o)
                0x0800baec                __gethex
 .text.__match  0x0800c0a8       0x34 c:/chibistudio/tools/gnu tools arm embedded/10.3 2021.07/bin/../lib/gcc/arm-none-eabi/10.3.1/../../../../arm-none-eabi/lib/thumb/v7e-m/nofp\libg.a(lib_a-gdtoa-hexnan.o)
                0x0800c0a8                __match
 .text.__hexnan
                0x0800c0dc      0x1ac c:/chibistudio/tools/gnu tools arm embedded/10.3 2021.07/bin/../lib/gcc/arm-none-eabi/10.3.1/../../../../arm-none-eabi/lib/thumb/v7e-m/nofp\libg.a(lib_a-gdtoa-hexnan.o)
                0x0800c0dc                __hexnan
 .text.__locale_mb_cur_max
                0x0800c288        0xc c:/chibistudio/tools/gnu tools arm embedded/10.3 2021.07/bin/../lib/gcc/arm-none-eabi/10.3.1/../../../../arm-none-eabi/lib/thumb/v7e-m/nofp\libg.a(lib_a-locale.o)
                0x0800c288                __locale_mb_cur_max
 .text.__ascii_mbtowc
                0x0800c294       0x2c c:/chibistudio/tools/gnu tools arm embedded/10.3 2021.07/bin/../lib/gcc/arm-none-eabi/10.3.1/../../../../arm-none-eabi/lib/thumb/v7e-m/nofp\libg.a(lib_a-mbtowc_r.o)
                0x0800c294                __ascii_mbtowc
 .text._Balloc  0x0800c2c0       0x4c c:/chibistudio/tools/gnu tools arm embedded/10.3 2021.07/bin/../lib/gcc/arm-none-eabi/10.3.1/../../../../arm-none-eabi/lib/thumb/v7e-m/nofp\libg.a(lib_a-mprec.o)
                0x0800c2c0                _Balloc
 .text._Bfree   0x0800c30c       0x14 c:/chibistudio/tools/gnu tools arm embedded/10.3 2021.07/bin/../lib/gcc/arm-none-eabi/10.3.1/../../../../arm-none-eabi/lib/thumb/v7e-m/nofp\libg.a(lib_a-mprec.o)
                0x0800c30c                _Bfree
 .text.__multadd
                0x0800c320       0xa0 c:/chibistudio/tools/gnu tools arm embedded/10.3 2021.07/bin/../lib/gcc/arm-none-eabi/10.3.1/../../../../arm-none-eabi/lib/thumb/v7e-m/nofp\libg.a(lib_a-mprec.o)
                0x0800c320                __multadd
 .text.__s2b    0x0800c3c0       0xb4 c:/chibistudio/tools/gnu tools arm embedded/10.3 2021.07/bin/../lib/gcc/arm-none-eabi/10.3.1/../../../../arm-none-eabi/lib/thumb/v7e-m/nofp\libg.a(lib_a-mprec.o)
                0x0800c3c0                __s2b
 .text.__hi0bits
                0x0800c474       0x40 c:/chibistudio/tools/gnu tools arm embedded/10.3 2021.07/bin/../lib/gcc/arm-none-eabi/10.3.1/../../../../arm-none-eabi/lib/thumb/v7e-m/nofp\libg.a(lib_a-mprec.o)
                0x0800c474                __hi0bits
 .text.__lo0bits
                0x0800c4b4       0x5c c:/chibistudio/tools/gnu tools arm embedded/10.3 2021.07/bin/../lib/gcc/arm-none-eabi/10.3.1/../../../../arm-none-eabi/lib/thumb/v7e-m/nofp\libg.a(lib_a-mprec.o)
                0x0800c4b4                __lo0bits
 .text.__i2b    0x0800c510       0x5c c:/chibistudio/tools/gnu tools arm embedded/10.3 2021.07/bin/../lib/gcc/arm-none-eabi/10.3.1/../../../../arm-none-eabi/lib/thumb/v7e-m/nofp\libg.a(lib_a-mprec.o)
                0x0800c510                __i2b
 .text.__multiply
                0x0800c56c      0x15c c:/chibistudio/tools/gnu tools arm embedded/10.3 2021.07/bin/../lib/gcc/arm-none-eabi/10.3.1/../../../../arm-none-eabi/lib/thumb/v7e-m/nofp\libg.a(lib_a-mprec.o)
                0x0800c56c                __multiply
 .text.__pow5mult
                0x0800c6c8       0xc0 c:/chibistudio/tools/gnu tools arm embedded/10.3 2021.07/bin/../lib/gcc/arm-none-eabi/10.3.1/../../../../arm-none-eabi/lib/thumb/v7e-m/nofp\libg.a(lib_a-mprec.o)
                0x0800c6c8                __pow5mult
 .text.__lshift
                0x0800c788       0xf0 c:/chibistudio/tools/gnu tools arm embedded/10.3 2021.07/bin/../lib/gcc/arm-none-eabi/10.3.1/../../../../arm-none-eabi/lib/thumb/v7e-m/nofp\libg.a(lib_a-mprec.o)
                0x0800c788                __lshift
 .text.__mcmp   0x0800c878       0x40 c:/chibistudio/tools/gnu tools arm embedded/10.3 2021.07/bin/../lib/gcc/arm-none-eabi/10.3.1/../../../../arm-none-eabi/lib/thumb/v7e-m/nofp\libg.a(lib_a-mprec.o)
                0x0800c878                __mcmp
 .text.__mdiff  0x0800c8b8      0x14c c:/chibistudio/tools/gnu tools arm embedded/10.3 2021.07/bin/../lib/gcc/arm-none-eabi/10.3.1/../../../../arm-none-eabi/lib/thumb/v7e-m/nofp\libg.a(lib_a-mprec.o)
                0x0800c8b8                __mdiff
 .text.__ulp    0x0800ca04       0x44 c:/chibistudio/tools/gnu tools arm embedded/10.3 2021.07/bin/../lib/gcc/arm-none-eabi/10.3.1/../../../../arm-none-eabi/lib/thumb/v7e-m/nofp\libg.a(lib_a-mprec.o)
                0x0800ca04                __ulp
 .text.__b2d    0x0800ca48       0xd0 c:/chibistudio/tools/gnu tools arm embedded/10.3 2021.07/bin/../lib/gcc/arm-none-eabi/10.3.1/../../../../arm-none-eabi/lib/thumb/v7e-m/nofp\libg.a(lib_a-mprec.o)
                0x0800ca48                __b2d
 .text.__d2b    0x0800cb18       0xc4 c:/chibistudio/tools/gnu tools arm embedded/10.3 2021.07/bin/../lib/gcc/arm-none-eabi/10.3.1/../../../../arm-none-eabi/lib/thumb/v7e-m/nofp\libg.a(lib_a-mprec.o)
                0x0800cb18                __d2b
 .text.__ratio  0x0800cbdc       0x5c c:/chibistudio/tools/gnu tools arm embedded/10.3 2021.07/bin/../lib/gcc/arm-none-eabi/10.3.1/../../../../arm-none-eabi/lib/thumb/v7e-m/nofp\libg.a(lib_a-mprec.o)
                0x0800cbdc                __ratio
 .text.__copybits
                0x0800cc38       0x5c c:/chibistudio/tools/gnu tools arm embedded/10.3 2021.07/bin/../lib/gcc/arm-none-eabi/10.3.1/../../../../arm-none-eabi/lib/thumb/v7e-m/nofp\libg.a(lib_a-mprec.o)
                0x0800cc38                __copybits
 .text.__any_on
                0x0800cc94       0x60 c:/chibistudio/tools/gnu tools arm embedded/10.3 2021.07/bin/../lib/gcc/arm-none-eabi/10.3.1/../../../../arm-none-eabi/lib/thumb/v7e-m/nofp\libg.a(lib_a-mprec.o)
                0x0800cc94                __any_on
 .text.nanf     0x0800ccf4        0x8 c:/chibistudio/tools/gnu tools arm embedded/10.3 2021.07/bin/../lib/gcc/arm-none-eabi/10.3.1/../../../../arm-none-eabi/lib/thumb/v7e-m/nofp\libg.a(lib_a-sf_nan.o)
                0x0800ccf4                nanf
 .text.strncmp  0x0800ccfc       0x80 c:/chibistudio/tools/gnu tools arm embedded/10.3 2021.07/bin/../lib/gcc/arm-none-eabi/10.3.1/../../../../arm-none-eabi/lib/thumb/v7e-m/nofp\libg.a(lib_a-strncmp.o)
                0x0800ccfc                strncmp
 .text.__ascii_wctomb
                0x0800cd7c       0x1c c:/chibistudio/tools/gnu tools arm embedded/10.3 2021.07/bin/../lib/gcc/arm-none-eabi/10.3.1/../../../../arm-none-eabi/lib/thumb/v7e-m/nofp\libg.a(lib_a-wctomb_r.o)
                0x0800cd7c                __ascii_wctomb
 .text.__assert_func
                0x0800cd98       0x40 c:/chibistudio/tools/gnu tools arm embedded/10.3 2021.07/bin/../lib/gcc/arm-none-eabi/10.3.1/../../../../arm-none-eabi/lib/thumb/v7e-m/nofp\libg.a(lib_a-assert.o)
                0x0800cd98                __assert_func
 .text._calloc_r
                0x0800cdd8       0x78 c:/chibistudio/tools/gnu tools arm embedded/10.3 2021.07/bin/../lib/gcc/arm-none-eabi/10.3.1/../../../../arm-none-eabi/lib/thumb/v7e-m/nofp\libg.a(lib_a-callocr.o)
                0x0800cdd8                _calloc_r
 .text.fiprintf
                0x0800ce50       0x28 c:/chibistudio/tools/gnu tools arm embedded/10.3 2021.07/bin/../lib/gcc/arm-none-eabi/10.3.1/../../../../arm-none-eabi/lib/thumb/v7e-m/nofp\libg.a(lib_a-fiprintf.o)
                0x0800ce50                fiprintf
 .text._malloc_r
                0x0800ce78      0x560 c:/chibistudio/tools/gnu tools arm embedded/10.3 2021.07/bin/../lib/gcc/arm-none-eabi/10.3.1/../../../../arm-none-eabi/lib/thumb/v7e-m/nofp\libg.a(lib_a-mallocr.o)
                0x0800ce78                _malloc_r
 .text.memset   0x0800d3d8       0xa4 c:/chibistudio/tools/gnu tools arm embedded/10.3 2021.07/bin/../lib/gcc/arm-none-eabi/10.3.1/../../../../arm-none-eabi/lib/thumb/v7e-m/nofp\libg.a(lib_a-memset.o)
                0x0800d3d8                memset
 .text.__malloc_lock
                0x0800d47c        0xc c:/chibistudio/tools/gnu tools arm embedded/10.3 2021.07/bin/../lib/gcc/arm-none-eabi/10.3.1/../../../../arm-none-eabi/lib/thumb/v7e-m/nofp\libg.a(lib_a-mlock.o)
                0x0800d47c                __malloc_lock
 .text.__malloc_unlock
                0x0800d488        0xc c:/chibistudio/tools/gnu tools arm embedded/10.3 2021.07/bin/../lib/gcc/arm-none-eabi/10.3.1/../../../../arm-none-eabi/lib/thumb/v7e-m/nofp\libg.a(lib_a-mlock.o)
                0x0800d488                __malloc_unlock
 .text.__sprint_r.part.0
                0x0800d494       0x78 c:/chibistudio/tools/gnu tools arm embedded/10.3 2021.07/bin/../lib/gcc/arm-none-eabi/10.3.1/../../../../arm-none-eabi/lib/thumb/v7e-m/nofp\libg.a(lib_a-vfiprintf.o)
 .text._vfiprintf_r
                0x0800d50c      0xda0 c:/chibistudio/tools/gnu tools arm embedded/10.3 2021.07/bin/../lib/gcc/arm-none-eabi/10.3.1/../../../../arm-none-eabi/lib/thumb/v7e-m/nofp\libg.a(lib_a-vfiprintf.o)
                0x0800d50c                _vfiprintf_r
 .text.__sbprintf
                0x0800e2ac       0x80 c:/chibistudio/tools/gnu tools arm embedded/10.3 2021.07/bin/../lib/gcc/arm-none-eabi/10.3.1/../../../../arm-none-eabi/lib/thumb/v7e-m/nofp\libg.a(lib_a-vfiprintf.o)
 .text.__swsetup_r
                0x0800e32c       0xd4 c:/chibistudio/tools/gnu tools arm embedded/10.3 2021.07/bin/../lib/gcc/arm-none-eabi/10.3.1/../../../../arm-none-eabi/lib/thumb/v7e-m/nofp\libg.a(lib_a-wsetup.o)
                0x0800e32c                __swsetup_r
 .text.abort    0x0800e400       0x10 c:/chibistudio/tools/gnu tools arm embedded/10.3 2021.07/bin/../lib/gcc/arm-none-eabi/10.3.1/../../../../arm-none-eabi/lib/thumb/v7e-m/nofp\libg.a(lib_a-abort.o)
                0x0800e400                abort
 .text.__sflush_r
                0x0800e410      0x120 c:/chibistudio/tools/gnu tools arm embedded/10.3 2021.07/bin/../lib/gcc/arm-none-eabi/10.3.1/../../../../arm-none-eabi/lib/thumb/v7e-m/nofp\libg.a(lib_a-fflush.o)
                0x0800e410                __sflush_r
 .text._fflush_r
                0x0800e530       0x5c c:/chibistudio/tools/gnu tools arm embedded/10.3 2021.07/bin/../lib/gcc/arm-none-eabi/10.3.1/../../../../arm-none-eabi/lib/thumb/v7e-m/nofp\libg.a(lib_a-fflush.o)
                0x0800e530                _fflush_r
 .text._cleanup_r
                0x0800e58c        0xc c:/chibistudio/tools/gnu tools arm embedded/10.3 2021.07/bin/../lib/gcc/arm-none-eabi/10.3.1/../../../../arm-none-eabi/lib/thumb/v7e-m/nofp\libg.a(lib_a-findfp.o)
                0x0800e58c                _cleanup_r
 .text.__sinit  0x0800e598      0x10c c:/chibistudio/tools/gnu tools arm embedded/10.3 2021.07/bin/../lib/gcc/arm-none-eabi/10.3.1/../../../../arm-none-eabi/lib/thumb/v7e-m/nofp\libg.a(lib_a-findfp.o)
                0x0800e598                __sinit
 .text.__sfp_lock_acquire
                0x0800e6a4        0xc c:/chibistudio/tools/gnu tools arm embedded/10.3 2021.07/bin/../lib/gcc/arm-none-eabi/10.3.1/../../../../arm-none-eabi/lib/thumb/v7e-m/nofp\libg.a(lib_a-findfp.o)
                0x0800e6a4                __sfp_lock_acquire
 .text.__sfp_lock_release
                0x0800e6b0        0xc c:/chibistudio/tools/gnu tools arm embedded/10.3 2021.07/bin/../lib/gcc/arm-none-eabi/10.3.1/../../../../arm-none-eabi/lib/thumb/v7e-m/nofp\libg.a(lib_a-findfp.o)
                0x0800e6b0                __sfp_lock_release
 .text.__fputwc
                0x0800e6bc       0xa8 c:/chibistudio/tools/gnu tools arm embedded/10.3 2021.07/bin/../lib/gcc/arm-none-eabi/10.3.1/../../../../arm-none-eabi/lib/thumb/v7e-m/nofp\libg.a(lib_a-fputwc.o)
                0x0800e6bc                __fputwc
 .text._fputwc_r
                0x0800e764       0x68 c:/chibistudio/tools/gnu tools arm embedded/10.3 2021.07/bin/../lib/gcc/arm-none-eabi/10.3.1/../../../../arm-none-eabi/lib/thumb/v7e-m/nofp\libg.a(lib_a-fputwc.o)
                0x0800e764                _fputwc_r
 .text._malloc_trim_r
                0x0800e7cc       0xa0 c:/chibistudio/tools/gnu tools arm embedded/10.3 2021.07/bin/../lib/gcc/arm-none-eabi/10.3.1/../../../../arm-none-eabi/lib/thumb/v7e-m/nofp\libg.a(lib_a-freer.o)
                0x0800e7cc                _malloc_trim_r
 .text._free_r  0x0800e86c      0x20c c:/chibistudio/tools/gnu tools arm embedded/10.3 2021.07/bin/../lib/gcc/arm-none-eabi/10.3.1/../../../../arm-none-eabi/lib/thumb/v7e-m/nofp\libg.a(lib_a-freer.o)
                0x0800e86c                _free_r
 .text.__sfvwrite_r
                0x0800ea78      0x2e8 c:/chibistudio/tools/gnu tools arm embedded/10.3 2021.07/bin/../lib/gcc/arm-none-eabi/10.3.1/../../../../arm-none-eabi/lib/thumb/v7e-m/nofp\libg.a(lib_a-fvwrite.o)
                0x0800ea78                __sfvwrite_r
 .text._fwalk_reent
                0x0800ed60       0x48 c:/chibistudio/tools/gnu tools arm embedded/10.3 2021.07/bin/../lib/gcc/arm-none-eabi/10.3.1/../../../../arm-none-eabi/lib/thumb/v7e-m/nofp\libg.a(lib_a-fwalk.o)
                0x0800ed60                _fwalk_reent
 .text._localeconv_r
                0x0800eda8        0x8 c:/chibistudio/tools/gnu tools arm embedded/10.3 2021.07/bin/../lib/gcc/arm-none-eabi/10.3.1/../../../../arm-none-eabi/lib/thumb/v7e-m/nofp\libg.a(lib_a-localeconv.o)
                0x0800eda8                _localeconv_r
 .text.__retarget_lock_init_recursive
                0x0800edb0        0x4 c:/chibistudio/tools/gnu tools arm embedded/10.3 2021.07/bin/../lib/gcc/arm-none-eabi/10.3.1/../../../../arm-none-eabi/lib/thumb/v7e-m/nofp\libg.a(lib_a-lock.o)
                0x0800edb0                __retarget_lock_init_recursive
 .text.__retarget_lock_close_recursive
                0x0800edb4        0x4 c:/chibistudio/tools/gnu tools arm embedded/10.3 2021.07/bin/../lib/gcc/arm-none-eabi/10.3.1/../../../../arm-none-eabi/lib/thumb/v7e-m/nofp\libg.a(lib_a-lock.o)
                0x0800edb4                __retarget_lock_close_recursive
 .text.__retarget_lock_acquire_recursive
                0x0800edb8        0x4 c:/chibistudio/tools/gnu tools arm embedded/10.3 2021.07/bin/../lib/gcc/arm-none-eabi/10.3.1/../../../../arm-none-eabi/lib/thumb/v7e-m/nofp\libg.a(lib_a-lock.o)
                0x0800edb8                __retarget_lock_acquire_recursive
 .text.__retarget_lock_release_recursive
                0x0800edbc        0x4 c:/chibistudio/tools/gnu tools arm embedded/10.3 2021.07/bin/../lib/gcc/arm-none-eabi/10.3.1/../../../../arm-none-eabi/lib/thumb/v7e-m/nofp\libg.a(lib_a-lock.o)
                0x0800edbc                __retarget_lock_release_recursive
 .text.__smakebuf_r
                0x0800edc0       0xe0 c:/chibistudio/tools/gnu tools arm embedded/10.3 2021.07/bin/../lib/gcc/arm-none-eabi/10.3.1/../../../../arm-none-eabi/lib/thumb/v7e-m/nofp\libg.a(lib_a-makebuf.o)
                0x0800edc0                __smakebuf_r
 .text.memmove  0x0800eea0       0xf8 c:/chibistudio/tools/gnu tools arm embedded/10.3 2021.07/bin/../lib/gcc/arm-none-eabi/10.3.1/../../../../arm-none-eabi/lib/thumb/v7e-m/nofp\libg.a(lib_a-memmove.o)
                0x0800eea0                memmove
 .text._realloc_r
                0x0800ef98      0x3d8 c:/chibistudio/tools/gnu tools arm embedded/10.3 2021.07/bin/../lib/gcc/arm-none-eabi/10.3.1/../../../../arm-none-eabi/lib/thumb/v7e-m/nofp\libg.a(lib_a-reallocr.o)
                0x0800ef98                _realloc_r
 .text.raise    0x0800f370       0x5c c:/chibistudio/tools/gnu tools arm embedded/10.3 2021.07/bin/../lib/gcc/arm-none-eabi/10.3.1/../../../../arm-none-eabi/lib/thumb/v7e-m/nofp\libg.a(lib_a-signal.o)
                0x0800f370                raise
 .text._kill_r  0x0800f3cc       0x2c c:/chibistudio/tools/gnu tools arm embedded/10.3 2021.07/bin/../lib/gcc/arm-none-eabi/10.3.1/../../../../arm-none-eabi/lib/thumb/v7e-m/nofp\libg.a(lib_a-signalr.o)
                0x0800f3cc                _kill_r
 .text._getpid_r
                0x0800f3f8        0x4 c:/chibistudio/tools/gnu tools arm embedded/10.3 2021.07/bin/../lib/gcc/arm-none-eabi/10.3.1/../../../../arm-none-eabi/lib/thumb/v7e-m/nofp\libg.a(lib_a-signalr.o)
                0x0800f3f8                _getpid_r
 .text.__sread  0x0800f3fc       0x24 c:/chibistudio/tools/gnu tools arm embedded/10.3 2021.07/bin/../lib/gcc/arm-none-eabi/10.3.1/../../../../arm-none-eabi/lib/thumb/v7e-m/nofp\libg.a(lib_a-stdio.o)
                0x0800f3fc                __sread
 .text.__swrite
                0x0800f420       0x40 c:/chibistudio/tools/gnu tools arm embedded/10.3 2021.07/bin/../lib/gcc/arm-none-eabi/10.3.1/../../../../arm-none-eabi/lib/thumb/v7e-m/nofp\libg.a(lib_a-stdio.o)
                0x0800f420                __swrite
 .text.__sseek  0x0800f460       0x20 c:/chibistudio/tools/gnu tools arm embedded/10.3 2021.07/bin/../lib/gcc/arm-none-eabi/10.3.1/../../../../arm-none-eabi/lib/thumb/v7e-m/nofp\libg.a(lib_a-stdio.o)
                0x0800f460                __sseek
 .text.__sclose
                0x0800f480        0x8 c:/chibistudio/tools/gnu tools arm embedded/10.3 2021.07/bin/../lib/gcc/arm-none-eabi/10.3.1/../../../../arm-none-eabi/lib/thumb/v7e-m/nofp\libg.a(lib_a-stdio.o)
                0x0800f480                __sclose
 .text.strncpy  0x0800f488       0x64 c:/chibistudio/tools/gnu tools arm embedded/10.3 2021.07/bin/../lib/gcc/arm-none-eabi/10.3.1/../../../../arm-none-eabi/lib/thumb/v7e-m/nofp\libg.a(lib_a-strncpy.o)
                0x0800f488                strncpy
 .text.__swbuf_r
                0x0800f4ec       0xb0 c:/chibistudio/tools/gnu tools arm embedded/10.3 2021.07/bin/../lib/gcc/arm-none-eabi/10.3.1/../../../../arm-none-eabi/lib/thumb/v7e-m/nofp\libg.a(lib_a-wbuf.o)
                0x0800f4ec                __swbuf_r
 .text._wcrtomb_r
                0x0800f59c       0x3c c:/chibistudio/tools/gnu tools arm embedded/10.3 2021.07/bin/../lib/gcc/arm-none-eabi/10.3.1/../../../../arm-none-eabi/lib/thumb/v7e-m/nofp\libg.a(lib_a-wcrtomb.o)
                0x0800f59c                _wcrtomb_r
 .text._fclose_r
                0x0800f5d8       0xcc c:/chibistudio/tools/gnu tools arm embedded/10.3 2021.07/bin/../lib/gcc/arm-none-eabi/10.3.1/../../../../arm-none-eabi/lib/thumb/v7e-m/nofp\libg.a(lib_a-fclose.o)
                0x0800f5d8                _fclose_r
 .text.strcasecmp
                0x0800f6a4       0x4c c:/chibistudio/tools/gnu tools arm embedded/10.3 2021.07/bin/../lib/gcc/arm-none-eabi/10.3.1/../../../../arm-none-eabi/lib/thumb/v7e-m/nofp\libg.a(lib_a-strcasecmp.o)
                0x0800f6a4                strcasecmp
 .text.strchr   0x0800f6f0       0xcc c:/chibistudio/tools/gnu tools arm embedded/10.3 2021.07/bin/../lib/gcc/arm-none-eabi/10.3.1/../../../../arm-none-eabi/lib/thumb/v7e-m/nofp\libg.a(lib_a-strchr.o)
                0x0800f6f0                strchr
 .text.strpbrk  0x0800f7bc       0x38 c:/chibistudio/tools/gnu tools arm embedded/10.3 2021.07/bin/../lib/gcc/arm-none-eabi/10.3.1/../../../../arm-none-eabi/lib/thumb/v7e-m/nofp\libg.a(lib_a-strpbrk.o)
                0x0800f7bc                strpbrk
 .text.strspn   0x0800f7f4       0x30 c:/chibistudio/tools/gnu tools arm embedded/10.3 2021.07/bin/../lib/gcc/arm-none-eabi/10.3.1/../../../../arm-none-eabi/lib/thumb/v7e-m/nofp\libg.a(lib_a-strspn.o)
                0x0800f7f4                strspn
 *(.glue_7t)
 .glue_7t       0x0800f824        0x0 linker stubs
 *(.glue_7)
 .glue_7        0x0800f824        0x0 linker stubs
 *(.gcc*)
                0x0800f824                __text_end__ = .

.vfp11_veneer   0x0800f824        0x0
 .vfp11_veneer  0x0800f824        0x0 linker stubs

.v4_bx          0x0800f824        0x0
 .v4_bx         0x0800f824        0x0 linker stubs

.iplt           0x0800f824        0x0
 .iplt          0x0800f824        0x0 ./build/obj/crt0_v7m.o

.rodata         0x0800f828     0x1874
                0x0800f828                __rodata_base__ = .
 *(.rodata)
 .rodata        0x0800f828       0x18 C:\Users\zerog\AppData\Local\Temp\APS_DIGITAL_CGG.elf.PLIgTd.ltrans0.ltrans.o
 *(.rodata.*)
 .rodata.ibqReleaseEmptyBufferS.str1.4
                0x0800f840        0x6 C:\Users\zerog\AppData\Local\Temp\APS_DIGITAL_CGG.elf.PLIgTd.ltrans0.ltrans.o
 *fill*         0x0800f846        0x2 
 .rodata.__dbg_check_lock.str1.4
                0x0800f848        0x5 C:\Users\zerog\AppData\Local\Temp\APS_DIGITAL_CGG.elf.PLIgTd.ltrans0.ltrans.o
 *fill*         0x0800f84d        0x3 
 .rodata.chDbgCheckClassI.str1.4
                0x0800f850        0x6 C:\Users\zerog\AppData\Local\Temp\APS_DIGITAL_CGG.elf.PLIgTd.ltrans0.ltrans.o
 *fill*         0x0800f856        0x2 
 .rodata.chSysUnlock.lto_priv.3.str1.4
                0x0800f858        0x5 C:\Users\zerog\AppData\Local\Temp\APS_DIGITAL_CGG.elf.PLIgTd.ltrans0.ltrans.o
 *fill*         0x0800f85d        0x3 
 .rodata._usb_ep0setup.str1.4
                0x0800f860        0xd C:\Users\zerog\AppData\Local\Temp\APS_DIGITAL_CGG.elf.PLIgTd.ltrans0.ltrans.o
 *fill*         0x0800f86d        0x3 
 .rodata.Thread_LED.str1.4
                0x0800f870        0x4 C:\Users\zerog\AppData\Local\Temp\APS_DIGITAL_CGG.elf.PLIgTd.ltrans0.ltrans.o
 .rodata.spi_lld_serve_rx_interrupt.str1.4
                0x0800f874        0xc C:\Users\zerog\AppData\Local\Temp\APS_DIGITAL_CGG.elf.PLIgTd.ltrans0.ltrans.o
 .rodata.chprintf.str1.4
                0x0800f880        0x7 C:\Users\zerog\AppData\Local\Temp\APS_DIGITAL_CGG.elf.PLIgTd.ltrans0.ltrans.o
 .rodata.cmd_info.str1.4
                0x0800f880      0x175 C:\Users\zerog\AppData\Local\Temp\APS_DIGITAL_CGG.elf.PLIgTd.ltrans0.ltrans.o
 *fill*         0x0800f9f5        0x3 
 .rodata.cmd_echo.str1.4
                0x0800f9f8       0x15 C:\Users\zerog\AppData\Local\Temp\APS_DIGITAL_CGG.elf.PLIgTd.ltrans0.ltrans.o
 *fill*         0x0800fa0d        0x3 
 .rodata.cmd_systime.str1.4
                0x0800fa10        0xe C:\Users\zerog\AppData\Local\Temp\APS_DIGITAL_CGG.elf.PLIgTd.ltrans0.ltrans.o
 *fill*         0x0800fa1e        0x2 
 .rodata.cmd_mem.str1.4
                0x0800fa20       0x7a C:\Users\zerog\AppData\Local\Temp\APS_DIGITAL_CGG.elf.PLIgTd.ltrans0.ltrans.o
 *fill*         0x0800fa9a        0x2 
 .rodata.cmd_threads.str1.4
                0x0800fa9c       0x78 C:\Users\zerog\AppData\Local\Temp\APS_DIGITAL_CGG.elf.PLIgTd.ltrans0.ltrans.o
                                 0x7c (size before relaxing)
 .rodata.cmd_status.str1.4
                0x0800fb14       0x10 C:\Users\zerog\AppData\Local\Temp\APS_DIGITAL_CGG.elf.PLIgTd.ltrans0.ltrans.o
 .rodata.cmd_selftest.str1.4
                0x0800fb24       0x17 C:\Users\zerog\AppData\Local\Temp\APS_DIGITAL_CGG.elf.PLIgTd.ltrans0.ltrans.o
 *fill*         0x0800fb3b        0x1 
 .rodata.cmd_stop.str1.4
                0x0800fb3c       0x23 C:\Users\zerog\AppData\Local\Temp\APS_DIGITAL_CGG.elf.PLIgTd.ltrans0.ltrans.o
 *fill*         0x0800fb5f        0x1 
 .rodata.cmd_reset.str1.4
                0x0800fb60       0x19 C:\Users\zerog\AppData\Local\Temp\APS_DIGITAL_CGG.elf.PLIgTd.ltrans0.ltrans.o
 .rodata.shellGetLine.constprop.0.isra.0.str1.4
                0x0800fb79       0x19 C:\Users\zerog\AppData\Local\Temp\APS_DIGITAL_CGG.elf.PLIgTd.ltrans0.ltrans.o
                                  0x3 (size before relaxing)
 *fill*         0x0800fb79        0x3 
 .rodata.parse_arguments.str1.4
                0x0800fb7c        0x3 C:\Users\zerog\AppData\Local\Temp\APS_DIGITAL_CGG.elf.PLIgTd.ltrans0.ltrans.o
 *fill*         0x0800fb7f        0x1 
 .rodata.shellThread.str1.4
                0x0800fb80       0x6d C:\Users\zerog\AppData\Local\Temp\APS_DIGITAL_CGG.elf.PLIgTd.ltrans0.ltrans.o
 *fill*         0x0800fbed        0x3 
 .rodata.Thread_DD.str1.4
                0x0800fbf0       0x54 C:\Users\zerog\AppData\Local\Temp\APS_DIGITAL_CGG.elf.PLIgTd.ltrans0.ltrans.o
 .rodata.cmd_DD_test.str1.4
                0x0800fc44      0x42c C:\Users\zerog\AppData\Local\Temp\APS_DIGITAL_CGG.elf.PLIgTd.ltrans0.ltrans.o
 .rodata.chThdCreateStatic.constprop.0.isra.0.str1.4
                0x08010070        0x7 C:\Users\zerog\AppData\Local\Temp\APS_DIGITAL_CGG.elf.PLIgTd.ltrans0.ltrans.o
 *fill*         0x08010077        0x1 
 .rodata.Vector58.str1.4
                0x08010078        0xd C:\Users\zerog\AppData\Local\Temp\APS_DIGITAL_CGG.elf.PLIgTd.ltrans0.ltrans.o
 *fill*         0x08010085        0x3 
 .rodata._exit.str1.4
                0x08010088        0x5 C:\Users\zerog\AppData\Local\Temp\APS_DIGITAL_CGG.elf.PLIgTd.ltrans0.ltrans.o
 *fill*         0x0801008d        0x3 
 .rodata._kill.str1.4
                0x08010090        0x5 C:\Users\zerog\AppData\Local\Temp\APS_DIGITAL_CGG.elf.PLIgTd.ltrans0.ltrans.o
 *fill*         0x08010095        0x3 
 .rodata.main.str1.4
                0x08010098       0x65 C:\Users\zerog\AppData\Local\Temp\APS_DIGITAL_CGG.elf.PLIgTd.ltrans0.ltrans.o
 *fill*         0x080100fd        0x3 
 .rodata.str1.4
                0x08010100       0xc9 C:\Users\zerog\AppData\Local\Temp\APS_DIGITAL_CGG.elf.PLIgTd.ltrans0.ltrans.o
 *fill*         0x080101c9        0x3 
 .rodata.__func__.0.lto_priv.0
                0x080101cc       0x10 C:\Users\zerog\AppData\Local\Temp\APS_DIGITAL_CGG.elf.PLIgTd.ltrans0.ltrans.o
 .rodata.__func__.0.lto_priv.1
                0x080101dc        0xc C:\Users\zerog\AppData\Local\Temp\APS_DIGITAL_CGG.elf.PLIgTd.ltrans0.ltrans.o
 .rodata.__func__.0.lto_priv.10
                0x080101e8       0x14 C:\Users\zerog\AppData\Local\Temp\APS_DIGITAL_CGG.elf.PLIgTd.ltrans0.ltrans.o
 .rodata.__func__.0.lto_priv.11
                0x080101fc       0x10 C:\Users\zerog\AppData\Local\Temp\APS_DIGITAL_CGG.elf.PLIgTd.ltrans0.ltrans.o
 .rodata.__func__.0.lto_priv.12
                0x0801020c        0xc C:\Users\zerog\AppData\Local\Temp\APS_DIGITAL_CGG.elf.PLIgTd.ltrans0.ltrans.o
 .rodata.__func__.0.lto_priv.13
                0x08010218        0xb C:\Users\zerog\AppData\Local\Temp\APS_DIGITAL_CGG.elf.PLIgTd.ltrans0.ltrans.o
 *fill*         0x08010223        0x1 
 .rodata.__func__.0.lto_priv.14
                0x08010224        0xc C:\Users\zerog\AppData\Local\Temp\APS_DIGITAL_CGG.elf.PLIgTd.ltrans0.ltrans.o
 .rodata.__func__.0.lto_priv.15
                0x08010230        0x8 C:\Users\zerog\AppData\Local\Temp\APS_DIGITAL_CGG.elf.PLIgTd.ltrans0.ltrans.o
 .rodata.__func__.0.lto_priv.16
                0x08010238        0xc C:\Users\zerog\AppData\Local\Temp\APS_DIGITAL_CGG.elf.PLIgTd.ltrans0.ltrans.o
 .rodata.__func__.0.lto_priv.2
                0x08010244        0xc C:\Users\zerog\AppData\Local\Temp\APS_DIGITAL_CGG.elf.PLIgTd.ltrans0.ltrans.o
 .rodata.__func__.0.lto_priv.5
                0x08010250       0x18 C:\Users\zerog\AppData\Local\Temp\APS_DIGITAL_CGG.elf.PLIgTd.ltrans0.ltrans.o
 .rodata.__func__.0.lto_priv.6
                0x08010268        0xd C:\Users\zerog\AppData\Local\Temp\APS_DIGITAL_CGG.elf.PLIgTd.ltrans0.ltrans.o
 *fill*         0x08010275        0x3 
 .rodata.__func__.0.lto_priv.7
                0x08010278       0x14 C:\Users\zerog\AppData\Local\Temp\APS_DIGITAL_CGG.elf.PLIgTd.ltrans0.ltrans.o
 .rodata.__func__.0.lto_priv.8
                0x0801028c       0x12 C:\Users\zerog\AppData\Local\Temp\APS_DIGITAL_CGG.elf.PLIgTd.ltrans0.ltrans.o
 *fill*         0x0801029e        0x2 
 .rodata.__func__.0.lto_priv.9
                0x080102a0       0x15 C:\Users\zerog\AppData\Local\Temp\APS_DIGITAL_CGG.elf.PLIgTd.ltrans0.ltrans.o
 *fill*         0x080102b5        0x3 
 .rodata.__func__.1.lto_priv.0
                0x080102b8        0xb C:\Users\zerog\AppData\Local\Temp\APS_DIGITAL_CGG.elf.PLIgTd.ltrans0.ltrans.o
 *fill*         0x080102c3        0x1 
 .rodata.__func__.1.lto_priv.1
                0x080102c4       0x13 C:\Users\zerog\AppData\Local\Temp\APS_DIGITAL_CGG.elf.PLIgTd.ltrans0.ltrans.o
 *fill*         0x080102d7        0x1 
 .rodata.__func__.1.lto_priv.10
                0x080102d8        0xc C:\Users\zerog\AppData\Local\Temp\APS_DIGITAL_CGG.elf.PLIgTd.ltrans0.ltrans.o
 .rodata.__func__.1.lto_priv.11
                0x080102e4        0xc C:\Users\zerog\AppData\Local\Temp\APS_DIGITAL_CGG.elf.PLIgTd.ltrans0.ltrans.o
 .rodata.__func__.1.lto_priv.13
                0x080102f0        0xc C:\Users\zerog\AppData\Local\Temp\APS_DIGITAL_CGG.elf.PLIgTd.ltrans0.ltrans.o
 .rodata.__func__.1.lto_priv.15
                0x080102fc       0x14 C:\Users\zerog\AppData\Local\Temp\APS_DIGITAL_CGG.elf.PLIgTd.ltrans0.ltrans.o
 .rodata.__func__.1.lto_priv.17
                0x08010310        0xc C:\Users\zerog\AppData\Local\Temp\APS_DIGITAL_CGG.elf.PLIgTd.ltrans0.ltrans.o
 .rodata.__func__.1.lto_priv.2
                0x0801031c       0x11 C:\Users\zerog\AppData\Local\Temp\APS_DIGITAL_CGG.elf.PLIgTd.ltrans0.ltrans.o
 *fill*         0x0801032d        0x3 
 .rodata.__func__.1.lto_priv.3
                0x08010330        0xb C:\Users\zerog\AppData\Local\Temp\APS_DIGITAL_CGG.elf.PLIgTd.ltrans0.ltrans.o
 *fill*         0x0801033b        0x1 
 .rodata.__func__.1.lto_priv.4
                0x0801033c        0xf C:\Users\zerog\AppData\Local\Temp\APS_DIGITAL_CGG.elf.PLIgTd.ltrans0.ltrans.o
 *fill*         0x0801034b        0x1 
 .rodata.__func__.1.lto_priv.6
                0x0801034c       0x16 C:\Users\zerog\AppData\Local\Temp\APS_DIGITAL_CGG.elf.PLIgTd.ltrans0.ltrans.o
 *fill*         0x08010362        0x2 
 .rodata.__func__.1.lto_priv.7
                0x08010364        0xc C:\Users\zerog\AppData\Local\Temp\APS_DIGITAL_CGG.elf.PLIgTd.ltrans0.ltrans.o
 .rodata.__func__.1.lto_priv.8
                0x08010370        0xc C:\Users\zerog\AppData\Local\Temp\APS_DIGITAL_CGG.elf.PLIgTd.ltrans0.ltrans.o
 .rodata.__func__.1.lto_priv.9
                0x0801037c        0xd C:\Users\zerog\AppData\Local\Temp\APS_DIGITAL_CGG.elf.PLIgTd.ltrans0.ltrans.o
 *fill*         0x08010389        0x3 
 .rodata.__func__.10.lto_priv.1
                0x0801038c        0x9 C:\Users\zerog\AppData\Local\Temp\APS_DIGITAL_CGG.elf.PLIgTd.ltrans0.ltrans.o
 *fill*         0x08010395        0x3 
 .rodata.__func__.11
                0x08010398        0xc C:\Users\zerog\AppData\Local\Temp\APS_DIGITAL_CGG.elf.PLIgTd.ltrans0.ltrans.o
 .rodata.__func__.12.lto_priv.0
                0x080103a4        0x9 C:\Users\zerog\AppData\Local\Temp\APS_DIGITAL_CGG.elf.PLIgTd.ltrans0.ltrans.o
 *fill*         0x080103ad        0x3 
 .rodata.__func__.12.lto_priv.1
                0x080103b0       0x12 C:\Users\zerog\AppData\Local\Temp\APS_DIGITAL_CGG.elf.PLIgTd.ltrans0.ltrans.o
 *fill*         0x080103c2        0x2 
 .rodata.__func__.13
                0x080103c4        0xc C:\Users\zerog\AppData\Local\Temp\APS_DIGITAL_CGG.elf.PLIgTd.ltrans0.ltrans.o
 .rodata.__func__.14.lto_priv.0
                0x080103d0        0x9 C:\Users\zerog\AppData\Local\Temp\APS_DIGITAL_CGG.elf.PLIgTd.ltrans0.ltrans.o
 *fill*         0x080103d9        0x3 
 .rodata.__func__.14.lto_priv.1
                0x080103dc        0xc C:\Users\zerog\AppData\Local\Temp\APS_DIGITAL_CGG.elf.PLIgTd.ltrans0.ltrans.o
 .rodata.__func__.15
                0x080103e8        0x6 C:\Users\zerog\AppData\Local\Temp\APS_DIGITAL_CGG.elf.PLIgTd.ltrans0.ltrans.o
 *fill*         0x080103ee        0x2 
 .rodata.__func__.16
                0x080103f0       0x16 C:\Users\zerog\AppData\Local\Temp\APS_DIGITAL_CGG.elf.PLIgTd.ltrans0.ltrans.o
 *fill*         0x08010406        0x2 
 .rodata.__func__.2.lto_priv.0
                0x08010408        0xd C:\Users\zerog\AppData\Local\Temp\APS_DIGITAL_CGG.elf.PLIgTd.ltrans0.ltrans.o
 *fill*         0x08010415        0x3 
 .rodata.__func__.2.lto_priv.1
                0x08010418       0x1a C:\Users\zerog\AppData\Local\Temp\APS_DIGITAL_CGG.elf.PLIgTd.ltrans0.ltrans.o
 *fill*         0x08010432        0x2 
 .rodata.__func__.2.lto_priv.2
                0x08010434        0xc C:\Users\zerog\AppData\Local\Temp\APS_DIGITAL_CGG.elf.PLIgTd.ltrans0.ltrans.o
 .rodata.__func__.2.lto_priv.4
                0x08010440        0xb C:\Users\zerog\AppData\Local\Temp\APS_DIGITAL_CGG.elf.PLIgTd.ltrans0.ltrans.o
 *fill*         0x0801044b        0x1 
 .rodata.__func__.2.lto_priv.5
                0x0801044c        0xe C:\Users\zerog\AppData\Local\Temp\APS_DIGITAL_CGG.elf.PLIgTd.ltrans0.ltrans.o
 *fill*         0x0801045a        0x2 
 .rodata.__func__.2.lto_priv.6
                0x0801045c        0xd C:\Users\zerog\AppData\Local\Temp\APS_DIGITAL_CGG.elf.PLIgTd.ltrans0.ltrans.o
 *fill*         0x08010469        0x3 
 .rodata.__func__.2.lto_priv.8
                0x0801046c        0xc C:\Users\zerog\AppData\Local\Temp\APS_DIGITAL_CGG.elf.PLIgTd.ltrans0.ltrans.o
 .rodata.__func__.3.lto_priv.0
                0x08010478       0x17 C:\Users\zerog\AppData\Local\Temp\APS_DIGITAL_CGG.elf.PLIgTd.ltrans0.ltrans.o
 *fill*         0x0801048f        0x1 
 .rodata.__func__.3.lto_priv.1
                0x08010490        0x9 C:\Users\zerog\AppData\Local\Temp\APS_DIGITAL_CGG.elf.PLIgTd.ltrans0.ltrans.o
 *fill*         0x08010499        0x3 
 .rodata.__func__.3.lto_priv.2
                0x0801049c       0x11 C:\Users\zerog\AppData\Local\Temp\APS_DIGITAL_CGG.elf.PLIgTd.ltrans0.ltrans.o
 *fill*         0x080104ad        0x3 
 .rodata.__func__.3.lto_priv.5
                0x080104b0       0x13 C:\Users\zerog\AppData\Local\Temp\APS_DIGITAL_CGG.elf.PLIgTd.ltrans0.ltrans.o
 *fill*         0x080104c3        0x1 
 .rodata.__func__.3.lto_priv.6
                0x080104c4       0x15 C:\Users\zerog\AppData\Local\Temp\APS_DIGITAL_CGG.elf.PLIgTd.ltrans0.ltrans.o
 *fill*         0x080104d9        0x3 
 .rodata.__func__.3.lto_priv.7
                0x080104dc        0xb C:\Users\zerog\AppData\Local\Temp\APS_DIGITAL_CGG.elf.PLIgTd.ltrans0.ltrans.o
 *fill*         0x080104e7        0x1 
 .rodata.__func__.3.lto_priv.8
                0x080104e8        0xd C:\Users\zerog\AppData\Local\Temp\APS_DIGITAL_CGG.elf.PLIgTd.ltrans0.ltrans.o
 *fill*         0x080104f5        0x3 
 .rodata.__func__.3.lto_priv.9
                0x080104f8        0xd C:\Users\zerog\AppData\Local\Temp\APS_DIGITAL_CGG.elf.PLIgTd.ltrans0.ltrans.o
 *fill*         0x08010505        0x3 
 .rodata.__func__.4.lto_priv.1
                0x08010508        0x5 C:\Users\zerog\AppData\Local\Temp\APS_DIGITAL_CGG.elf.PLIgTd.ltrans0.ltrans.o
 *fill*         0x0801050d        0x3 
 .rodata.__func__.4.lto_priv.2
                0x08010510        0xe C:\Users\zerog\AppData\Local\Temp\APS_DIGITAL_CGG.elf.PLIgTd.ltrans0.ltrans.o
 *fill*         0x0801051e        0x2 
 .rodata.__func__.4.lto_priv.3
                0x08010520       0x11 C:\Users\zerog\AppData\Local\Temp\APS_DIGITAL_CGG.elf.PLIgTd.ltrans0.ltrans.o
 *fill*         0x08010531        0x3 
 .rodata.__func__.4.lto_priv.4
                0x08010534       0x12 C:\Users\zerog\AppData\Local\Temp\APS_DIGITAL_CGG.elf.PLIgTd.ltrans0.ltrans.o
 *fill*         0x08010546        0x2 
 .rodata.__func__.4.lto_priv.6
                0x08010548        0xc C:\Users\zerog\AppData\Local\Temp\APS_DIGITAL_CGG.elf.PLIgTd.ltrans0.ltrans.o
 .rodata.__func__.4.lto_priv.7
                0x08010554        0xc C:\Users\zerog\AppData\Local\Temp\APS_DIGITAL_CGG.elf.PLIgTd.ltrans0.ltrans.o
 .rodata.__func__.5.lto_priv.0
                0x08010560        0xf C:\Users\zerog\AppData\Local\Temp\APS_DIGITAL_CGG.elf.PLIgTd.ltrans0.ltrans.o
 *fill*         0x0801056f        0x1 
 .rodata.__func__.5.lto_priv.1
                0x08010570        0x9 C:\Users\zerog\AppData\Local\Temp\APS_DIGITAL_CGG.elf.PLIgTd.ltrans0.ltrans.o
 *fill*         0x08010579        0x3 
 .rodata.__func__.5.lto_priv.2
                0x0801057c        0xd C:\Users\zerog\AppData\Local\Temp\APS_DIGITAL_CGG.elf.PLIgTd.ltrans0.ltrans.o
 *fill*         0x08010589        0x3 
 .rodata.__func__.5.lto_priv.3
                0x0801058c        0xe C:\Users\zerog\AppData\Local\Temp\APS_DIGITAL_CGG.elf.PLIgTd.ltrans0.ltrans.o
 *fill*         0x0801059a        0x2 
 .rodata.__func__.5.lto_priv.4
                0x0801059c       0x11 C:\Users\zerog\AppData\Local\Temp\APS_DIGITAL_CGG.elf.PLIgTd.ltrans0.ltrans.o
 *fill*         0x080105ad        0x3 
 .rodata.__func__.5.lto_priv.6
                0x080105b0       0x10 C:\Users\zerog\AppData\Local\Temp\APS_DIGITAL_CGG.elf.PLIgTd.ltrans0.ltrans.o
 .rodata.__func__.5.lto_priv.7
                0x080105c0        0xc C:\Users\zerog\AppData\Local\Temp\APS_DIGITAL_CGG.elf.PLIgTd.ltrans0.ltrans.o
 .rodata.__func__.6.lto_priv.0
                0x080105cc       0x17 C:\Users\zerog\AppData\Local\Temp\APS_DIGITAL_CGG.elf.PLIgTd.ltrans0.ltrans.o
 *fill*         0x080105e3        0x1 
 .rodata.__func__.6.lto_priv.1
                0x080105e4       0x15 C:\Users\zerog\AppData\Local\Temp\APS_DIGITAL_CGG.elf.PLIgTd.ltrans0.ltrans.o
 *fill*         0x080105f9        0x3 
 .rodata.__func__.6.lto_priv.3
                0x080105fc        0xb C:\Users\zerog\AppData\Local\Temp\APS_DIGITAL_CGG.elf.PLIgTd.ltrans0.ltrans.o
 *fill*         0x08010607        0x1 
 .rodata.__func__.7.lto_priv.0
                0x08010608       0x19 C:\Users\zerog\AppData\Local\Temp\APS_DIGITAL_CGG.elf.PLIgTd.ltrans0.ltrans.o
 *fill*         0x08010621        0x3 
 .rodata.__func__.7.lto_priv.1
                0x08010624       0x11 C:\Users\zerog\AppData\Local\Temp\APS_DIGITAL_CGG.elf.PLIgTd.ltrans0.ltrans.o
 *fill*         0x08010635        0x3 
 .rodata.__func__.7.lto_priv.2
                0x08010638        0xc C:\Users\zerog\AppData\Local\Temp\APS_DIGITAL_CGG.elf.PLIgTd.ltrans0.ltrans.o
 .rodata.__func__.8.lto_priv.0
                0x08010644        0xc C:\Users\zerog\AppData\Local\Temp\APS_DIGITAL_CGG.elf.PLIgTd.ltrans0.ltrans.o
 .rodata.__func__.8.lto_priv.1
                0x08010650        0xc C:\Users\zerog\AppData\Local\Temp\APS_DIGITAL_CGG.elf.PLIgTd.ltrans0.ltrans.o
 .rodata.__func__.8.lto_priv.2
                0x0801065c        0xb C:\Users\zerog\AppData\Local\Temp\APS_DIGITAL_CGG.elf.PLIgTd.ltrans0.ltrans.o
 *fill*         0x08010667        0x1 
 .rodata.__func__.9.lto_priv.0
                0x08010668       0x13 C:\Users\zerog\AppData\Local\Temp\APS_DIGITAL_CGG.elf.PLIgTd.ltrans0.ltrans.o
 *fill*         0x0801067b        0x1 
 .rodata.__func__.9.lto_priv.1
                0x0801067c        0xa C:\Users\zerog\AppData\Local\Temp\APS_DIGITAL_CGG.elf.PLIgTd.ltrans0.ltrans.o
 *fill*         0x08010686        0x2 
 .rodata.__func__.9.lto_priv.2
                0x08010688        0xc C:\Users\zerog\AppData\Local\Temp\APS_DIGITAL_CGG.elf.PLIgTd.ltrans0.ltrans.o
 .rodata.__func__.9.lto_priv.3
                0x08010694        0xd C:\Users\zerog\AppData\Local\Temp\APS_DIGITAL_CGG.elf.PLIgTd.ltrans0.ltrans.o
 *fill*         0x080106a1        0x3 
 .rodata._stm32_dma_streams
                0x080106a4      0x140 C:\Users\zerog\AppData\Local\Temp\APS_DIGITAL_CGG.elf.PLIgTd.ltrans0.ltrans.o
 .rodata.active_status
                0x080107e4        0x2 C:\Users\zerog\AppData\Local\Temp\APS_DIGITAL_CGG.elf.PLIgTd.ltrans0.ltrans.o
 *fill*         0x080107e6        0x2 
 .rodata.ch_core0_cfg
                0x080107e8       0x14 C:\Users\zerog\AppData\Local\Temp\APS_DIGITAL_CGG.elf.PLIgTd.ltrans0.ltrans.o
 .rodata.ch_debug
                0x080107fc       0x2c C:\Users\zerog\AppData\Local\Temp\APS_DIGITAL_CGG.elf.PLIgTd.ltrans0.ltrans.o
 .rodata.commands
                0x08010828       0x40 C:\Users\zerog\AppData\Local\Temp\APS_DIGITAL_CGG.elf.PLIgTd.ltrans0.ltrans.o
 .rodata.default_config
                0x08010868       0x14 C:\Users\zerog\AppData\Local\Temp\APS_DIGITAL_CGG.elf.PLIgTd.ltrans0.ltrans.o
 .rodata.ep0config
                0x0801087c       0x24 C:\Users\zerog\AppData\Local\Temp\APS_DIGITAL_CGG.elf.PLIgTd.ltrans0.ltrans.o
 .rodata.ep1config
                0x080108a0       0x24 C:\Users\zerog\AppData\Local\Temp\APS_DIGITAL_CGG.elf.PLIgTd.ltrans0.ltrans.o
 .rodata.ep2config
                0x080108c4       0x24 C:\Users\zerog\AppData\Local\Temp\APS_DIGITAL_CGG.elf.PLIgTd.ltrans0.ltrans.o
 .rodata.halted_status
                0x080108e8        0x2 C:\Users\zerog\AppData\Local\Temp\APS_DIGITAL_CGG.elf.PLIgTd.ltrans0.ltrans.o
 *fill*         0x080108ea        0x2 
 .rodata.pow10  0x080108ec       0x24 C:\Users\zerog\AppData\Local\Temp\APS_DIGITAL_CGG.elf.PLIgTd.ltrans0.ltrans.o
 .rodata.ram_areas
                0x08010910       0x80 C:\Users\zerog\AppData\Local\Temp\APS_DIGITAL_CGG.elf.PLIgTd.ltrans0.ltrans.o
 .rodata.serusbcfg