Archive member included to satisfy reference by file (symbol)

c:/chibistudio/tools/gnu tools arm embedded/10.3 2021.07/bin/../lib/gcc/arm-none-eabi/10.3.1/../../../../arm-none-eabi/lib/thumb/v7e-m/nofp\libm.a(lib_a-s_round.o)
                              ./build/obj/digital_driver.o (symbol from plugin) (round)
c:/chibistudio/tools/gnu tools arm embedded/10.3 2021.07/bin/../lib/gcc/arm-none-eabi/10.3.1/../../../../arm-none-eabi/lib/thumb/v7e-m/nofp\libm.a(lib_a-w_exp2.o)
                              ./build/obj/digital_driver.o (symbol from plugin) (exp2)
c:/chibistudio/tools/gnu tools arm embedded/10.3 2021.07/bin/../lib/gcc/arm-none-eabi/10.3.1/../../../../arm-none-eabi/lib/thumb/v7e-m/nofp\libm.a(lib_a-w_log.o)
                              ./build/obj/digital_driver.o (symbol from plugin) (log)
c:/chibistudio/tools/gnu tools arm embedded/10.3 2021.07/bin/../lib/gcc/arm-none-eabi/10.3.1/../../../../arm-none-eabi/lib/thumb/v7e-m/nofp\libm.a(lib_a-w_pow.o)
                              c:/chibistudio/tools/gnu tools arm embedded/10.3 2021.07/bin/../lib/gcc/arm-none-eabi/10.3.1/../../../../arm-none-eabi/lib/thumb/v7e-m/nofp\libm.a(lib_a-w_exp2.o) (pow)
c:/chibistudio/tools/gnu tools arm embedded/10.3 2021.07/bin/../lib/gcc/arm-none-eabi/10.3.1/../../../../arm-none-eabi/lib/thumb/v7e-m/nofp\libm.a(lib_a-e_log.o)
                              c:/chibistudio/tools/gnu tools arm embedded/10.3 2021.07/bin/../lib/gcc/arm-none-eabi/10.3.1/../../../../arm-none-eabi/lib/thumb/v7e-m/nofp\libm.a(lib_a-w_log.o) (__ieee754_log)
c:/chibistudio/tools/gnu tools arm embedded/10.3 2021.07/bin/../lib/gcc/arm-none-eabi/10.3.1/../../../../arm-none-eabi/lib/thumb/v7e-m/nofp\libm.a(lib_a-e_pow.o)
                              c:/chibistudio/tools/gnu tools arm embedded/10.3 2021.07/bin/../lib/gcc/arm-none-eabi/10.3.1/../../../../arm-none-eabi/lib/thumb/v7e-m/nofp\libm.a(lib_a-w_pow.o) (__ieee754_pow)
c:/chibistudio/tools/gnu tools arm embedded/10.3 2021.07/bin/../lib/gcc/arm-none-eabi/10.3.1/../../../../arm-none-eabi/lib/thumb/v7e-m/nofp\libm.a(lib_a-e_sqrt.o)
                              c:/chibistudio/tools/gnu tools arm embedded/10.3 2021.07/bin/../lib/gcc/arm-none-eabi/10.3.1/../../../../arm-none-eabi/lib/thumb/v7e-m/nofp\libm.a(lib_a-e_pow.o) (__ieee754_sqrt)
c:/chibistudio/tools/gnu tools arm embedded/10.3 2021.07/bin/../lib/gcc/arm-none-eabi/10.3.1/../../../../arm-none-eabi/lib/thumb/v7e-m/nofp\libm.a(lib_a-math_err.o)
                              c:/chibistudio/tools/gnu tools arm embedded/10.3 2021.07/bin/../lib/gcc/arm-none-eabi/10.3.1/../../../../arm-none-eabi/lib/thumb/v7e-m/nofp\libm.a(lib_a-e_pow.o) (__math_uflow)
c:/chibistudio/tools/gnu tools arm embedded/10.3 2021.07/bin/../lib/gcc/arm-none-eabi/10.3.1/../../../../arm-none-eabi/lib/thumb/v7e-m/nofp\libm.a(lib_a-s_fabs.o)
                              c:/chibistudio/tools/gnu tools arm embedded/10.3 2021.07/bin/../lib/gcc/arm-none-eabi/10.3.1/../../../../arm-none-eabi/lib/thumb/v7e-m/nofp\libm.a(lib_a-e_pow.o) (fabs)
c:/chibistudio/tools/gnu tools arm embedded/10.3 2021.07/bin/../lib/gcc/arm-none-eabi/10.3.1/../../../../arm-none-eabi/lib/thumb/v7e-m/nofp\libm.a(lib_a-s_finite.o)
                              c:/chibistudio/tools/gnu tools arm embedded/10.3 2021.07/bin/../lib/gcc/arm-none-eabi/10.3.1/../../../../arm-none-eabi/lib/thumb/v7e-m/nofp\libm.a(lib_a-w_pow.o) (finite)
c:/chibistudio/tools/gnu tools arm embedded/10.3 2021.07/bin/../lib/gcc/arm-none-eabi/10.3.1/../../../../arm-none-eabi/lib/thumb/v7e-m/nofp\libm.a(lib_a-s_nan.o)
                              c:/chibistudio/tools/gnu tools arm embedded/10.3 2021.07/bin/../lib/gcc/arm-none-eabi/10.3.1/../../../../arm-none-eabi/lib/thumb/v7e-m/nofp\libm.a(lib_a-w_log.o) (nan)
c:/chibistudio/tools/gnu tools arm embedded/10.3 2021.07/bin/../lib/gcc/arm-none-eabi/10.3.1/../../../../arm-none-eabi/lib/thumb/v7e-m/nofp\libm.a(lib_a-s_scalbn.o)
                              c:/chibistudio/tools/gnu tools arm embedded/10.3 2021.07/bin/../lib/gcc/arm-none-eabi/10.3.1/../../../../arm-none-eabi/lib/thumb/v7e-m/nofp\libm.a(lib_a-e_pow.o) (scalbn)
c:/chibistudio/tools/gnu tools arm embedded/10.3 2021.07/bin/../lib/gcc/arm-none-eabi/10.3.1/thumb/v7e-m/nofp\libgcc.a(_arm_muldf3.o)
                              c:/chibistudio/tools/gnu tools arm embedded/10.3 2021.07/bin/../lib/gcc/arm-none-eabi/10.3.1/../../../../arm-none-eabi/lib/thumb/v7e-m/nofp\libm.a(lib_a-e_log.o) (__aeabi_dmul)
c:/chibistudio/tools/gnu tools arm embedded/10.3 2021.07/bin/../lib/gcc/arm-none-eabi/10.3.1/thumb/v7e-m/nofp\libgcc.a(_arm_addsubdf3.o)
                              c:/chibistudio/tools/gnu tools arm embedded/10.3 2021.07/bin/../lib/gcc/arm-none-eabi/10.3.1/../../../../arm-none-eabi/lib/thumb/v7e-m/nofp\libm.a(lib_a-e_log.o) (__aeabi_dsub)
c:/chibistudio/tools/gnu tools arm embedded/10.3 2021.07/bin/../lib/gcc/arm-none-eabi/10.3.1/thumb/v7e-m/nofp\libgcc.a(_arm_muldivdf3.o)
[...]
Memory Configuration

Name             Origin             Length             Attributes
flash0           0x08000000         0x00080000         xr
flash1           0x00000000         0x00000000         xr
flash2           0x00000000         0x00000000         xr
flash3           0x00000000         0x00000000         xr
flash4           0x00000000         0x00000000         xr
flash5           0x00000000         0x00000000         xr
flash6           0x00000000         0x00000000         xr
flash7           0x00000000         0x00000000         xr
ram0             0x20000000         0x00020000         xw
ram1             0x20000000         0x00018000         xw
ram2             0x20000000         0x00014000         xw
ram3             0x20014000         0x00004000         xw
ram4             0x20018000         0x00008000         xw
ram5             0x10000000         0x00008000         xw
ram6             0x00000000         0x00000000         xw
ram7             0x00000000         0x00000000         xw
*default*        0x00000000         0xffffffff

Linker script and memory map

LOAD ./build/obj/crt0_v7m.o
LOAD ./build/obj/vectors.o
LOAD ./build/obj/chcoreasm.o
LOAD ./build/obj/crt1.o
LOAD C:\Users\ziemannt\AppData\Local\Temp\APS_DIGITAL_CGG.elf.4FBcRY.ltrans0.ltrans.o
LOAD C:\Users\ziemannt\AppData\Local\Temp\ccc8ybBS.debug.temp.o
LOAD C:\Users\ziemannt\AppData\Local\Temp\ccqgBZsX.debug.temp.o
LOAD C:\Users\ziemannt\AppData\Local\Temp\cci1oHL2.debug.temp.o
LOAD C:\Users\ziemannt\AppData\Local\Temp\ccsfZY87.debug.temp.o
LOAD C:\Users\ziemannt\AppData\Local\Temp\ccaPfXnd.debug.temp.o
LOAD C:\Users\ziemannt\AppData\Local\Temp\ccSyF9Oh.debug.temp.o
LOAD C:\Users\ziemannt\AppData\Local\Temp\ccyDCR6l.debug.temp.o
LOAD C:\Users\ziemannt\AppData\Local\Temp\ccuCQjOq.debug.temp.o
LOAD C:\Users\ziemannt\AppData\Local\Temp\ccUM6Tmv.debug.temp.o
LOAD C:\Users\ziemannt\AppData\Local\Temp\ccCwcKbz.debug.temp.o
LOAD C:\Users\ziemannt\AppData\Local\Temp\ccYKNhSC.debug.temp.o
LOAD C:\Users\ziemannt\AppData\Local\Temp\ccQp4HZG.debug.temp.o
LOAD C:\Users\ziemannt\AppData\Local\Temp\ccwyPEWK.debug.temp.o
LOAD C:\Users\ziemannt\AppData\Local\Temp\ccuanbYO.debug.temp.o
LOAD C:\Users\ziemannt\AppData\Local\Temp\cc2kPINW.debug.temp.o
LOAD C:\Users\ziemannt\AppData\Local\Temp\ccuEri54.debug.temp.o
LOAD C:\Users\ziemannt\AppData\Local\Temp\cc0p7Q8c.debug.temp.o
LOAD C:\Users\ziemannt\AppData\Local\Temp\ccW0Oetk.debug.temp.o
LOAD C:\Users\ziemannt\AppData\Local\Temp\ccSR81Cr.debug.temp.o
LOAD C:\Users\ziemannt\AppData\Local\Temp\cccl4pRy.debug.temp.o
LOAD C:\Users\ziemannt\AppData\Local\Temp\ccwoi8tF.debug.temp.o
LOAD C:\Users\ziemannt\AppData\Local\Temp\cc8UiqbM.debug.temp.o
LOAD C:\Users\ziemannt\AppData\Local\Temp\ccESSa6S.debug.temp.o
LOAD C:\Users\ziemannt\AppData\Local\Temp\ccQ95RmZ.debug.temp.o
LOAD C:\Users\ziemannt\AppData\Local\Temp\cc6Smyp5.debug.temp.o
LOAD C:\Users\ziemannt\AppData\Local\Temp\ccC4JEWb.debug.temp.o
LOAD C:\Users\ziemannt\AppData\Local\Temp\ccweekki.debug.temp.o
LOAD C:\Users\ziemannt\AppData\Local\Temp\ccyk8KAs.debug.temp.o
LOAD C:\Users\ziemannt\AppData\Local\Temp\cccSgTIC.debug.temp.o
LOAD C:\Users\ziemannt\AppData\Local\Temp\ccCinuiN.debug.temp.o
LOAD C:\Users\ziemannt\AppData\Local\Temp\cckyLDIX.debug.temp.o
LOAD C:\Users\ziemannt\AppData\Local\Temp\ccyAIYn7.debug.temp.o
LOAD C:\Users\ziemannt\AppData\Local\Temp\ccaBMSTg.debug.temp.o
LOAD C:\Users\ziemannt\AppData\Local\Temp\ccyyUNRq.debug.temp.o
LOAD C:\Users\ziemannt\AppData\Local\Temp\cceZOiUA.debug.temp.o
LOAD C:\Users\ziemannt\AppData\Local\Temp\ccsDdoNK.debug.temp.o
LOAD C:\Users\ziemannt\AppData\Local\Temp\ccNeXpOM.debug.temp.o
LOAD C:\Users\ziemannt\AppData\Local\Temp\ccKhV8GO.debug.temp.o
LOAD C:\Users\ziemannt\AppData\Local\Temp\ccpVStTP.debug.temp.o
LOAD C:\Users\ziemannt\AppData\Local\Temp\ccE3oLyQ.debug.temp.o
LOAD C:\Users\ziemannt\AppData\Local\Temp\ccpCAVER.debug.temp.o
LOAD C:\Users\ziemannt\AppData\Local\Temp\ccSpsTOR.debug.temp.o
LOAD C:\Users\ziemannt\AppData\Local\Temp\ccRrDZPR.debug.temp.o
LOAD C:\Users\ziemannt\AppData\Local\Temp\ccmUtYhS.debug.temp.o
LOAD C:\Users\ziemannt\AppData\Local\Temp\cc555xRS.debug.temp.o
LOAD C:\Users\ziemannt\AppData\Local\Temp\ccShBMhT.debug.temp.o
LOAD C:\Users\ziemannt\AppData\Local\Temp\ccbwPrsX.debug.temp.o
LOAD C:\Users\ziemannt\AppData\Local\Temp\ccMNeaV1.debug.temp.o
LOAD C:\Users\ziemannt\AppData\Local\Temp\cc9JSXC5.debug.temp.o
LOAD C:\Users\ziemannt\AppData\Local\Temp\ccSBmkb9.debug.temp.o
LOAD C:\Users\ziemannt\AppData\Local\Temp\ccvC0Ibd.debug.temp.o
LOAD C:\Users\ziemannt\AppData\Local\Temp\ccaAgM2g.debug.temp.o
LOAD C:\Users\ziemannt\AppData\Local\Temp\ccZYlCak.debug.temp.o
LOAD C:\Users\ziemannt\AppData\Local\Temp\ccIE1Nyn.debug.temp.o
LOAD C:\Users\ziemannt\AppData\Local\Temp\ccLQKz1q.debug.temp.o
LOAD C:\Users\ziemannt\AppData\Local\Temp\ccklT1lu.debug.temp.o
LOAD C:\Users\ziemannt\AppData\Local\Temp\ccRWTHSw.debug.temp.o
LOAD C:\Users\ziemannt\AppData\Local\Temp\ccQw61SC.debug.temp.o
LOAD C:\Users\ziemannt\AppData\Local\Temp\ccTU7zvI.debug.temp.o
LOAD C:\Users\ziemannt\AppData\Local\Temp\ccgXyVsN.debug.temp.o
LOAD C:\Users\ziemannt\AppData\Local\Temp\ccrVE7aS.debug.temp.o
LOAD C:\Users\ziemannt\AppData\Local\Temp\ccetfdkX.debug.temp.o
LOAD C:\Users\ziemannt\AppData\Local\Temp\ccHuwsk2.debug.temp.o
LOAD ./build/obj/hal.o
LOAD ./build/obj/hal_st.o
LOAD ./build/obj/hal_buffered_serial.o
LOAD ./build/obj/hal_buffers.o
LOAD ./build/obj/hal_queues.o
LOAD ./build/obj/hal_flash.o
LOAD ./build/obj/hal_mmcsd.o
LOAD ./build/obj/hal_gpt.o
LOAD ./build/obj/hal_pal.o
LOAD ./build/obj/hal_serial_usb.o
LOAD ./build/obj/hal_sio.o
LOAD ./build/obj/hal_spi.o
LOAD ./build/obj/hal_usb.o
LOAD ./build/obj/nvic.o
LOAD ./build/obj/stm32_isr.o
LOAD ./build/obj/hal_lld.o
LOAD ./build/obj/hal_efl_lld.o
LOAD ./build/obj/stm32_dma.o
LOAD ./build/obj/stm32_exti.o
LOAD ./build/obj/hal_pal_lld.o
LOAD ./build/obj/hal_spi_v2_lld.o
LOAD ./build/obj/hal_st_lld.o
LOAD ./build/obj/hal_gpt_lld.o
LOAD ./build/obj/hal_sio_lld.o
LOAD ./build/obj/hal_usb_lld.o
LOAD ./build/obj/board.o
LOAD ./build/obj/osal.o
LOAD ./build/obj/chsys.o
LOAD ./build/obj/chrfcu.o
LOAD ./build/obj/chdebug.o
LOAD ./build/obj/chtrace.o
LOAD ./build/obj/chvt.o
LOAD ./build/obj/chschd.o
LOAD ./build/obj/chinstances.o
LOAD ./build/obj/chthreads.o
LOAD ./build/obj/chtm.o
LOAD ./build/obj/chstats.o
LOAD ./build/obj/chregistry.o
LOAD ./build/obj/chsem.o
LOAD ./build/obj/chmtx.o
LOAD ./build/obj/chcond.o
LOAD ./build/obj/chevents.o
LOAD ./build/obj/chmsg.o
LOAD ./build/obj/chdynamic.o
LOAD ./build/obj/chmboxes.o
LOAD ./build/obj/chmemcore.o
LOAD ./build/obj/chmemheaps.o
LOAD ./build/obj/chmempools.o
LOAD ./build/obj/chcore.o
LOAD ./build/obj/chcoreapi.o
LOAD ./build/obj/chprintf.o
LOAD ./build/obj/chscanf.o
LOAD ./build/obj/memstreams.o
LOAD ./build/obj/nullstreams.o
LOAD ./build/obj/bufstreams.o
LOAD ./build/obj/shell.o
LOAD ./build/obj/shell_cmd.o
LOAD ./build/obj/syscalls.o
LOAD ./build/obj/usbcfg.o
LOAD ./build/obj/main.o
LOAD ./build/obj/digital_driver.o
LOAD ./build/obj/AD8460.o
LOAD c:/chibistudio/tools/gnu tools arm embedded/10.3 2021.07/bin/../lib/gcc/arm-none-eabi/10.3.1/../../../../arm-none-eabi/lib/thumb/v7e-m/nofp\libm.a

.mstack         0x20000000      0x400
                0x20000000                . = ALIGN (0x8)
                0x20000000                __main_stack_base__ = .
                0x20000400                . = (. + __main_stack_size__)
 *fill*         0x20000000      0x400 
                0x20000400                . = ALIGN (0x8)
                0x20000400                __main_stack_end__ = .

.pstack         0x20000400      0x400
                0x20000400                . = ALIGN (0x8)
                0x20000400                __process_stack_base__ = .
                0x20000400                __main_thread_stack_base__ = .
                0x20000800                . = (. + __process_stack_size__)
 *fill*         0x20000400      0x400 
                0x20000800                . = ALIGN (0x8)
                0x20000800                __process_stack_end__ = .
                0x20000800                __main_thread_stack_end__ = .

.vectors        0x08000000      0x1e0
                0x08000000                __textvectors_base__ = LOADADDR (.vectors)
                0x08000000                __vectors_base__ = .
 *(.vectors)
 .vectors       0x08000000      0x1e0 ./build/obj/vectors.o
                0x08000000                _vectors
                0x080001e0                __vectors_end__ = .

.xtors          0x080001e0        0x0
                0x080001e0                __init_array_base__ = .
 *(SORT_BY_NAME(.init_array.*))
 *(.init_array)
                0x080001e0                __init_array_end__ = .
                0x080001e0                __fini_array_base__ = .
 *(.fini_array)
 *(SORT_BY_NAME(.fini_array.*))
                0x080001e0                __fini_array_end__ = .

.text           0x08000200     0xd964
                0x08000200                __text_base__ = .
 *(.text)
 .text          0x08000200       0xd8 ./build/obj/crt0_v7m.o
                0x08000200                _crt0_entry
 .text          0x080002d8        0x8 ./build/obj/vectors.o
                0x080002d8                Reset_Handler
                0x080002da                VectorAC
                0x080002da                DebugMon_Handler
                0x080002da                Vector1A0
                0x080002da                Vector11C
                0x080002da                HardFault_Handler
                0x080002da                Vector1B8
                0x080002da                Vector19C
                0x080002da                Vector8C
                0x080002da                SysTick_Handler
                0x080002da                VectorDC
                0x080002da                Vector168
                0x080002da                NMI_Handler
                0x080002da                Vector110
                0x080002da                Vector1D8
                0x080002da                VectorC8
                0x080002da                Vector94
                0x080002da                VectorA8
                0x080002da                VectorB4
                0x080002da                Vector160
                0x080002da                Vector1B0
                0x080002da                UsageFault_Handler
                0x080002da                VectorEC
                0x080002da                Vector40
                0x080002da                VectorF8
                0x080002da                VectorBC
                0x080002da                Vector190
                0x080002da                Vector150
                0x080002da                Vector148
                0x080002da                Vector188
                0x080002da                Vector198
                0x080002da                Vector118
                0x080002da                VectorE8
                0x080002da                VectorCC
                0x080002da                Vector54
                0x080002da                Vector98
                0x080002da                Vector138
                0x080002da                Vector24
                0x080002da                Vector1AC
                0x080002da                Vector178
                0x080002da                SecureFault_Handler
                0x080002da                Vector1A4
                0x080002da                VectorD0
                0x080002da                Vector1B4
                0x080002da                Vector140
                0x080002da                VectorE4
                0x080002da                VectorC0
                0x080002da                Vector158
                0x080002da                Vector134
                0x080002da                Vector1D0
                0x080002da                VectorF0
                0x080002da                Vector13C
                0x080002da                Vector100
                0x080002da                VectorF4
                0x080002da                MemManage_Handler
                0x080002da                VectorA0
                0x080002da                VectorC4
                0x080002da                Vector180
                0x080002da                Vector114
                0x080002da                Vector164
                0x080002da                Vector1BC
                0x080002da                Vector1D4
                0x080002da                Vector17C
                0x080002da                Vector48
                0x080002da                Vector1A8
                0x080002da                Vector16C
                0x080002da                VectorD4
                0x080002da                Vector4C
                0x080002da                Vector144
                0x080002da                Vector15C
                0x080002da                Vector18C
                0x080002da                Vector170
                0x080002da                Vector88
                0x080002da                Vector104
                0x080002da                Vector184
                0x080002da                Vector10C
                0x080002da                Vector14C
                0x080002da                BusFault_Handler
                0x080002da                Vector50
                0x080002da                Vector194
                0x080002da                Vector1DC
                0x080002da                Vector154
                0x080002da                Vector44
                0x080002da                Vector28
                0x080002da                VectorFC
                0x080002da                Vector34
                0x080002da                VectorA4
                0x080002da                Vector20
                0x080002da                Vector174
                0x080002de                _unhandled_exception
 .text          0x080002e0       0x7e ./build/obj/chcoreasm.o
                0x080002e0                SVC_Handler
                0x0800030c                PendSV_Handler
                0x08000348                __port_thread_start
 *fill*         0x0800035e        0x2 
 .text          0x08000360      0x378 c:/chibistudio/tools/gnu tools arm embedded/10.3 2021.07/bin/../lib/gcc/arm-none-eabi/10.3.1/thumb/v7e-m/nofp\libgcc.a(_arm_addsubdf3.o)
                0x08000360                __aeabi_drsub
                0x08000368                __aeabi_dsub
                0x08000368                __subdf3
                0x0800036c                __aeabi_dadd
                0x0800036c                __adddf3
                0x080005e4                __floatunsidf
                0x080005e4                __aeabi_ui2d
                0x08000604                __floatsidf
                0x08000604                __aeabi_i2d
                0x08000628                __aeabi_f2d
                0x08000628                __extendsfdf2
                0x0800066c                __floatundidf
                0x0800066c                __aeabi_ul2d
                0x0800067c                __floatdidf
                0x0800067c                __aeabi_l2d
 .text          0x080006d8      0x424 c:/chibistudio/tools/gnu tools arm embedded/10.3 2021.07/bin/../lib/gcc/arm-none-eabi/10.3.1/thumb/v7e-m/nofp\libgcc.a(_arm_muldivdf3.o)
                0x080006d8                __aeabi_dmul
                0x080006d8                __muldf3
                0x0800092c                __divdf3
                0x0800092c                __aeabi_ddiv
 .text          0x08000afc      0x110 c:/chibistudio/tools/gnu tools arm embedded/10.3 2021.07/bin/../lib/gcc/arm-none-eabi/10.3.1/thumb/v7e-m/nofp\libgcc.a(_arm_cmpdf2.o)
                0x08000afc                __gtdf2
                0x08000afc                __gedf2
                0x08000b04                __ltdf2
                0x08000b04                __ledf2
                0x08000b0c                __nedf2
                0x08000b0c                __eqdf2
                0x08000b0c                __cmpdf2
                0x08000b88                __aeabi_cdrcmple
                0x08000b98                __aeabi_cdcmpeq
                0x08000b98                __aeabi_cdcmple
                0x08000ba8                __aeabi_dcmpeq
                0x08000bbc                __aeabi_dcmplt
                0x08000bd0                __aeabi_dcmple
                0x08000be4                __aeabi_dcmpge
                0x08000bf8                __aeabi_dcmpgt
 .text          0x08000c0c       0x2c c:/chibistudio/tools/gnu tools arm embedded/10.3 2021.07/bin/../lib/gcc/arm-none-eabi/10.3.1/thumb/v7e-m/nofp\libgcc.a(_arm_unorddf2.o)
                0x08000c0c                __unorddf2
                0x08000c0c                __aeabi_dcmpun
 .text          0x08000c38       0x50 c:/chibistudio/tools/gnu tools arm embedded/10.3 2021.07/bin/../lib/gcc/arm-none-eabi/10.3.1/thumb/v7e-m/nofp\libgcc.a(_arm_fixdfsi.o)
                0x08000c38                __aeabi_d2iz
                0x08000c38                __fixdfsi
 .text          0x08000c88       0x4c c:/chibistudio/tools/gnu tools arm embedded/10.3 2021.07/bin/../lib/gcc/arm-none-eabi/10.3.1/thumb/v7e-m/nofp\libgcc.a(_arm_fixsfsi.o)
                0x08000c88                __aeabi_f2iz
                0x08000c88                __fixsfsi
 .text          0x08000cd4      0x134 c:/chibistudio/tools/gnu tools arm embedded/10.3 2021.07/bin/../lib/gcc/arm-none-eabi/10.3.1/../../../../arm-none-eabi/lib/thumb/v7e-m/nofp\libg.a(lib_a-memcpy.o)
                0x08000cd4                memcpy
 *fill*         0x08000e08       0x18 
 .text          0x08000e20      0x2dc c:/chibistudio/tools/gnu tools arm embedded/10.3 2021.07/bin/../lib/gcc/arm-none-eabi/10.3.1/../../../../arm-none-eabi/lib/thumb/v7e-m/nofp\libg.a(lib_a-strcmp.o)
                0x08000e28                strcmp
 *fill*         0x080010fc        0x4 
 .text          0x08001100       0xdc c:/chibistudio/tools/gnu tools arm embedded/10.3 2021.07/bin/../lib/gcc/arm-none-eabi/10.3.1/../../../../arm-none-eabi/lib/thumb/v7e-m/nofp\libg.a(lib_a-strlen.o)
                0x08001100                strlen
 *fill*         0x080011dc        0x4 
 .text          0x080011e0       0xa0 c:/chibistudio/tools/gnu tools arm embedded/10.3 2021.07/bin/../lib/gcc/arm-none-eabi/10.3.1/../../../../arm-none-eabi/lib/thumb/v7e-m/nofp\libg.a(lib_a-memchr.o)
                0x080011e0                memchr
 .text          0x08001280       0x40 c:/chibistudio/tools/gnu tools arm embedded/10.3 2021.07/bin/../lib/gcc/arm-none-eabi/10.3.1/thumb/v7e-m/nofp\libgcc.a(_arm_fixunsdfsi.o)
                0x08001280                __aeabi_d2uiz
                0x08001280                __fixunsdfsi
 .text          0x080012c0       0xa0 c:/chibistudio/tools/gnu tools arm embedded/10.3 2021.07/bin/../lib/gcc/arm-none-eabi/10.3.1/thumb/v7e-m/nofp\libgcc.a(_arm_truncdfsf2.o)
                0x080012c0                __truncdfsf2
                0x080012c0                __aeabi_d2f
 .text          0x08001360       0xec c:/chibistudio/tools/gnu tools arm embedded/10.3 2021.07/bin/../lib/gcc/arm-none-eabi/10.3.1/thumb/v7e-m/nofp\libgcc.a(_arm_cmpsf2.o)
                0x08001360                __gesf2
                0x08001360                __gtsf2
                0x08001368                __lesf2
                0x08001368                __ltsf2
                0x08001370                __nesf2
                0x08001370                __eqsf2
                0x08001370                __cmpsf2
                0x080013d0                __aeabi_cfrcmple
                0x080013d8                __aeabi_cfcmpeq
                0x080013d8                __aeabi_cfcmple
                0x080013e8                __aeabi_fcmpeq
                0x080013fc                __aeabi_fcmplt
                0x08001410                __aeabi_fcmple
                0x08001424                __aeabi_fcmpge
                0x08001438                __aeabi_fcmpgt
 .text          0x0800144c       0x2c c:/chibistudio/tools/gnu tools arm embedded/10.3 2021.07/bin/../lib/gcc/arm-none-eabi/10.3.1/thumb/v7e-m/nofp\libgcc.a(_arm_unordsf2.o)
                0x0800144c                __unordsf2
                0x0800144c                __aeabi_fcmpun
 .text          0x08001478       0x30 c:/chibistudio/tools/gnu tools arm embedded/10.3 2021.07/bin/../lib/gcc/arm-none-eabi/10.3.1/thumb/v7e-m/nofp\libgcc.a(_aeabi_uldivmod.o)
                0x08001478                __aeabi_uldivmod
 .text          0x080014a8       0x34 c:/chibistudio/tools/gnu tools arm embedded/10.3 2021.07/bin/../lib/gcc/arm-none-eabi/10.3.1/thumb/v7e-m/nofp\libgcc.a(_fixdfdi.o)
                0x080014a8                __fixdfdi
                0x080014a8                __aeabi_d2lz
 .text          0x080014dc       0x3c c:/chibistudio/tools/gnu tools arm embedded/10.3 2021.07/bin/../lib/gcc/arm-none-eabi/10.3.1/thumb/v7e-m/nofp\libgcc.a(_fixunsdfdi.o)
                0x080014dc                __fixunsdfdi
                0x080014dc                __aeabi_d2ulz
 .text          0x08001518      0x2d0 c:/chibistudio/tools/gnu tools arm embedded/10.3 2021.07/bin/../lib/gcc/arm-none-eabi/10.3.1/thumb/v7e-m/nofp\libgcc.a(_udivmoddi4.o)
                0x08001518                __udivmoddi4
 .text          0x080017e8        0x4 c:/chibistudio/tools/gnu tools arm embedded/10.3 2021.07/bin/../lib/gcc/arm-none-eabi/10.3.1/thumb/v7e-m/nofp\libgcc.a(_dvmd_tls.o)
                0x080017e8                __aeabi_idiv0
                0x080017e8                __aeabi_ldiv0
 *(.text.*)
 *fill*         0x080017ec        0x4 
 .text._ctl     0x080017f0        0x4 C:\Users\ziemannt\AppData\Local\Temp\APS_DIGITAL_CGG.elf.4FBcRY.ltrans0.ltrans.o
 *fill*         0x080017f4        0xc 
 .text.sduRequestsHook
                0x08001800       0x40 C:\Users\ziemannt\AppData\Local\Temp\APS_DIGITAL_CGG.elf.4FBcRY.ltrans0.ltrans.o
 .text.sduInterruptTransmitted
                0x08001840        0x4 C:\Users\ziemannt\AppData\Local\Temp\APS_DIGITAL_CGG.elf.4FBcRY.ltrans0.ltrans.o
 *fill*         0x08001844        0xc 
 .text.__ctl    0x08001850        0xc C:\Users\ziemannt\AppData\Local\Temp\APS_DIGITAL_CGG.elf.4FBcRY.ltrans0.ltrans.o
 *fill*         0x0800185c        0x4 
 .text.set_address
                0x08001860       0x28 C:\Users\ziemannt\AppData\Local\Temp\APS_DIGITAL_CGG.elf.4FBcRY.ltrans0.ltrans.o
 *fill*         0x08001888        0x8 
 .text.usbStartReceiveI
                0x08001890       0x5c C:\Users\ziemannt\AppData\Local\Temp\APS_DIGITAL_CGG.elf.4FBcRY.ltrans0.ltrans.o
 *fill*         0x080018ec        0x4 
 .text.sdu_start_receive.isra.0
                0x080018f0       0x44 C:\Users\ziemannt\AppData\Local\Temp\APS_DIGITAL_CGG.elf.4FBcRY.ltrans0.ltrans.o
 *fill*         0x08001934        0xc 
 .text.ibnotify
                0x08001940       0x40 C:\Users\ziemannt\AppData\Local\Temp\APS_DIGITAL_CGG.elf.4FBcRY.ltrans0.ltrans.o
 .text.usbStartTransmitI
                0x08001980       0x94 C:\Users\ziemannt\AppData\Local\Temp\APS_DIGITAL_CGG.elf.4FBcRY.ltrans0.ltrans.o
 *fill*         0x08001a14        0xc 
 .text.obnotify
                0x08001a20       0x48 C:\Users\ziemannt\AppData\Local\Temp\APS_DIGITAL_CGG.elf.4FBcRY.ltrans0.ltrans.o
 *fill*         0x08001a68        0x8 
 .text._pal_lld_setgroupmode
                0x08001a70       0xc8 C:\Users\ziemannt\AppData\Local\Temp\APS_DIGITAL_CGG.elf.4FBcRY.ltrans0.ltrans.o
 *fill*         0x08001b38        0x8 
 .text.sio_lld_put
                0x08001b40       0x2c C:\Users\ziemannt\AppData\Local\Temp\APS_DIGITAL_CGG.elf.4FBcRY.ltrans0.ltrans.o
 *fill*         0x08001b6c        0x4 
 .text.usb_lld_init_endpoint
                0x08001b70       0xcc C:\Users\ziemannt\AppData\Local\Temp\APS_DIGITAL_CGG.elf.4FBcRY.ltrans0.ltrans.o
 *fill*         0x08001c3c        0x4 
 .text.__idle_thread
                0x08001c40        0x4 C:\Users\ziemannt\AppData\Local\Temp\APS_DIGITAL_CGG.elf.4FBcRY.ltrans0.ltrans.o
 *fill*         0x08001c44        0xc 
 .text.chThdCreateSuspendedI
                0x08001c50       0xb8 C:\Users\ziemannt\AppData\Local\Temp\APS_DIGITAL_CGG.elf.4FBcRY.ltrans0.ltrans.o
 *fill*         0x08001d08        0x8 
 .text.chTMStartMeasurementX
                0x08001d10        0xc C:\Users\ziemannt\AppData\Local\Temp\APS_DIGITAL_CGG.elf.4FBcRY.ltrans0.ltrans.o
 *fill*         0x08001d1c        0x4 
 .text.__stats_start_measure_crit_thd
                0x08001d20        0xc C:\Users\ziemannt\AppData\Local\Temp\APS_DIGITAL_CGG.elf.4FBcRY.ltrans0.ltrans.o
 *fill*         0x08001d2c        0x4 
 .text.chTMStopMeasurementX
                0x08001d30       0x44 C:\Users\ziemannt\AppData\Local\Temp\APS_DIGITAL_CGG.elf.4FBcRY.ltrans0.ltrans.o
 *fill*         0x08001d74        0xc 
 .text._usb_ep0setup
                0x08001d80      0x3f8 C:\Users\ziemannt\AppData\Local\Temp\APS_DIGITAL_CGG.elf.4FBcRY.ltrans0.ltrans.o
 *fill*         0x08002178        0x8 
 .text._usb_ep0in
                0x08002180       0xec C:\Users\ziemannt\AppData\Local\Temp\APS_DIGITAL_CGG.elf.4FBcRY.ltrans0.ltrans.o
 *fill*         0x0800226c        0x4 
 .text._usb_ep0out
                0x08002270       0xb0 C:\Users\ziemannt\AppData\Local\Temp\APS_DIGITAL_CGG.elf.4FBcRY.ltrans0.ltrans.o
 .text.chTMChainMeasurementToX
                0x08002320       0x3c C:\Users\ziemannt\AppData\Local\Temp\APS_DIGITAL_CGG.elf.4FBcRY.ltrans0.ltrans.o
 *fill*         0x0800235c        0x4 
 .text.chSchGoSleepS
                0x08002360       0x3c C:\Users\ziemannt\AppData\Local\Temp\APS_DIGITAL_CGG.elf.4FBcRY.ltrans0.ltrans.o
 *fill*         0x0800239c        0x4 
 .text.chCoreAllocFromTop
                0x080023a0       0x44 C:\Users\ziemannt\AppData\Local\Temp\APS_DIGITAL_CGG.elf.4FBcRY.ltrans0.ltrans.o
 *fill*         0x080023e4        0xc 
 .text.get_descriptor
                0x080023f0       0x34 C:\Users\ziemannt\AppData\Local\Temp\APS_DIGITAL_CGG.elf.4FBcRY.ltrans0.ltrans.o
 *fill*         0x08002424        0xc 
 .text.sof_handler
                0x08002430       0x98 C:\Users\ziemannt\AppData\Local\Temp\APS_DIGITAL_CGG.elf.4FBcRY.ltrans0.ltrans.o
 *fill*         0x080024c8        0x8 
 .text.dmaStreamAllocI.constprop.0
                0x080024d0      0x100 C:\Users\ziemannt\AppData\Local\Temp\APS_DIGITAL_CGG.elf.4FBcRY.ltrans0.ltrans.o
 .text.spi_lld_serve_rx_interrupt
                0x080025d0       0xe4 C:\Users\ziemannt\AppData\Local\Temp\APS_DIGITAL_CGG.elf.4FBcRY.ltrans0.ltrans.o
 *fill*         0x080026b4        0xc 
 .text.spi_lld_serve_tx_interrupt
                0x080026c0       0x24 C:\Users\ziemannt\AppData\Local\Temp\APS_DIGITAL_CGG.elf.4FBcRY.ltrans0.ltrans.o
 *fill*         0x080026e4        0xc 
 .text.__sch_wakeup
                0x080026f0       0x84 C:\Users\ziemannt\AppData\Local\Temp\APS_DIGITAL_CGG.elf.4FBcRY.ltrans0.ltrans.o
 *fill*         0x08002774        0xc 
 .text.chSchRescheduleS
                0x08002780       0x5c C:\Users\ziemannt\AppData\Local\Temp\APS_DIGITAL_CGG.elf.4FBcRY.ltrans0.ltrans.o
 *fill*         0x080027dc        0x4 
 .text.chThdExitS
                0x080027e0       0x80 C:\Users\ziemannt\AppData\Local\Temp\APS_DIGITAL_CGG.elf.4FBcRY.ltrans0.ltrans.o
 .text.chMtxLock
                0x08002860       0xec C:\Users\ziemannt\AppData\Local\Temp\APS_DIGITAL_CGG.elf.4FBcRY.ltrans0.ltrans.o
 *fill*         0x0800294c        0x4 
 .text.chMtxUnlock
                0x08002950       0x88 C:\Users\ziemannt\AppData\Local\Temp\APS_DIGITAL_CGG.elf.4FBcRY.ltrans0.ltrans.o
 *fill*         0x080029d8        0x8 
 .text.chEvtBroadcastFlagsI
                0x080029e0       0x74 C:\Users\ziemannt\AppData\Local\Temp\APS_DIGITAL_CGG.elf.4FBcRY.ltrans0.ltrans.o
 *fill*         0x08002a54        0xc 
 .text.sduDataTransmitted
                0x08002a60       0xd0 C:\Users\ziemannt\AppData\Local\Temp\APS_DIGITAL_CGG.elf.4FBcRY.ltrans0.ltrans.o
 .text.sduDataReceived
                0x08002b30       0x94 C:\Users\ziemannt\AppData\Local\Temp\APS_DIGITAL_CGG.elf.4FBcRY.ltrans0.ltrans.o
 *fill*         0x08002bc4        0xc 
 .text.chSchWakeupS.constprop.0
                0x08002bd0       0x70 C:\Users\ziemannt\AppData\Local\Temp\APS_DIGITAL_CGG.elf.4FBcRY.ltrans0.ltrans.o
 .text.vt_insert_first.constprop.0
                0x08002c40       0x60 C:\Users\ziemannt\AppData\Local\Temp\APS_DIGITAL_CGG.elf.4FBcRY.ltrans0.ltrans.o
 .text.chSchGoSleepTimeoutS
                0x08002ca0      0x160 C:\Users\ziemannt\AppData\Local\Temp\APS_DIGITAL_CGG.elf.4FBcRY.ltrans0.ltrans.o
 .text.ibqGetTimeout
                0x08002e00       0xa4 C:\Users\ziemannt\AppData\Local\Temp\APS_DIGITAL_CGG.elf.4FBcRY.ltrans0.ltrans.o
 *fill*         0x08002ea4        0xc 
 .text._get     0x08002eb0        0xc C:\Users\ziemannt\AppData\Local\Temp\APS_DIGITAL_CGG.elf.4FBcRY.ltrans0.ltrans.o
 *fill*         0x08002ebc        0x4 
 .text._gett    0x08002ec0        0x8 C:\Users\ziemannt\AppData\Local\Temp\APS_DIGITAL_CGG.elf.4FBcRY.ltrans0.ltrans.o
 *fill*         0x08002ec8        0x8 
 .text.obqPutTimeout
                0x08002ed0       0xc0 C:\Users\ziemannt\AppData\Local\Temp\APS_DIGITAL_CGG.elf.4FBcRY.ltrans0.ltrans.o
 .text._put     0x08002f90        0xc C:\Users\ziemannt\AppData\Local\Temp\APS_DIGITAL_CGG.elf.4FBcRY.ltrans0.ltrans.o
 *fill*         0x08002f9c        0x4 
 .text._putt    0x08002fa0        0x8 C:\Users\ziemannt\AppData\Local\Temp\APS_DIGITAL_CGG.elf.4FBcRY.ltrans0.ltrans.o
 *fill*         0x08002fa8        0x8 
 .text.sioSynchronizeTX
                0x08002fb0       0x60 C:\Users\ziemannt\AppData\Local\Temp\APS_DIGITAL_CGG.elf.4FBcRY.ltrans0.ltrans.o
 .text.sync_write
                0x08003010       0x9c C:\Users\ziemannt\AppData\Local\Temp\APS_DIGITAL_CGG.elf.4FBcRY.ltrans0.ltrans.o
 *fill*         0x080030ac        0x4 
 .text.__write  0x080030b0        0x8 C:\Users\ziemannt\AppData\Local\Temp\APS_DIGITAL_CGG.elf.4FBcRY.ltrans0.ltrans.o
 *fill*         0x080030b8        0x8 
 .text.__writet
                0x080030c0        0x4 C:\Users\ziemannt\AppData\Local\Temp\APS_DIGITAL_CGG.elf.4FBcRY.ltrans0.ltrans.o
 *fill*         0x080030c4        0xc 
 .text.__putt   0x080030d0       0x1c C:\Users\ziemannt\AppData\Local\Temp\APS_DIGITAL_CGG.elf.4FBcRY.ltrans0.ltrans.o
 *fill*         0x080030ec        0x4 
 .text.sioSynchronizeRX
                0x080030f0       0x7c C:\Users\ziemannt\AppData\Local\Temp\APS_DIGITAL_CGG.elf.4FBcRY.ltrans0.ltrans.o
 *fill*         0x0800316c        0x4 
 .text.sync_read
                0x08003170       0x9c C:\Users\ziemannt\AppData\Local\Temp\APS_DIGITAL_CGG.elf.4FBcRY.ltrans0.ltrans.o
 *fill*         0x0800320c        0x4 
 .text.__read   0x08003210        0x8 C:\Users\ziemannt\AppData\Local\Temp\APS_DIGITAL_CGG.elf.4FBcRY.ltrans0.ltrans.o
 *fill*         0x08003218        0x8 
 .text.__readt  0x08003220        0x4 C:\Users\ziemannt\AppData\Local\Temp\APS_DIGITAL_CGG.elf.4FBcRY.ltrans0.ltrans.o
 *fill*         0x08003224        0xc 
 .text.__get    0x08003230       0x38 C:\Users\ziemannt\AppData\Local\Temp\APS_DIGITAL_CGG.elf.4FBcRY.ltrans0.ltrans.o
 *fill*         0x08003268        0x8 
 .text.__gett   0x08003270       0x34 C:\Users\ziemannt\AppData\Local\Temp\APS_DIGITAL_CGG.elf.4FBcRY.ltrans0.ltrans.o
 *fill*         0x080032a4        0xc 
 .text.chThdSleep
                0x080032b0       0x2c C:\Users\ziemannt\AppData\Local\Temp\APS_DIGITAL_CGG.elf.4FBcRY.ltrans0.ltrans.o
 *fill*         0x080032dc        0x4 
 .text.Thread_LED
                0x080032e0       0x68 C:\Users\ziemannt\AppData\Local\Temp\APS_DIGITAL_CGG.elf.4FBcRY.ltrans0.ltrans.o
 *fill*         0x08003348        0x8 
 .text.ibqReadTimeout
                0x08003350      0x148 C:\Users\ziemannt\AppData\Local\Temp\APS_DIGITAL_CGG.elf.4FBcRY.ltrans0.ltrans.o
 *fill*         0x08003498        0x8 
 .text._read    0x080034a0        0xc C:\Users\ziemannt\AppData\Local\Temp\APS_DIGITAL_CGG.elf.4FBcRY.ltrans0.ltrans.o
 *fill*         0x080034ac        0x4 
 .text._readt   0x080034b0        0x8 C:\Users\ziemannt\AppData\Local\Temp\APS_DIGITAL_CGG.elf.4FBcRY.ltrans0.ltrans.o
 *fill*         0x080034b8        0x8 
 .text.obqWriteTimeout
                0x080034c0      0x120 C:\Users\ziemannt\AppData\Local\Temp\APS_DIGITAL_CGG.elf.4FBcRY.ltrans0.ltrans.o
 .text._write   0x080035e0        0xc C:\Users\ziemannt\AppData\Local\Temp\APS_DIGITAL_CGG.elf.4FBcRY.ltrans0.ltrans.o
 *fill*         0x080035ec        0x4 
 .text._writet  0x080035f0        0x8 C:\Users\ziemannt\AppData\Local\Temp\APS_DIGITAL_CGG.elf.4FBcRY.ltrans0.ltrans.o
 *fill*         0x080035f8        0x8 
 .text.__put    0x08003600       0x5c C:\Users\ziemannt\AppData\Local\Temp\APS_DIGITAL_CGG.elf.4FBcRY.ltrans0.ltrans.o
 *fill*         0x0800365c        0x4 
 .text.spiSend.isra.0
                0x08003660       0x78 C:\Users\ziemannt\AppData\Local\Temp\APS_DIGITAL_CGG.elf.4FBcRY.ltrans0.ltrans.o
 *fill*         0x080036d8        0x8 
 .text.AD8460_SPIWriteRegister.constprop.0
                0x080036e0       0x78 C:\Users\ziemannt\AppData\Local\Temp\APS_DIGITAL_CGG.elf.4FBcRY.ltrans0.ltrans.o
 *fill*         0x08003758        0x8 
 .text.chprintf
                0x08003760      0x5dc C:\Users\ziemannt\AppData\Local\Temp\APS_DIGITAL_CGG.elf.4FBcRY.ltrans0.ltrans.o
 *fill*         0x08003d3c        0x4 
 .text.cmd_info
                0x08003d40       0xbc C:\Users\ziemannt\AppData\Local\Temp\APS_DIGITAL_CGG.elf.4FBcRY.ltrans0.ltrans.o
 *fill*         0x08003dfc        0x4 
 .text.cmd_echo
                0x08003e00       0x20 C:\Users\ziemannt\AppData\Local\Temp\APS_DIGITAL_CGG.elf.4FBcRY.ltrans0.ltrans.o
 .text.cmd_systime
                0x08003e20       0x24 C:\Users\ziemannt\AppData\Local\Temp\APS_DIGITAL_CGG.elf.4FBcRY.ltrans0.ltrans.o
 *fill*         0x08003e44        0xc 
 .text.cmd_mem  0x08003e50       0xa0 C:\Users\ziemannt\AppData\Local\Temp\APS_DIGITAL_CGG.elf.4FBcRY.ltrans0.ltrans.o
 .text.cmd_threads
                0x08003ef0      0x1cc C:\Users\ziemannt\AppData\Local\Temp\APS_DIGITAL_CGG.elf.4FBcRY.ltrans0.ltrans.o
 *fill*         0x080040bc        0x4 
 .text.cmd_status
                0x080040c0       0x10 C:\Users\ziemannt\AppData\Local\Temp\APS_DIGITAL_CGG.elf.4FBcRY.ltrans0.ltrans.o
 .text.cmd_selftest
                0x080040d0       0xe4 C:\Users\ziemannt\AppData\Local\Temp\APS_DIGITAL_CGG.elf.4FBcRY.ltrans0.ltrans.o
 *fill*         0x080041b4        0xc 
 .text.cmd_stop
                0x080041c0        0xc C:\Users\ziemannt\AppData\Local\Temp\APS_DIGITAL_CGG.elf.4FBcRY.ltrans0.ltrans.o
 *fill*         0x080041cc        0x4 
 .text.cmd_reset
                0x080041d0       0x34 C:\Users\ziemannt\AppData\Local\Temp\APS_DIGITAL_CGG.elf.4FBcRY.ltrans0.ltrans.o
 *fill*         0x08004204        0xc 
 .text.shellGetLine.constprop.0.isra.0
                0x08004210       0x8c C:\Users\ziemannt\AppData\Local\Temp\APS_DIGITAL_CGG.elf.4FBcRY.ltrans0.ltrans.o
 *fill*         0x0800429c        0x4 
 .text.parse_arguments
                0x080042a0       0x58 C:\Users\ziemannt\AppData\Local\Temp\APS_DIGITAL_CGG.elf.4FBcRY.ltrans0.ltrans.o
 *fill*         0x080042f8        0x8 
 .text.shellThread
                0x08004300      0x1f0 C:\Users\ziemannt\AppData\Local\Temp\APS_DIGITAL_CGG.elf.4FBcRY.ltrans0.ltrans.o
 .text.usb_event
                0x080044f0      0x1fc C:\Users\ziemannt\AppData\Local\Temp\APS_DIGITAL_CGG.elf.4FBcRY.ltrans0.ltrans.o
 *fill*         0x080046ec        0x4 
 .text.Thread_DD
                0x080046f0      0x514 C:\Users\ziemannt\AppData\Local\Temp\APS_DIGITAL_CGG.elf.4FBcRY.ltrans0.ltrans.o
 *fill*         0x08004c04        0xc 
 .text.cmd_DD_test
                0x08004c10      0x5a0 C:\Users\ziemannt\AppData\Local\Temp\APS_DIGITAL_CGG.elf.4FBcRY.ltrans0.ltrans.o
 .text.__cpu_init
                0x080051b0        0x4 C:\Users\ziemannt\AppData\Local\Temp\APS_DIGITAL_CGG.elf.4FBcRY.ltrans0.ltrans.o
                0x080051b0                __cpu_init
 *fill*         0x080051b4        0xc 
 .text.__late_init
                0x080051c0        0x4 C:\Users\ziemannt\AppData\Local\Temp\APS_DIGITAL_CGG.elf.4FBcRY.ltrans0.ltrans.o
                0x080051c0                __late_init
 *fill*         0x080051c4        0xc 
 .text.__default_exit
                0x080051d0        0x4 C:\Users\ziemannt\AppData\Local\Temp\APS_DIGITAL_CGG.elf.4FBcRY.ltrans0.ltrans.o
                0x080051d0                __default_exit
 *fill*         0x080051d4        0xc 
 .text.__init_ram_areas
                0x080051e0       0x6c C:\Users\ziemannt\AppData\Local\Temp\APS_DIGITAL_CGG.elf.4FBcRY.ltrans0.ltrans.o
                0x080051e0                __init_ram_areas
 *fill*         0x0800524c        0x4 
 .text.__stats_stop_measure_crit_thd
                0x08005250        0xc C:\Users\ziemannt\AppData\Local\Temp\APS_DIGITAL_CGG.elf.4FBcRY.ltrans0.ltrans.o
                0x08005250                __stats_stop_measure_crit_thd
 *fill*         0x0800525c        0x4 
 .text.chThdCreateFromHeap.constprop.0
                0x08005260      0x124 C:\Users\ziemannt\AppData\Local\Temp\APS_DIGITAL_CGG.elf.4FBcRY.ltrans0.ltrans.o
 *fill*         0x08005384        0xc 
 .text.chThdCreateStatic.constprop.0.isra.0
                0x08005390       0xa4 C:\Users\ziemannt\AppData\Local\Temp\APS_DIGITAL_CGG.elf.4FBcRY.ltrans0.ltrans.o
 *fill*         0x08005434        0xc 
 .text.Vector58
                0x08005440       0xa4 C:\Users\ziemannt\AppData\Local\Temp\APS_DIGITAL_CGG.elf.4FBcRY.ltrans0.ltrans.o
                0x08005440                Vector58
 *fill*         0x080054e4        0xc 
 .text.Vector5C
                0x080054f0       0x9c C:\Users\ziemannt\AppData\Local\Temp\APS_DIGITAL_CGG.elf.4FBcRY.ltrans0.ltrans.o
                0x080054f0                Vector5C
 *fill*         0x0800558c        0x4 
 .text.Vector60
                0x08005590       0x9c C:\Users\ziemannt\AppData\Local\Temp\APS_DIGITAL_CGG.elf.4FBcRY.ltrans0.ltrans.o
                0x08005590                Vector60
 *fill*         0x0800562c        0x4 
 .text.Vector64
                0x08005630       0x9c C:\Users\ziemannt\AppData\Local\Temp\APS_DIGITAL_CGG.elf.4FBcRY.ltrans0.ltrans.o
                0x08005630                Vector64
 *fill*         0x080056cc        0x4 
 .text.Vector68
                0x080056d0       0x9c C:\Users\ziemannt\AppData\Local\Temp\APS_DIGITAL_CGG.elf.4FBcRY.ltrans0.ltrans.o
                0x080056d0                Vector68
 *fill*         0x0800576c        0x4 
 .text.Vector9C
                0x08005770      0x230 C:\Users\ziemannt\AppData\Local\Temp\APS_DIGITAL_CGG.elf.4FBcRY.ltrans0.ltrans.o
                0x08005770                Vector9C
 .text.VectorE0
                0x080059a0      0x2b0 C:\Users\ziemannt\AppData\Local\Temp\APS_DIGITAL_CGG.elf.4FBcRY.ltrans0.ltrans.o
                0x080059a0                VectorE0
 .text.VectorD8
                0x08005c50      0x23c C:\Users\ziemannt\AppData\Local\Temp\APS_DIGITAL_CGG.elf.4FBcRY.ltrans0.ltrans.o
                0x08005c50                VectorD8
 *fill*         0x08005e8c        0x4 
 .text.VectorB0
                0x08005e90      0x170 C:\Users\ziemannt\AppData\Local\Temp\APS_DIGITAL_CGG.elf.4FBcRY.ltrans0.ltrans.o
                0x08005e90                VectorB0
 .text.VectorB8
                0x08006000       0x70 C:\Users\ziemannt\AppData\Local\Temp\APS_DIGITAL_CGG.elf.4FBcRY.ltrans0.ltrans.o
                0x08006000                VectorB8
 .text.Vector108
                0x08006070       0x70 C:\Users\ziemannt\AppData\Local\Temp\APS_DIGITAL_CGG.elf.4FBcRY.ltrans0.ltrans.o
                0x08006070                Vector108
 .text.Vector6C
                0x080060e0       0x50 C:\Users\ziemannt\AppData\Local\Temp\APS_DIGITAL_CGG.elf.4FBcRY.ltrans0.ltrans.o
                0x080060e0                Vector6C
 .text.Vector70
                0x08006130       0x5c C:\Users\ziemannt\AppData\Local\Temp\APS_DIGITAL_CGG.elf.4FBcRY.ltrans0.ltrans.o
                0x08006130                Vector70
 *fill*         0x0800618c        0x4 
 .text.Vector74
                0x08006190       0x5c C:\Users\ziemannt\AppData\Local\Temp\APS_DIGITAL_CGG.elf.4FBcRY.ltrans0.ltrans.o
                0x08006190                Vector74
 *fill*         0x080061ec        0x4 
 .text.Vector78
                0x080061f0       0x5c C:\Users\ziemannt\AppData\Local\Temp\APS_DIGITAL_CGG.elf.4FBcRY.ltrans0.ltrans.o
                0x080061f0                Vector78
 *fill*         0x0800624c        0x4 
 .text.Vector7C
                0x08006250       0x5c C:\Users\ziemannt\AppData\Local\Temp\APS_DIGITAL_CGG.elf.4FBcRY.ltrans0.ltrans.o
                0x08006250                Vector7C
 *fill*         0x080062ac        0x4 
 .text.Vector80
                0x080062b0       0x5c C:\Users\ziemannt\AppData\Local\Temp\APS_DIGITAL_CGG.elf.4FBcRY.ltrans0.ltrans.o
                0x080062b0                Vector80
 *fill*         0x0800630c        0x4 
 .text.Vector84
                0x08006310       0x60 C:\Users\ziemannt\AppData\Local\Temp\APS_DIGITAL_CGG.elf.4FBcRY.ltrans0.ltrans.o
                0x08006310                Vector84
 .text.Vector1C0
                0x08006370       0x60 C:\Users\ziemannt\AppData\Local\Temp\APS_DIGITAL_CGG.elf.4FBcRY.ltrans0.ltrans.o
                0x08006370                Vector1C0
 .text.Vector120
                0x080063d0       0x50 C:\Users\ziemannt\AppData\Local\Temp\APS_DIGITAL_CGG.elf.4FBcRY.ltrans0.ltrans.o
                0x080063d0                Vector120
 .text.Vector124
                0x08006420       0x5c C:\Users\ziemannt\AppData\Local\Temp\APS_DIGITAL_CGG.elf.4FBcRY.ltrans0.ltrans.o
                0x08006420                Vector124
 *fill*         0x0800647c        0x4 
 .text.Vector128
                0x08006480       0x5c C:\Users\ziemannt\AppData\Local\Temp\APS_DIGITAL_CGG.elf.4FBcRY.ltrans0.ltrans.o
                0x08006480                Vector128
 *fill*         0x080064dc        0x4 
 .text.Vector12C
                0x080064e0       0x5c C:\Users\ziemannt\AppData\Local\Temp\APS_DIGITAL_CGG.elf.4FBcRY.ltrans0.ltrans.o
                0x080064e0                Vector12C
 *fill*         0x0800653c        0x4 
 .text.Vector130
                0x08006540       0x5c C:\Users\ziemannt\AppData\Local\Temp\APS_DIGITAL_CGG.elf.4FBcRY.ltrans0.ltrans.o
                0x08006540                Vector130
 *fill*         0x0800659c        0x4 
 .text.Vector1C4
                0x080065a0       0x5c C:\Users\ziemannt\AppData\Local\Temp\APS_DIGITAL_CGG.elf.4FBcRY.ltrans0.ltrans.o
                0x080065a0                Vector1C4
 *fill*         0x080065fc        0x4 
 .text.Vector1C8
                0x08006600       0x60 C:\Users\ziemannt\AppData\Local\Temp\APS_DIGITAL_CGG.elf.4FBcRY.ltrans0.ltrans.o
                0x08006600                Vector1C8
 .text.Vector1CC
                0x08006660       0x64 C:\Users\ziemannt\AppData\Local\Temp\APS_DIGITAL_CGG.elf.4FBcRY.ltrans0.ltrans.o
                0x08006660                Vector1CC
 *fill*         0x080066c4        0xc 
 .text.Vector90
                0x080066d0      0x334 C:\Users\ziemannt\AppData\Local\Temp\APS_DIGITAL_CGG.elf.4FBcRY.ltrans0.ltrans.o
                0x080066d0                Vector90
 *fill*         0x08006a04        0xc 
 .text.__early_init
                0x08006a10      0x268 C:\Users\ziemannt\AppData\Local\Temp\APS_DIGITAL_CGG.elf.4FBcRY.ltrans0.ltrans.o
                0x08006a10                __early_init
 *fill*         0x08006c78        0x8 
 .text.chThdExit
                0x08006c80       0x20 C:\Users\ziemannt\AppData\Local\Temp\APS_DIGITAL_CGG.elf.4FBcRY.ltrans0.ltrans.o
                0x08006c80                chThdExit
 .text.__port_schedule_next
                0x08006ca0       0x60 C:\Users\ziemannt\AppData\Local\Temp\APS_DIGITAL_CGG.elf.4FBcRY.ltrans0.ltrans.o
                0x08006ca0                __port_schedule_next
 .text._read_r  0x08006d00        0xc C:\Users\ziemannt\AppData\Local\Temp\APS_DIGITAL_CGG.elf.4FBcRY.ltrans0.ltrans.o
                0x08006d00                _read_r
 *fill*         0x08006d0c        0x4 
 .text._lseek_r
                0x08006d10        0x4 C:\Users\ziemannt\AppData\Local\Temp\APS_DIGITAL_CGG.elf.4FBcRY.ltrans0.ltrans.o
                0x08006d10                _lseek_r
 *fill*         0x08006d14        0xc 
 .text._write_r
                0x08006d20        0x4 C:\Users\ziemannt\AppData\Local\Temp\APS_DIGITAL_CGG.elf.4FBcRY.ltrans0.ltrans.o
                0x08006d20                _write_r
 *fill*         0x08006d24        0xc 
 .text._close_r
                0x08006d30        0x4 C:\Users\ziemannt\AppData\Local\Temp\APS_DIGITAL_CGG.elf.4FBcRY.ltrans0.ltrans.o
                0x08006d30                _close_r
 *fill*         0x08006d34        0xc 
 .text._sbrk_r  0x08006d40       0x50 C:\Users\ziemannt\AppData\Local\Temp\APS_DIGITAL_CGG.elf.4FBcRY.ltrans0.ltrans.o
                0x08006d40                _sbrk_r
 .text._fstat_r
                0x08006d90       0x18 C:\Users\ziemannt\AppData\Local\Temp\APS_DIGITAL_CGG.elf.4FBcRY.ltrans0.ltrans.o
                0x08006d90                _fstat_r
 *fill*         0x08006da8        0x8 
 .text._isatty_r
                0x08006db0        0x4 C:\Users\ziemannt\AppData\Local\Temp\APS_DIGITAL_CGG.elf.4FBcRY.ltrans0.ltrans.o
                0x08006db0                _isatty_r
 *fill*         0x08006db4        0xc 
 .text._exit    0x08006dc0       0x20 C:\Users\ziemannt\AppData\Local\Temp\APS_DIGITAL_CGG.elf.4FBcRY.ltrans0.ltrans.o
                0x08006dc0                _exit
 .text._kill    0x08006de0       0x20 C:\Users\ziemannt\AppData\Local\Temp\APS_DIGITAL_CGG.elf.4FBcRY.ltrans0.ltrans.o
                0x08006de0                _kill
 .text._getpid  0x08006e00        0x4 C:\Users\ziemannt\AppData\Local\Temp\APS_DIGITAL_CGG.elf.4FBcRY.ltrans0.ltrans.o
                0x08006e00                _getpid
 *fill*         0x08006e04        0xc 
 .text.startup.main
                0x08006e10      0xbd8 C:\Users\ziemannt\AppData\Local\Temp\APS_DIGITAL_CGG.elf.4FBcRY.ltrans0.ltrans.o
                0x08006e10                main
 .text.round    0x080079e8       0x94 c:/chibistudio/tools/gnu tools arm embedded/10.3 2021.07/bin/../lib/gcc/arm-none-eabi/10.3.1/../../../../arm-none-eabi/lib/thumb/v7e-m/nofp\libm.a(lib_a-s_round.o)
                0x080079e8                round
 .text.exp2     0x08007a7c       0x10 c:/chibistudio/tools/gnu tools arm embedded/10.3 2021.07/bin/../lib/gcc/arm-none-eabi/10.3.1/../../../../arm-none-eabi/lib/thumb/v7e-m/nofp\libm.a(lib_a-w_exp2.o)
                0x08007a7c                exp2
 .text.log      0x08007a8c       0x68 c:/chibistudio/tools/gnu tools arm embedded/10.3 2021.07/bin/../lib/gcc/arm-none-eabi/10.3.1/../../../../arm-none-eabi/lib/thumb/v7e-m/nofp\libm.a(lib_a-w_log.o)
                0x08007a8c                log
 .text.pow      0x08007af4       0xdc c:/chibistudio/tools/gnu tools arm embedded/10.3 2021.07/bin/../lib/gcc/arm-none-eabi/10.3.1/../../../../arm-none-eabi/lib/thumb/v7e-m/nofp\libm.a(lib_a-w_pow.o)
                0x08007af4                pow
 .text.__ieee754_log
                0x08007bd0      0x400 c:/chibistudio/tools/gnu tools arm embedded/10.3 2021.07/bin/../lib/gcc/arm-none-eabi/10.3.1/../../../../arm-none-eabi/lib/thumb/v7e-m/nofp\libm.a(lib_a-e_log.o)
                0x08007bd0                __ieee754_log
 .text.__ieee754_pow
                0x08007fd0      0xad8 c:/chibistudio/tools/gnu tools arm embedded/10.3 2021.07/bin/../lib/gcc/arm-none-eabi/10.3.1/../../../../arm-none-eabi/lib/thumb/v7e-m/nofp\libm.a(lib_a-e_pow.o)
                0x08007fd0                __ieee754_pow
 .text.__ieee754_sqrt
                0x08008aa8      0x18c c:/chibistudio/tools/gnu tools arm embedded/10.3 2021.07/bin/../lib/gcc/arm-none-eabi/10.3.1/../../../../arm-none-eabi/lib/thumb/v7e-m/nofp\libm.a(lib_a-e_sqrt.o)
                0x08008aa8                __ieee754_sqrt
 .text.with_errno
                0x08008c34       0x18 c:/chibistudio/tools/gnu tools arm embedded/10.3 2021.07/bin/../lib/gcc/arm-none-eabi/10.3.1/../../../../arm-none-eabi/lib/thumb/v7e-m/nofp\libm.a(lib_a-math_err.o)
 .text.xflow    0x08008c4c       0x30 c:/chibistudio/tools/gnu tools arm embedded/10.3 2021.07/bin/../lib/gcc/arm-none-eabi/10.3.1/../../../../arm-none-eabi/lib/thumb/v7e-m/nofp\libm.a(lib_a-math_err.o)
 .text.__math_uflow
                0x08008c7c        0xc c:/chibistudio/tools/gnu tools arm embedded/10.3 2021.07/bin/../lib/gcc/arm-none-eabi/10.3.1/../../../../arm-none-eabi/lib/thumb/v7e-m/nofp\libm.a(lib_a-math_err.o)
                0x08008c7c                __math_uflow
 .text.__math_oflow
                0x08008c88        0xc c:/chibistudio/tools/gnu tools arm embedded/10.3 2021.07/bin/../lib/gcc/arm-none-eabi/10.3.1/../../../../arm-none-eabi/lib/thumb/v7e-m/nofp\libm.a(lib_a-math_err.o)
                0x08008c88                __math_oflow
 .text.fabs     0x08008c94        0x8 c:/chibistudio/tools/gnu tools arm embedded/10.3 2021.07/bin/../lib/gcc/arm-none-eabi/10.3.1/../../../../arm-none-eabi/lib/thumb/v7e-m/nofp\libm.a(lib_a-s_fabs.o)
                0x08008c94                fabs
 .text.finite   0x08008c9c        0xc c:/chibistudio/tools/gnu tools arm embedded/10.3 2021.07/bin/../lib/gcc/arm-none-eabi/10.3.1/../../../../arm-none-eabi/lib/thumb/v7e-m/nofp\libm.a(lib_a-s_finite.o)
                0x08008c9c                finite
 .text.nan      0x08008ca8        0xc c:/chibistudio/tools/gnu tools arm embedded/10.3 2021.07/bin/../lib/gcc/arm-none-eabi/10.3.1/../../../../arm-none-eabi/lib/thumb/v7e-m/nofp\libm.a(lib_a-s_nan.o)
                0x08008ca8                nan
 *fill*         0x08008cb4        0x4 
 .text.scalbn   0x08008cb8       0xf4 c:/chibistudio/tools/gnu tools arm embedded/10.3 2021.07/bin/../lib/gcc/arm-none-eabi/10.3.1/../../../../arm-none-eabi/lib/thumb/v7e-m/nofp\libm.a(lib_a-s_scalbn.o)
                0x08008cb8                scalbn
 .text.__errno  0x08008dac        0xc c:/chibistudio/tools/gnu tools arm embedded/10.3 2021.07/bin/../lib/gcc/arm-none-eabi/10.3.1/../../../../arm-none-eabi/lib/thumb/v7e-m/nofp\libg.a(lib_a-errno.o)
                0x08008dac                __errno
 .text._strtod_l
                0x08008db8      0xf30 c:/chibistudio/tools/gnu tools arm embedded/10.3 2021.07/bin/../lib/gcc/arm-none-eabi/10.3.1/../../../../arm-none-eabi/lib/thumb/v7e-m/nofp\libg.a(lib_a-strtod.o)
                0x08008db8                _strtod_l
 .text.strtof   0x08009ce8       0xa0 c:/chibistudio/tools/gnu tools arm embedded/10.3 2021.07/bin/../lib/gcc/arm-none-eabi/10.3.1/../../../../arm-none-eabi/lib/thumb/v7e-m/nofp\libg.a(lib_a-strtod.o)
                0x08009ce8                strtof
 .text.rshift   0x08009d88       0xa4 c:/chibistudio/tools/gnu tools arm embedded/10.3 2021.07/bin/../lib/gcc/arm-none-eabi/10.3.1/../../../../arm-none-eabi/lib/thumb/v7e-m/nofp\libg.a(lib_a-gdtoa-gethex.o)
 .text.__gethex
                0x08009e2c      0x5bc c:/chibistudio/tools/gnu tools arm embedded/10.3 2021.07/bin/../lib/gcc/arm-none-eabi/10.3.1/../../../../arm-none-eabi/lib/thumb/v7e-m/nofp\libg.a(lib_a-gdtoa-gethex.o)
                0x08009e2c                __gethex
 .text.__match  0x0800a3e8       0x34 c:/chibistudio/tools/gnu tools arm embedded/10.3 2021.07/bin/../lib/gcc/arm-none-eabi/10.3.1/../../../../arm-none-eabi/lib/thumb/v7e-m/nofp\libg.a(lib_a-gdtoa-hexnan.o)
                0x0800a3e8                __match
 .text.__hexnan
                0x0800a41c      0x1ac c:/chibistudio/tools/gnu tools arm embedded/10.3 2021.07/bin/../lib/gcc/arm-none-eabi/10.3.1/../../../../arm-none-eabi/lib/thumb/v7e-m/nofp\libg.a(lib_a-gdtoa-hexnan.o)
                0x0800a41c                __hexnan
 .text.__locale_mb_cur_max
                0x0800a5c8        0xc c:/chibistudio/tools/gnu tools arm embedded/10.3 2021.07/bin/../lib/gcc/arm-none-eabi/10.3.1/../../../../arm-none-eabi/lib/thumb/v7e-m/nofp\libg.a(lib_a-locale.o)
                0x0800a5c8                __locale_mb_cur_max
 .text.__ascii_mbtowc
                0x0800a5d4       0x2c c:/chibistudio/tools/gnu tools arm embedded/10.3 2021.07/bin/../lib/gcc/arm-none-eabi/10.3.1/../../../../arm-none-eabi/lib/thumb/v7e-m/nofp\libg.a(lib_a-mbtowc_r.o)
                0x0800a5d4                __ascii_mbtowc
 .text._Balloc  0x0800a600       0x4c c:/chibistudio/tools/gnu tools arm embedded/10.3 2021.07/bin/../lib/gcc/arm-none-eabi/10.3.1/../../../../arm-none-eabi/lib/thumb/v7e-m/nofp\libg.a(lib_a-mprec.o)
                0x0800a600                _Balloc
 .text._Bfree   0x0800a64c       0x14 c:/chibistudio/tools/gnu tools arm embedded/10.3 2021.07/bin/../lib/gcc/arm-none-eabi/10.3.1/../../../../arm-none-eabi/lib/thumb/v7e-m/nofp\libg.a(lib_a-mprec.o)
                0x0800a64c                _Bfree
 .text.__multadd
                0x0800a660       0xa0 c:/chibistudio/tools/gnu tools arm embedded/10.3 2021.07/bin/../lib/gcc/arm-none-eabi/10.3.1/../../../../arm-none-eabi/lib/thumb/v7e-m/nofp\libg.a(lib_a-mprec.o)
                0x0800a660                __multadd
 .text.__s2b    0x0800a700       0xb4 c:/chibistudio/tools/gnu tools arm embedded/10.3 2021.07/bin/../lib/gcc/arm-none-eabi/10.3.1/../../../../arm-none-eabi/lib/thumb/v7e-m/nofp\libg.a(lib_a-mprec.o)
                0x0800a700                __s2b
 .text.__hi0bits
                0x0800a7b4       0x40 c:/chibistudio/tools/gnu tools arm embedded/10.3 2021.07/bin/../lib/gcc/arm-none-eabi/10.3.1/../../../../arm-none-eabi/lib/thumb/v7e-m/nofp\libg.a(lib_a-mprec.o)
                0x0800a7b4                __hi0bits
 .text.__lo0bits
                0x0800a7f4       0x5c c:/chibistudio/tools/gnu tools arm embedded/10.3 2021.07/bin/../lib/gcc/arm-none-eabi/10.3.1/../../../../arm-none-eabi/lib/thumb/v7e-m/nofp\libg.a(lib_a-mprec.o)
                0x0800a7f4                __lo0bits
 .text.__i2b    0x0800a850       0x5c c:/chibistudio/tools/gnu tools arm embedded/10.3 2021.07/bin/../lib/gcc/arm-none-eabi/10.3.1/../../../../arm-none-eabi/lib/thumb/v7e-m/nofp\libg.a(lib_a-mprec.o)
                0x0800a850                __i2b
 .text.__multiply
                0x0800a8ac      0x15c c:/chibistudio/tools/gnu tools arm embedded/10.3 2021.07/bin/../lib/gcc/arm-none-eabi/10.3.1/../../../../arm-none-eabi/lib/thumb/v7e-m/nofp\libg.a(lib_a-mprec.o)
                0x0800a8ac                __multiply
 .text.__pow5mult
                0x0800aa08       0xc0 c:/chibistudio/tools/gnu tools arm embedded/10.3 2021.07/bin/../lib/gcc/arm-none-eabi/10.3.1/../../../../arm-none-eabi/lib/thumb/v7e-m/nofp\libg.a(lib_a-mprec.o)
                0x0800aa08                __pow5mult
 .text.__lshift
                0x0800aac8       0xf0 c:/chibistudio/tools/gnu tools arm embedded/10.3 2021.07/bin/../lib/gcc/arm-none-eabi/10.3.1/../../../../arm-none-eabi/lib/thumb/v7e-m/nofp\libg.a(lib_a-mprec.o)
                0x0800aac8                __lshift
 .text.__mcmp   0x0800abb8       0x40 c:/chibistudio/tools/gnu tools arm embedded/10.3 2021.07/bin/../lib/gcc/arm-none-eabi/10.3.1/../../../../arm-none-eabi/lib/thumb/v7e-m/nofp\libg.a(lib_a-mprec.o)
                0x0800abb8                __mcmp
 .text.__mdiff  0x0800abf8      0x14c c:/chibistudio/tools/gnu tools arm embedded/10.3 2021.07/bin/../lib/gcc/arm-none-eabi/10.3.1/../../../../arm-none-eabi/lib/thumb/v7e-m/nofp\libg.a(lib_a-mprec.o)
                0x0800abf8                __mdiff
 .text.__ulp    0x0800ad44       0x44 c:/chibistudio/tools/gnu tools arm embedded/10.3 2021.07/bin/../lib/gcc/arm-none-eabi/10.3.1/../../../../arm-none-eabi/lib/thumb/v7e-m/nofp\libg.a(lib_a-mprec.o)
                0x0800ad44                __ulp
 .text.__b2d    0x0800ad88       0xd0 c:/chibistudio/tools/gnu tools arm embedded/10.3 2021.07/bin/../lib/gcc/arm-none-eabi/10.3.1/../../../../arm-none-eabi/lib/thumb/v7e-m/nofp\libg.a(lib_a-mprec.o)
                0x0800ad88                __b2d
 .text.__d2b    0x0800ae58       0xc4 c:/chibistudio/tools/gnu tools arm embedded/10.3 2021.07/bin/../lib/gcc/arm-none-eabi/10.3.1/../../../../arm-none-eabi/lib/thumb/v7e-m/nofp\libg.a(lib_a-mprec.o)
                0x0800ae58                __d2b
 .text.__ratio  0x0800af1c       0x5c c:/chibistudio/tools/gnu tools arm embedded/10.3 2021.07/bin/../lib/gcc/arm-none-eabi/10.3.1/../../../../arm-none-eabi/lib/thumb/v7e-m/nofp\libg.a(lib_a-mprec.o)
                0x0800af1c                __ratio
 .text.__copybits
                0x0800af78       0x5c c:/chibistudio/tools/gnu tools arm embedded/10.3 2021.07/bin/../lib/gcc/arm-none-eabi/10.3.1/../../../../arm-none-eabi/lib/thumb/v7e-m/nofp\libg.a(lib_a-mprec.o)
                0x0800af78                __copybits
 .text.__any_on
                0x0800afd4       0x60 c:/chibistudio/tools/gnu tools arm embedded/10.3 2021.07/bin/../lib/gcc/arm-none-eabi/10.3.1/../../../../arm-none-eabi/lib/thumb/v7e-m/nofp\libg.a(lib_a-mprec.o)
                0x0800afd4                __any_on
 .text.nanf     0x0800b034        0x8 c:/chibistudio/tools/gnu tools arm embedded/10.3 2021.07/bin/../lib/gcc/arm-none-eabi/10.3.1/../../../../arm-none-eabi/lib/thumb/v7e-m/nofp\libg.a(lib_a-sf_nan.o)
                0x0800b034                nanf
 .text.strncmp  0x0800b03c       0x80 c:/chibistudio/tools/gnu tools arm embedded/10.3 2021.07/bin/../lib/gcc/arm-none-eabi/10.3.1/../../../../arm-none-eabi/lib/thumb/v7e-m/nofp\libg.a(lib_a-strncmp.o)
                0x0800b03c                strncmp
 .text.__ascii_wctomb
                0x0800b0bc       0x1c c:/chibistudio/tools/gnu tools arm embedded/10.3 2021.07/bin/../lib/gcc/arm-none-eabi/10.3.1/../../../../arm-none-eabi/lib/thumb/v7e-m/nofp\libg.a(lib_a-wctomb_r.o)
                0x0800b0bc                __ascii_wctomb
 .text.__assert_func
                0x0800b0d8       0x40 c:/chibistudio/tools/gnu tools arm embedded/10.3 2021.07/bin/../lib/gcc/arm-none-eabi/10.3.1/../../../../arm-none-eabi/lib/thumb/v7e-m/nofp\libg.a(lib_a-assert.o)
                0x0800b0d8                __assert_func
 .text._calloc_r
                0x0800b118       0x78 c:/chibistudio/tools/gnu tools arm embedded/10.3 2021.07/bin/../lib/gcc/arm-none-eabi/10.3.1/../../../../arm-none-eabi/lib/thumb/v7e-m/nofp\libg.a(lib_a-callocr.o)
                0x0800b118                _calloc_r
 .text.fiprintf
                0x0800b190       0x28 c:/chibistudio/tools/gnu tools arm embedded/10.3 2021.07/bin/../lib/gcc/arm-none-eabi/10.3.1/../../../../arm-none-eabi/lib/thumb/v7e-m/nofp\libg.a(lib_a-fiprintf.o)
                0x0800b190                fiprintf
 .text._malloc_r
                0x0800b1b8      0x560 c:/chibistudio/tools/gnu tools arm embedded/10.3 2021.07/bin/../lib/gcc/arm-none-eabi/10.3.1/../../../../arm-none-eabi/lib/thumb/v7e-m/nofp\libg.a(lib_a-mallocr.o)
                0x0800b1b8                _malloc_r
 .text.memset   0x0800b718       0xa4 c:/chibistudio/tools/gnu tools arm embedded/10.3 2021.07/bin/../lib/gcc/arm-none-eabi/10.3.1/../../../../arm-none-eabi/lib/thumb/v7e-m/nofp\libg.a(lib_a-memset.o)
                0x0800b718                memset
 .text.__malloc_lock
                0x0800b7bc        0xc c:/chibistudio/tools/gnu tools arm embedded/10.3 2021.07/bin/../lib/gcc/arm-none-eabi/10.3.1/../../../../arm-none-eabi/lib/thumb/v7e-m/nofp\libg.a(lib_a-mlock.o)
                0x0800b7bc                __malloc_lock
 .text.__malloc_unlock
                0x0800b7c8        0xc c:/chibistudio/tools/gnu tools arm embedded/10.3 2021.07/bin/../lib/gcc/arm-none-eabi/10.3.1/../../../../arm-none-eabi/lib/thumb/v7e-m/nofp\libg.a(lib_a-mlock.o)
                0x0800b7c8                __malloc_unlock
 .text.__sprint_r.part.0
                0x0800b7d4       0x78 c:/chibistudio/tools/gnu tools arm embedded/10.3 2021.07/bin/../lib/gcc/arm-none-eabi/10.3.1/../../../../arm-none-eabi/lib/thumb/v7e-m/nofp\libg.a(lib_a-vfiprintf.o)
 .text._vfiprintf_r
                0x0800b84c      0xda0 c:/chibistudio/tools/gnu tools arm embedded/10.3 2021.07/bin/../lib/gcc/arm-none-eabi/10.3.1/../../../../arm-none-eabi/lib/thumb/v7e-m/nofp\libg.a(lib_a-vfiprintf.o)
                0x0800b84c                _vfiprintf_r
 .text.__sbprintf
                0x0800c5ec       0x80 c:/chibistudio/tools/gnu tools arm embedded/10.3 2021.07/bin/../lib/gcc/arm-none-eabi/10.3.1/../../../../arm-none-eabi/lib/thumb/v7e-m/nofp\libg.a(lib_a-vfiprintf.o)
 .text.__swsetup_r
                0x0800c66c       0xd4 c:/chibistudio/tools/gnu tools arm embedded/10.3 2021.07/bin/../lib/gcc/arm-none-eabi/10.3.1/../../../../arm-none-eabi/lib/thumb/v7e-m/nofp\libg.a(lib_a-wsetup.o)
                0x0800c66c                __swsetup_r
 .text.abort    0x0800c740       0x10 c:/chibistudio/tools/gnu tools arm embedded/10.3 2021.07/bin/../lib/gcc/arm-none-eabi/10.3.1/../../../../arm-none-eabi/lib/thumb/v7e-m/nofp\libg.a(lib_a-abort.o)
                0x0800c740                abort
 .text.__sflush_r
                0x0800c750      0x120 c:/chibistudio/tools/gnu tools arm embedded/10.3 2021.07/bin/../lib/gcc/arm-none-eabi/10.3.1/../../../../arm-none-eabi/lib/thumb/v7e-m/nofp\libg.a(lib_a-fflush.o)
                0x0800c750                __sflush_r
 .text._fflush_r
                0x0800c870       0x5c c:/chibistudio/tools/gnu tools arm embedded/10.3 2021.07/bin/../lib/gcc/arm-none-eabi/10.3.1/../../../../arm-none-eabi/lib/thumb/v7e-m/nofp\libg.a(lib_a-fflush.o)
                0x0800c870                _fflush_r
 .text._cleanup_r
                0x0800c8cc        0xc c:/chibistudio/tools/gnu tools arm embedded/10.3 2021.07/bin/../lib/gcc/arm-none-eabi/10.3.1/../../../../arm-none-eabi/lib/thumb/v7e-m/nofp\libg.a(lib_a-findfp.o)
                0x0800c8cc                _cleanup_r
 .text.__sinit  0x0800c8d8      0x10c c:/chibistudio/tools/gnu tools arm embedded/10.3 2021.07/bin/../lib/gcc/arm-none-eabi/10.3.1/../../../../arm-none-eabi/lib/thumb/v7e-m/nofp\libg.a(lib_a-findfp.o)
                0x0800c8d8                __sinit
 .text.__sfp_lock_acquire
                0x0800c9e4        0xc c:/chibistudio/tools/gnu tools arm embedded/10.3 2021.07/bin/../lib/gcc/arm-none-eabi/10.3.1/../../../../arm-none-eabi/lib/thumb/v7e-m/nofp\libg.a(lib_a-findfp.o)
                0x0800c9e4                __sfp_lock_acquire
 .text.__sfp_lock_release
                0x0800c9f0        0xc c:/chibistudio/tools/gnu tools arm embedded/10.3 2021.07/bin/../lib/gcc/arm-none-eabi/10.3.1/../../../../arm-none-eabi/lib/thumb/v7e-m/nofp\libg.a(lib_a-findfp.o)
                0x0800c9f0                __sfp_lock_release
 .text.__fputwc
                0x0800c9fc       0xa8 c:/chibistudio/tools/gnu tools arm embedded/10.3 2021.07/bin/../lib/gcc/arm-none-eabi/10.3.1/../../../../arm-none-eabi/lib/thumb/v7e-m/nofp\libg.a(lib_a-fputwc.o)
                0x0800c9fc                __fputwc
 .text._fputwc_r
                0x0800caa4       0x68 c:/chibistudio/tools/gnu tools arm embedded/10.3 2021.07/bin/../lib/gcc/arm-none-eabi/10.3.1/../../../../arm-none-eabi/lib/thumb/v7e-m/nofp\libg.a(lib_a-fputwc.o)
                0x0800caa4                _fputwc_r
 .text._malloc_trim_r
                0x0800cb0c       0xa0 c:/chibistudio/tools/gnu tools arm embedded/10.3 2021.07/bin/../lib/gcc/arm-none-eabi/10.3.1/../../../../arm-none-eabi/lib/thumb/v7e-m/nofp\libg.a(lib_a-freer.o)
                0x0800cb0c                _malloc_trim_r
 .text._free_r  0x0800cbac      0x20c c:/chibistudio/tools/gnu tools arm embedded/10.3 2021.07/bin/../lib/gcc/arm-none-eabi/10.3.1/../../../../arm-none-eabi/lib/thumb/v7e-m/nofp\libg.a(lib_a-freer.o)
                0x0800cbac                _free_r
 .text.__sfvwrite_r
                0x0800cdb8      0x2e8 c:/chibistudio/tools/gnu tools arm embedded/10.3 2021.07/bin/../lib/gcc/arm-none-eabi/10.3.1/../../../../arm-none-eabi/lib/thumb/v7e-m/nofp\libg.a(lib_a-fvwrite.o)
                0x0800cdb8                __sfvwrite_r
 .text._fwalk_reent
                0x0800d0a0       0x48 c:/chibistudio/tools/gnu tools arm embedded/10.3 2021.07/bin/../lib/gcc/arm-none-eabi/10.3.1/../../../../arm-none-eabi/lib/thumb/v7e-m/nofp\libg.a(lib_a-fwalk.o)
                0x0800d0a0                _fwalk_reent
 .text._localeconv_r
                0x0800d0e8        0x8 c:/chibistudio/tools/gnu tools arm embedded/10.3 2021.07/bin/../lib/gcc/arm-none-eabi/10.3.1/../../../../arm-none-eabi/lib/thumb/v7e-m/nofp\libg.a(lib_a-localeconv.o)
                0x0800d0e8                _localeconv_r
 .text.__retarget_lock_init_recursive
                0x0800d0f0        0x4 c:/chibistudio/tools/gnu tools arm embedded/10.3 2021.07/bin/../lib/gcc/arm-none-eabi/10.3.1/../../../../arm-none-eabi/lib/thumb/v7e-m/nofp\libg.a(lib_a-lock.o)
                0x0800d0f0                __retarget_lock_init_recursive
 .text.__retarget_lock_close_recursive
                0x0800d0f4        0x4 c:/chibistudio/tools/gnu tools arm embedded/10.3 2021.07/bin/../lib/gcc/arm-none-eabi/10.3.1/../../../../arm-none-eabi/lib/thumb/v7e-m/nofp\libg.a(lib_a-lock.o)
                0x0800d0f4                __retarget_lock_close_recursive
 .text.__retarget_lock_acquire_recursive
                0x0800d0f8        0x4 c:/chibistudio/tools/gnu tools arm embedded/10.3 2021.07/bin/../lib/gcc/arm-none-eabi/10.3.1/../../../../arm-none-eabi/lib/thumb/v7e-m/nofp\libg.a(lib_a-lock.o)
                0x0800d0f8                __retarget_lock_acquire_recursive
 .text.__retarget_lock_release_recursive
                0x0800d0fc        0x4 c:/chibistudio/tools/gnu tools arm embedded/10.3 2021.07/bin/../lib/gcc/arm-none-eabi/10.3.1/../../../../arm-none-eabi/lib/thumb/v7e-m/nofp\libg.a(lib_a-lock.o)
                0x0800d0fc                __retarget_lock_release_recursive
 .text.__smakebuf_r
                0x0800d100       0xe0 c:/chibistudio/tools/gnu tools arm embedded/10.3 2021.07/bin/../lib/gcc/arm-none-eabi/10.3.1/../../../../arm-none-eabi/lib/thumb/v7e-m/nofp\libg.a(lib_a-makebuf.o)
                0x0800d100                __smakebuf_r
 .text.memmove  0x0800d1e0       0xf8 c:/chibistudio/tools/gnu tools arm embedded/10.3 2021.07/bin/../lib/gcc/arm-none-eabi/10.3.1/../../../../arm-none-eabi/lib/thumb/v7e-m/nofp\libg.a(lib_a-memmove.o)
                0x0800d1e0                memmove
 .text._realloc_r
                0x0800d2d8      0x3d8 c:/chibistudio/tools/gnu tools arm embedded/10.3 2021.07/bin/../lib/gcc/arm-none-eabi/10.3.1/../../../../arm-none-eabi/lib/thumb/v7e-m/nofp\libg.a(lib_a-reallocr.o)
                0x0800d2d8                _realloc_r
 .text.raise    0x0800d6b0       0x5c c:/chibistudio/tools/gnu tools arm embedded/10.3 2021.07/bin/../lib/gcc/arm-none-eabi/10.3.1/../../../../arm-none-eabi/lib/thumb/v7e-m/nofp\libg.a(lib_a-signal.o)
                0x0800d6b0                raise
 .text._kill_r  0x0800d70c       0x2c c:/chibistudio/tools/gnu tools arm embedded/10.3 2021.07/bin/../lib/gcc/arm-none-eabi/10.3.1/../../../../arm-none-eabi/lib/thumb/v7e-m/nofp\libg.a(lib_a-signalr.o)
                0x0800d70c                _kill_r
 .text._getpid_r
                0x0800d738        0x4 c:/chibistudio/tools/gnu tools arm embedded/10.3 2021.07/bin/../lib/gcc/arm-none-eabi/10.3.1/../../../../arm-none-eabi/lib/thumb/v7e-m/nofp\libg.a(lib_a-signalr.o)
                0x0800d738                _getpid_r
 .text.__sread  0x0800d73c       0x24 c:/chibistudio/tools/gnu tools arm embedded/10.3 2021.07/bin/../lib/gcc/arm-none-eabi/10.3.1/../../../../arm-none-eabi/lib/thumb/v7e-m/nofp\libg.a(lib_a-stdio.o)
                0x0800d73c                __sread
 .text.__swrite
                0x0800d760       0x40 c:/chibistudio/tools/gnu tools arm embedded/10.3 2021.07/bin/../lib/gcc/arm-none-eabi/10.3.1/../../../../arm-none-eabi/lib/thumb/v7e-m/nofp\libg.a(lib_a-stdio.o)
                0x0800d760                __swrite
 .text.__sseek  0x0800d7a0       0x20 c:/chibistudio/tools/gnu tools arm embedded/10.3 2021.07/bin/../lib/gcc/arm-none-eabi/10.3.1/../../../../arm-none-eabi/lib/thumb/v7e-m/nofp\libg.a(lib_a-stdio.o)
                0x0800d7a0                __sseek
 .text.__sclose
                0x0800d7c0        0x8 c:/chibistudio/tools/gnu tools arm embedded/10.3 2021.07/bin/../lib/gcc/arm-none-eabi/10.3.1/../../../../arm-none-eabi/lib/thumb/v7e-m/nofp\libg.a(lib_a-stdio.o)
                0x0800d7c0                __sclose
 .text.strncpy  0x0800d7c8       0x64 c:/chibistudio/tools/gnu tools arm embedded/10.3 2021.07/bin/../lib/gcc/arm-none-eabi/10.3.1/../../../../arm-none-eabi/lib/thumb/v7e-m/nofp\libg.a(lib_a-strncpy.o)
                0x0800d7c8                strncpy
 .text.__swbuf_r
                0x0800d82c       0xb0 c:/chibistudio/tools/gnu tools arm embedded/10.3 2021.07/bin/../lib/gcc/arm-none-eabi/10.3.1/../../../../arm-none-eabi/lib/thumb/v7e-m/nofp\libg.a(lib_a-wbuf.o)
                0x0800d82c                __swbuf_r
 .text._wcrtomb_r
                0x0800d8dc       0x3c c:/chibistudio/tools/gnu tools arm embedded/10.3 2021.07/bin/../lib/gcc/arm-none-eabi/10.3.1/../../../../arm-none-eabi/lib/thumb/v7e-m/nofp\libg.a(lib_a-wcrtomb.o)
                0x0800d8dc                _wcrtomb_r
 .text._fclose_r
                0x0800d918       0xcc c:/chibistudio/tools/gnu tools arm embedded/10.3 2021.07/bin/../lib/gcc/arm-none-eabi/10.3.1/../../../../arm-none-eabi/lib/thumb/v7e-m/nofp\libg.a(lib_a-fclose.o)
                0x0800d918                _fclose_r
 .text.strcasecmp
                0x0800d9e4       0x4c c:/chibistudio/tools/gnu tools arm embedded/10.3 2021.07/bin/../lib/gcc/arm-none-eabi/10.3.1/../../../../arm-none-eabi/lib/thumb/v7e-m/nofp\libg.a(lib_a-strcasecmp.o)
                0x0800d9e4                strcasecmp
 .text.strchr   0x0800da30       0xcc c:/chibistudio/tools/gnu tools arm embedded/10.3 2021.07/bin/../lib/gcc/arm-none-eabi/10.3.1/../../../../arm-none-eabi/lib/thumb/v7e-m/nofp\libg.a(lib_a-strchr.o)
                0x0800da30                strchr
 .text.strpbrk  0x0800dafc       0x38 c:/chibistudio/tools/gnu tools arm embedded/10.3 2021.07/bin/../lib/gcc/arm-none-eabi/10.3.1/../../../../arm-none-eabi/lib/thumb/v7e-m/nofp\libg.a(lib_a-strpbrk.o)
                0x0800dafc                strpbrk
 .text.strspn   0x0800db34       0x30 c:/chibistudio/tools/gnu tools arm embedded/10.3 2021.07/bin/../lib/gcc/arm-none-eabi/10.3.1/../../../../arm-none-eabi/lib/thumb/v7e-m/nofp\libg.a(lib_a-strspn.o)
                0x0800db34                strspn
 *(.glue_7t)
 .glue_7t       0x0800db64        0x0 linker stubs
 *(.glue_7)
 .glue_7        0x0800db64        0x0 linker stubs
 *(.gcc*)
                0x0800db64                __text_end__ = .

.vfp11_veneer   0x0800db64        0x0
 .vfp11_veneer  0x0800db64        0x0 linker stubs

.v4_bx          0x0800db64        0x0
 .v4_bx         0x0800db64        0x0 linker stubs

.iplt           0x0800db64        0x0
 .iplt          0x0800db64        0x0 ./build/obj/crt0_v7m.o

.rodata         0x0800db68     0x137c
                0x0800db68                __rodata_base__ = .
 *(.rodata)
 .rodata        0x0800db68       0x18 C:\Users\ziemannt\AppData\Local\Temp\APS_DIGITAL_CGG.elf.4FBcRY.ltrans0.ltrans.o
 *(.rodata.*)
 .rodata.spi_lld_serve_rx_interrupt.str1.4
                0x0800db80        0xc C:\Users\ziemannt\AppData\Local\Temp\APS_DIGITAL_CGG.elf.4FBcRY.ltrans0.ltrans.o
 .rodata.Thread_LED.str1.4
                0x0800db8c        0x4 C:\Users\ziemannt\AppData\Local\Temp\APS_DIGITAL_CGG.elf.4FBcRY.ltrans0.ltrans.o
 .rodata.chprintf.str1.4
                0x0800db90        0x7 C:\Users\ziemannt\AppData\Local\Temp\APS_DIGITAL_CGG.elf.4FBcRY.ltrans0.ltrans.o
 .rodata.cmd_info.str1.4
                0x0800db90      0x175 C:\Users\ziemannt\AppData\Local\Temp\APS_DIGITAL_CGG.elf.4FBcRY.ltrans0.ltrans.o
 *fill*         0x0800dd05        0x3 
 .rodata.cmd_echo.str1.4
                0x0800dd08       0x15 C:\Users\ziemannt\AppData\Local\Temp\APS_DIGITAL_CGG.elf.4FBcRY.ltrans0.ltrans.o
 *fill*         0x0800dd1d        0x3 
 .rodata.cmd_systime.str1.4
                0x0800dd20        0xe C:\Users\ziemannt\AppData\Local\Temp\APS_DIGITAL_CGG.elf.4FBcRY.ltrans0.ltrans.o
 *fill*         0x0800dd2e        0x2 
 .rodata.cmd_mem.str1.4
                0x0800dd30       0x7a C:\Users\ziemannt\AppData\Local\Temp\APS_DIGITAL_CGG.elf.4FBcRY.ltrans0.ltrans.o
 *fill*         0x0800ddaa        0x2 
 .rodata.cmd_threads.str1.4
                0x0800ddac       0x78 C:\Users\ziemannt\AppData\Local\Temp\APS_DIGITAL_CGG.elf.4FBcRY.ltrans0.ltrans.o
                                 0x7c (size before relaxing)
 .rodata.cmd_status.str1.4
                0x0800de24       0x10 C:\Users\ziemannt\AppData\Local\Temp\APS_DIGITAL_CGG.elf.4FBcRY.ltrans0.ltrans.o
 .rodata.cmd_selftest.str1.4
                0x0800de34       0x17 C:\Users\ziemannt\AppData\Local\Temp\APS_DIGITAL_CGG.elf.4FBcRY.ltrans0.ltrans.o
 *fill*         0x0800de4b        0x1 
 .rodata.cmd_stop.str1.4
                0x0800de4c       0x23 C:\Users\ziemannt\AppData\Local\Temp\APS_DIGITAL_CGG.elf.4FBcRY.ltrans0.ltrans.o
 *fill*         0x0800de6f        0x1 
 .rodata.cmd_reset.str1.4
                0x0800de70       0x19 C:\Users\ziemannt\AppData\Local\Temp\APS_DIGITAL_CGG.elf.4FBcRY.ltrans0.ltrans.o
 .rodata.shellGetLine.constprop.0.isra.0.str1.4
                0x0800de89       0x19 C:\Users\ziemannt\AppData\Local\Temp\APS_DIGITAL_CGG.elf.4FBcRY.ltrans0.ltrans.o
                                  0x3 (size before relaxing)
 *fill*         0x0800de89        0x3 
 .rodata.parse_arguments.str1.4
                0x0800de8c        0x3 C:\Users\ziemannt\AppData\Local\Temp\APS_DIGITAL_CGG.elf.4FBcRY.ltrans0.ltrans.o
 *fill*         0x0800de8f        0x1 
 .rodata.shellThread.str1.4
                0x0800de90       0x6d C:\Users\ziemannt\AppData\Local\Temp\APS_DIGITAL_CGG.elf.4FBcRY.ltrans0.ltrans.o
 *fill*         0x0800defd        0x3 
 .rodata.Thread_DD.str1.4
                0x0800df00       0x54 C:\Users\ziemannt\AppData\Local\Temp\APS_DIGITAL_CGG.elf.4FBcRY.ltrans0.ltrans.o
 .rodata.cmd_DD_test.str1.4
                0x0800df54      0x440 C:\Users\ziemannt\AppData\Local\Temp\APS_DIGITAL_CGG.elf.4FBcRY.ltrans0.ltrans.o
 .rodata.chThdCreateStatic.constprop.0.isra.0.str1.4
                0x0800e394        0x7 C:\Users\ziemannt\AppData\Local\Temp\APS_DIGITAL_CGG.elf.4FBcRY.ltrans0.ltrans.o
 *fill*         0x0800e39b        0x1 
 .rodata._exit.str1.4
                0x0800e39c        0x5 C:\Users\ziemannt\AppData\Local\Temp\APS_DIGITAL_CGG.elf.4FBcRY.ltrans0.ltrans.o
 *fill*         0x0800e3a1        0x3 
 .rodata._kill.str1.4
                0x0800e3a4        0x5 C:\Users\ziemannt\AppData\Local\Temp\APS_DIGITAL_CGG.elf.4FBcRY.ltrans0.ltrans.o
 *fill*         0x0800e3a9        0x3 
 .rodata.main.str1.4
                0x0800e3ac       0x65 C:\Users\ziemannt\AppData\Local\Temp\APS_DIGITAL_CGG.elf.4FBcRY.ltrans0.ltrans.o
 *fill*         0x0800e411        0x3 
 .rodata.str1.4
                0x0800e414       0xc9 C:\Users\ziemannt\AppData\Local\Temp\APS_DIGITAL_CGG.elf.4FBcRY.ltrans0.ltrans.o
 *fill*         0x0800e4dd        0x3 
 .rodata._stm32_dma_streams
                0x0800e4e0      0x140 C:\Users\ziemannt\AppData\Local\Temp\APS_DIGITAL_CGG.elf.4FBcRY.ltrans0.ltrans.o
 .rodata.active_status
                0x0800e620        0x2 C:\Users\ziemannt\AppData\Local\Temp\APS_DIGITAL_CGG.elf.4FBcRY.ltrans0.ltrans.o
 *fill*         0x0800e622        0x2 
 .rodata.ch_core0_cfg
                0x0800e624       0x14 C:\Users\ziemannt\AppData\Local\Temp\APS_DIGITAL_CGG.elf.4FBcRY.ltrans0.ltrans.o
 .rodata.ch_debug
                0x0800e638       0x2c C:\Users\ziemannt\AppData\Local\Temp\APS_DIGITAL_CGG.elf.4FBcRY.ltrans0.ltrans.o
 .rodata.commands
                0x0800e664       0x40 C:\Users\ziemannt\AppData\Local\Temp\APS_DIGITAL_CGG.elf.4FBcRY.ltrans0.ltrans.o
 .rodata.default_config
                0x0800e6a4       0x14 C:\Users\ziemannt\AppData\Local\Temp\APS_DIGITAL_CGG.elf.4FBcRY.ltrans0.ltrans.o
 .rodata.ep0config
                0x0800e6b8       0x24 C:\Users\ziemannt\AppData\Local\Temp\APS_DIGITAL_CGG.elf.4FBcRY.ltrans0.ltrans.o
 .rodata.ep1config
                0x0800e6dc       0x24 C:\Users\ziemannt\AppData\Local\Temp\APS_DIGITAL_CGG.elf.4FBcRY.ltrans0.ltrans.o
 .rodata.ep2config
                0x0800e700       0x24 C:\Users\ziemannt\AppData\Local\Temp\APS_DIGITAL_CGG.elf.4FBcRY.ltrans0.ltrans.o
 .rodata.gpt5cfg.2
                0x0800e724       0x10 C:\Users\ziemannt\AppData\Local\Temp\APS_DIGITAL_CGG.elf.4FBcRY.ltrans0.ltrans.o
 .rodata.halted_status
                0x0800e734        0x2 C:\Users\ziemannt\AppData\Local\Temp\APS_DIGITAL_CGG.elf.4FBcRY.ltrans0.ltrans.o
 *fill*         0x0800e736        0x2 
 .rodata.pow10  0x0800e738       0x24 C:\Users\ziemannt\AppData\Local\Temp\APS_DIGITAL_CGG.elf.4FBcRY.ltrans0.ltrans.o
 .rodata.ram_areas
                0x0800e75c       0x80 C:\Users\ziemannt\AppData\Local\Temp\APS_DIGITAL_CGG.elf.4FBcRY.ltrans0.ltrans.o
 .rodata.serusbcfg
                0x0800e7dc        0x8 C:\Users\ziemannt\AppData\Local\Temp\APS_DIGITAL_CGG.elf.4FBcRY.ltrans0.ltrans.o
 .rodata.shell_cfg1
                0x0800e7e4        0x8 C:\Users\ziemannt\AppData\Local\Temp\APS_DIGITAL_CGG.elf.4FBcRY.ltrans0.ltrans.o
 .rodata.shell_cfg2
                0x0800e7ec        0x8 C:\Users\ziemannt\AppData\Local\Temp\APS_DIGITAL_CGG.elf.4FBcRY.ltrans0.ltrans.o
 .rodata.shell_local_commands
                0x0800e7f4       0x30 C:\Users\ziemannt\AppData\Local\Temp\APS_DIGITAL_CGG.elf.4FBcRY.ltrans0.ltrans.o
 .rodata.states.0
                0x0800e824       0x40 C:\Users\ziemannt\AppData\Local\Temp\APS_DIGITAL_CGG.elf.4FBcRY.ltrans0.ltrans.o
 .rodata.usbcfg
                0x0800e864       0x10 C:\Users\ziemannt\AppData\Local\Temp\APS_DIGITAL_CGG.elf.4FBcRY.ltrans0.ltrans.o
 .rodata.vcom_configuration_descriptor
                0x0800e874        0x8 C:\Users\ziemannt\AppData\Local\Temp\APS_DIGITAL_CGG.elf.4FBcRY.ltrans0.ltrans.o
 .rodata.vcom_configuration_descriptor_data
                0x0800e87c       0x43 C:\Users\ziemannt\AppData\Local\Temp\APS_DIGITAL_CGG.elf.4FBcRY.ltrans0.ltrans.o
 *fill*         0x0800e8bf        0x1 
 .rodata.vcom_device_descriptor
                0x0800e8c0        0x8 C:\Users\ziemannt\AppData\Local\Temp\APS_DIGITAL_CGG.elf.4FBcRY.ltrans0.ltrans.o
 .rodata.vcom_device_descriptor_data
                0x0800e8c8       0x12 C:\Users\ziemannt\AppData\Local\Temp\APS_DIGITAL_CGG.elf.4FBcRY.ltrans0.ltrans.o
 *fill*         0x0800e8da        0x2 
 .rodata.vcom_string0
                0x0800e8dc        0x4 C:\Users\ziemannt\AppData\Local\Temp\APS_DIGITAL_CGG.elf.4FBcRY.ltrans0.ltrans.o
 .rodata.vcom_string1
                0x0800e8e0       0x26 C:\Users\ziemannt\AppData\Local\Temp\APS_DIGITAL_CGG.elf.4FBcRY.ltrans0.ltrans.o
 *fill*         0x0800e906        0x2 
 .rodata.vcom_string2
                0x0800e908       0x38 C:\Users\ziemannt\AppData\Local\Temp\APS_DIGITAL_CGG.elf.4FBcRY.ltrans0.ltrans.o
 .rodata.vcom_string3
                0x0800e940        0x8 C:\Users\ziemannt\AppData\Local\Temp\APS_DIGITAL_CGG.elf.4FBcRY.ltrans0.ltrans.o
 .rodata.vcom_strings
                0x0800e948       0x20 C:\Users\ziemannt\AppData\Local\Temp\APS_DIGITAL_CGG.elf.4FBcRY.ltrans0.ltrans.o
 .rodata.vmt.lto_priv.0
                0x0800e968       0x28 C:\Users\ziemannt\AppData\Local\Temp\APS_DIGITAL_CGG.elf.4FBcRY.ltrans0.ltrans.o
 .rodata.vmt.lto_priv.1
                0x0800e990       0x28 C:\Users\ziemannt\AppData\Local\Temp\APS_DIGITAL_CGG.elf.4FBcRY.ltrans0.ltrans.o
 .rodata.zero_status
                0x0800e9b8        0x2 C:\Users\ziemannt\AppData\Local\Temp\APS_DIGITAL_CGG.elf.4FBcRY.ltrans0.ltrans.o
 .rodata.log.str1.4
                0x0800e9ba        0x0 c:/chibistudio/tools/gnu tools arm embedded/10.3 2021.07/bin/../lib/gcc/arm-none-eabi/10.3.1/../../../../arm-none-eabi/lib/thumb/v7e-m/nofp\libm.a(lib_a-w_log.o)
                                  0x1 (size before relaxing)
 *fill*         0x0800e9ba        0x2 
 .rodata._ctype_
                0x0800e9bc      0x101 c:/chibistudio/tools/gnu tools arm embedded/10.3 2021.07/bin/../lib/gcc/arm-none-eabi/10.3.1/../../../../arm-none-eabi/lib/thumb/v7e-m/nofp\libg.a(lib_a-ctype_.o)
                0x0800e9bc                _ctype_
 *fill*         0x0800eabd        0x3 
 .rodata._strtod_l.str1.4
                0x0800eac0        0xf c:/chibistudio/tools/gnu tools arm embedded/10.3 2021.07/bin/../lib/gcc/arm-none-eabi/10.3.1/../../../../arm-none-eabi/lib/thumb/v7e-m/nofp\libg.a(lib_a-strtod.o)
                                 0x11 (size before relaxing)
 *fill*         0x0800eacf        0x1 
 .rodata.fpi.1  0x0800ead0       0x14 c:/chibistudio/tools/gnu tools arm embedded/10.3 2021.07/bin/../lib/gcc/arm-none-eabi/10.3.1/../../../../arm-none-eabi/lib/thumb/v7e-m/nofp\libg.a(lib_a-strtod.o)
 .rodata.fpinan.0
                0x0800eae4       0x14 c:/chibistudio/tools/gnu tools arm embedded/10.3 2021.07/bin/../lib/gcc/arm-none-eabi/10.3.1/../../../../arm-none-eabi/lib/thumb/v7e-m/nofp\libg.a(lib_a-strtod.o)
 .rodata.tinytens
                0x0800eaf8       0x28 c:/chibistudio/tools/gnu tools arm embedded/10.3 2021.07/bin/../lib/gcc/arm-none-eabi/10.3.1/../../../../arm-none-eabi/lib/thumb/v7e-m/nofp\libg.a(lib_a-strtod.o)
 .rodata.__gethex.str1.4
                0x0800eb20       0x9a c:/chibistudio/tools/gnu tools arm embedded/10.3 2021.07/bin/../lib/gcc/arm-none-eabi/10.3.1/../../../../arm-none-eabi/lib/thumb/v7e-m/nofp\libg.a(lib_a-gdtoa-gethex.o)
 *fill*         0x0800ebba        0x2 
 .rodata.__hexdig
                0x0800ebbc      0x100 c:/chibistudio/tools/gnu tools arm embedded/10.3 2021.07/bin/../lib/gcc/arm-none-eabi/10.3.1/../../../../arm-none-eabi/lib/thumb/v7e-m/nofp\libg.a(lib_a-gdtoa-gethex.o)
                0x0800ebbc                __hexdig
 .rodata.str1.4
                0x0800ecbc        0x2 c:/chibistudio/tools/gnu tools arm embedded/10.3 2021.07/bin/../lib/gcc/arm-none-eabi/10.3.1/../../../../arm-none-eabi/lib/thumb/v7e-m/nofp\libg.a(lib_a-lnumeric.o)
                                  0x5 (size before relaxing)
 *fill*         0x0800ecbe        0x2 
 .rodata._C_numeric_locale
                0x0800ecc0        0xc c:/chibistudio/tools/gnu tools arm embedded/10.3 2021.07/bin/../lib/gcc/arm-none-eabi/10.3.1/../../../../arm-none-eabi/lib/thumb/v7e-m/nofp\libg.a(lib_a-lnumeric.o)
                0x0800ecc0                _C_numeric_locale
 .rodata._setlocale_r.str1.4
                0x0800eccc        0xa c:/chibistudio/tools/gnu tools arm embedded/10.3 2021.07/bin/../lib/gcc/arm-none-eabi/10.3.1/../../../../arm-none-eabi/lib/thumb/v7e-m/nofp\libg.a(lib_a-locale.o)
                                  0xd (size before relaxing)
 .rodata.str1.4
                0x0800ecd6        0x2 c:/chibistudio/tools/gnu tools arm embedded/10.3 2021.07/bin/../lib/gcc/arm-none-eabi/10.3.1/../../../../arm-none-eabi/lib/thumb/v7e-m/nofp\libg.a(lib_a-locale.o)
 *fill*         0x0800ecd6        0x2 
 .rodata.__multadd.str1.4
                0x0800ecd8       0x7f c:/chibistudio/tools/gnu tools arm embedded/10.3 2021.07/bin/../lib/gcc/arm-none-eabi/10.3.1/../../../../arm-none-eabi/lib/thumb/v7e-m/nofp\libg.a(lib_a-mprec.o)
                                 0x93 (size before relaxing)
 *fill*         0x0800ed57        0x1 
 .rodata.__mprec_bigtens
                0x0800ed58       0x28 c:/chibistudio/tools/gnu tools arm embedded/10.3 2021.07/bin/../lib/gcc/arm-none-eabi/10.3.1/../../../../arm-none-eabi/lib/thumb/v7e-m/nofp\libg.a(lib_a-mprec.o)
                0x0800ed58                __mprec_bigtens
 .rodata.__mprec_tens
                0x0800ed80       0xc8 c:/chibistudio/tools/gnu tools arm embedded/10.3 2021.07/bin/../lib/gcc/arm-none-eabi/10.3.1/../../../../arm-none-eabi/lib/thumb/v7e-m/nofp\libg.a(lib_a-mprec.o)
                0x0800ed80                __mprec_tens
 .rodata.p05.0  0x0800ee48        0xc c:/chibistudio/tools/gnu tools arm embedded/10.3 2021.07/bin/../lib/gcc/arm-none-eabi/10.3.1/../../../../arm-none-eabi/lib/thumb/v7e-m/nofp\libg.a(lib_a-mprec.o)
 .rodata.__assert_func.str1.4
                0x0800ee54       0x3f c:/chibistudio/tools/gnu tools arm embedded/10.3 2021.07/bin/../lib/gcc/arm-none-eabi/10.3.1/../../../../arm-none-eabi/lib/thumb/v7e-m/nofp\libg.a(lib_a-assert.o)
                                 0x43 (size before relaxing)
 *fill*         0x0800ee93        0x1 
 .rodata._vfiprintf_r.str1.4
                0x0800ee94       0x2f c:/chibistudio/tools/gnu tools arm embedded/10.3 2021.07/bin/../lib/gcc/arm-none-eabi/10.3.1/../../../../arm-none-eabi/lib/thumb/v7e-m/nofp\libg.a(lib_a-vfiprintf.o)
 *fill*         0x0800eec3        0x1 
 .rodata.blanks.1
                0x0800eec4       0x10 c:/chibistudio/tools/gnu tools arm embedded/10.3 2021.07/bin/../lib/gcc/arm-none-eabi/10.3.1/../../../../arm-none-eabi/lib/thumb/v7e-m/nofp\libg.a(lib_a-vfiprintf.o)
 .rodata.zeroes.0
                0x0800eed4       0x10 c:/chibistudio/tools/gnu tools arm embedded/10.3 2021.07/bin/../lib/gcc/arm-none-eabi/10.3.1/../../../../arm-none-eabi/lib/thumb/v7e-m/nofp\libg.a(lib_a-vfiprintf.o)
                0x0800eee4                . = ALIGN (0x4)
                0x0800eee4                __rodata_end__ = .

.ARM.extab
 *(.ARM.extab* .gnu.linkonce.armextab.*)

.ARM.exidx      0x0800eee4        0x8
                0x0800eee4                __exidx_base__ = .
                0x0800eee4                __exidx_start = .
 *(.ARM.exidx* .gnu.linkonce.armexidx.*)
 .ARM.exidx     0x0800eee4        0x8 c:/chibistudio/tools/gnu tools arm embedded/10.3 2021.07/bin/../lib/gcc/arm-none-eabi/10.3.1/thumb/v7e-m/nofp\libgcc.a(_udivmoddi4.o)
                0x0800eeec                __exidx_end__ = .
                0x0800eeec                __exidx_end = .

.rel.dyn        0x0800eeec        0x0
 .rel.iplt      0x0800eeec        0x0 ./build/obj/crt0_v7m.o

.eh_frame_hdr
 *(.eh_frame_hdr)

.eh_frame
 *(.eh_frame)

.data           0x20000800      0x9b8 load address 0x0800eeec
                [!provide]                PROVIDE (_textdata = LOADADDR (.data))
                [!provide]                PROVIDE (_data = .)
                0x0800eeec                __textdata_base__ = LOADADDR (.data)
                0x20000800                __data_base__ = .
 *(.data)
 *(.data.*)
 .data.linecoding
                0x20000800        0x7 C:\Users\ziemannt\AppData\Local\Temp\APS_DIGITAL_CGG.elf.4FBcRY.ltrans0.ltrans.o
 *fill*         0x20000807        0x1 
 .data._impure_ptr
                0x20000808        0x4 c:/chibistudio/tools/gnu tools arm embedded/10.3 2021.07/bin/../lib/gcc/arm-none-eabi/10.3.1/../../../../arm-none-eabi/lib/thumb/v7e-m/nofp\libg.a(lib_a-impure.o)
                0x20000808                _impure_ptr
 *fill*         0x2000080c        0x4 
 .data.impure_data
                0x20000810      0x428 c:/chibistudio/tools/gnu tools arm embedded/10.3 2021.07/bin/../lib/gcc/arm-none-eabi/10.3.1/../../../../arm-none-eabi/lib/thumb/v7e-m/nofp\libg.a(lib_a-impure.o)
 .data.numempty
                0x20000c38        0x2 c:/chibistudio/tools/gnu tools arm embedded/10.3 2021.07/bin/../lib/gcc/arm-none-eabi/10.3.1/../../../../arm-none-eabi/lib/thumb/v7e-m/nofp\libg.a(lib_a-lnumeric.o)
 *fill*         0x20000c3a        0x2 
 .data.__global_locale
                0x20000c3c      0x16c c:/chibistudio/tools/gnu tools arm embedded/10.3 2021.07/bin/../lib/gcc/arm-none-eabi/10.3.1/../../../../arm-none-eabi/lib/thumb/v7e-m/nofp\libg.a(lib_a-locale.o)
                0x20000c3c                __global_locale
 .data.__malloc_av_
                0x20000da8      0x408 c:/chibistudio/tools/gnu tools arm embedded/10.3 2021.07/bin/../lib/gcc/arm-none-eabi/10.3.1/../../../../arm-none-eabi/lib/thumb/v7e-m/nofp\libg.a(lib_a-mallocr.o)
                0x20000da8                __malloc_av_
 .data.__malloc_sbrk_base
                0x200011b0        0x4 c:/chibistudio/tools/gnu tools arm embedded/10.3 2021.07/bin/../lib/gcc/arm-none-eabi/10.3.1/../../../../arm-none-eabi/lib/thumb/v7e-m/nofp\libg.a(lib_a-mallocr.o)
                0x200011b0                __malloc_sbrk_base
 .data.__malloc_trim_threshold
                0x200011b4        0x4 c:/chibistudio/tools/gnu tools arm embedded/10.3 2021.07/bin/../lib/gcc/arm-none-eabi/10.3.1/../../../../arm-none-eabi/lib/thumb/v7e-m/nofp\libg.a(lib_a-mallocr.o)
                0x200011b4                __malloc_trim_threshold
 *(.ramtext)
                0x200011b8                . = ALIGN (0x4)
                [!provide]                PROVIDE (_edata = .)
                0x200011b8                __data_end__ = .

.igot.plt       0x200011b8        0x0 load address 0x0800f8a4
 .igot.plt      0x200011b8        0x0 ./build/obj/crt0_v7m.o

.bss            0x200011c0    0x111b4 load address 0x0800f8a4
                0x200011c0                __bss_base__ = .
 *(.bss)
 *(.bss.*)
 .bss.AD8460    0x200011c0       0x10 C:\Users\ziemannt\AppData\Local\Temp\APS_DIGITAL_CGG.elf.4FBcRY.ltrans0.ltrans.o
 *fill*         0x200011d0       0x10 
 .bss.DD_data_buffer
                0x200011e0    0x10000 C:\Users\ziemannt\AppData\Local\Temp\APS_DIGITAL_CGG.elf.4FBcRY.ltrans0.ltrans.o
 .bss.DD_running_test
                0x200111e0       0x18 C:\Users\ziemannt\AppData\Local\Temp\APS_DIGITAL_CGG.elf.4FBcRY.ltrans0.ltrans.o
 .bss.DD_test_data
                0x200111f8       0xf0 C:\Users\ziemannt\AppData\Local\Temp\APS_DIGITAL_CGG.elf.4FBcRY.ltrans0.ltrans.o
 .bss.DD_test_data_pointers
                0x200112e8       0x28 C:\Users\ziemannt\AppData\Local\Temp\APS_DIGITAL_CGG.elf.4FBcRY.ltrans0.ltrans.o
 .bss.DD_test_data_pool
                0x20011310       0x10 C:\Users\ziemannt\AppData\Local\Temp\APS_DIGITAL_CGG.elf.4FBcRY.ltrans0.ltrans.o
 .bss.DD_test_mailbox
                0x20011320       0x28 C:\Users\ziemannt\AppData\Local\Temp\APS_DIGITAL_CGG.elf.4FBcRY.ltrans0.ltrans.o
 .bss.DD_test_running_flag
                0x20011348        0x1 C:\Users\ziemannt\AppData\Local\Temp\APS_DIGITAL_CGG.elf.4FBcRY.ltrans0.ltrans.o
 *fill*         0x20011349        0x3 
 .bss.GPTD4     0x2001134c       0x10 C:\Users\ziemannt\AppData\Local\Temp\APS_DIGITAL_CGG.elf.4FBcRY.ltrans0.ltrans.o
 .bss.GPTD5     0x2001135c       0x10 C:\Users\ziemannt\AppData\Local\Temp\APS_DIGITAL_CGG.elf.4FBcRY.ltrans0.ltrans.o
 .bss.SDU1      0x2001136c      0x490 C:\Users\ziemannt\AppData\Local\Temp\APS_DIGITAL_CGG.elf.4FBcRY.ltrans0.ltrans.o
 .bss.SIOD2     0x200117fc       0x30 C:\Users\ziemannt\AppData\Local\Temp\APS_DIGITAL_CGG.elf.4FBcRY.ltrans0.ltrans.o
 .bss.SPID3     0x2001182c       0x38 C:\Users\ziemannt\AppData\Local\Temp\APS_DIGITAL_CGG.elf.4FBcRY.ltrans0.ltrans.o
 .bss.USBD1     0x20011864       0x88 C:\Users\ziemannt\AppData\Local\Temp\APS_DIGITAL_CGG.elf.4FBcRY.ltrans0.ltrans.o
 .bss._pal_events
                0x200118ec      0x100 C:\Users\ziemannt\AppData\Local\Temp\APS_DIGITAL_CGG.elf.4FBcRY.ltrans0.ltrans.o
 *fill*         0x200119ec        0x4 
 .bss.ch0       0x200119f0      0x108 C:\Users\ziemannt\AppData\Local\Temp\APS_DIGITAL_CGG.elf.4FBcRY.ltrans0.ltrans.o
 .bss.ch_c0_idle_thread_wa
                0x20011af8       0xe8 C:\Users\ziemannt\AppData\Local\Temp\APS_DIGITAL_CGG.elf.4FBcRY.ltrans0.ltrans.o
 .bss.ch_memcore
                0x20011be0        0x8 C:\Users\ziemannt\AppData\Local\Temp\APS_DIGITAL_CGG.elf.4FBcRY.ltrans0.ltrans.o
 .bss.ch_system
                0x20011be8        0xc C:\Users\ziemannt\AppData\Local\Temp\APS_DIGITAL_CGG.elf.4FBcRY.ltrans0.ltrans.o
 .bss.chp_shell
                0x20011bf4        0x4 C:\Users\ziemannt\AppData\Local\Temp\APS_DIGITAL_CGG.elf.4FBcRY.ltrans0.ltrans.o
 .bss.clear_to_run_flag
                0x20011bf8        0x1 C:\Users\ziemannt\AppData\Local\Temp\APS_DIGITAL_CGG.elf.4FBcRY.ltrans0.ltrans.o
 *fill*         0x20011bf9        0x3 
 .bss.default_heap
                0x20011bfc       0x1c C:\Users\ziemannt\AppData\Local\Temp\APS_DIGITAL_CGG.elf.4FBcRY.ltrans0.ltrans.o
 .bss.dma       0x20011c18       0x88 C:\Users\ziemannt\AppData\Local\Temp\APS_DIGITAL_CGG.elf.4FBcRY.ltrans0.ltrans.o
 .bss.ep0_state
                0x20011ca0       0x10 C:\Users\ziemannt\AppData\Local\Temp\APS_DIGITAL_CGG.elf.4FBcRY.ltrans0.ltrans.o
 .bss.ep0setup_buffer
                0x20011cb0        0x8 C:\Users\ziemannt\AppData\Local\Temp\APS_DIGITAL_CGG.elf.4FBcRY.ltrans0.ltrans.o
 .bss.ep1instate
                0x20011cb8       0x10 C:\Users\ziemannt\AppData\Local\Temp\APS_DIGITAL_CGG.elf.4FBcRY.ltrans0.ltrans.o
 .bss.ep1outstate
                0x20011cc8       0x10 C:\Users\ziemannt\AppData\Local\Temp\APS_DIGITAL_CGG.elf.4FBcRY.ltrans0.ltrans.o
 .bss.ep2instate
                0x20011cd8       0x10 C:\Users\ziemannt\AppData\Local\Temp\APS_DIGITAL_CGG.elf.4FBcRY.ltrans0.ltrans.o
 *fill*         0x20011ce8       0x18 
 .bss.rxbuf.0   0x20011d00       0x20 C:\Users\ziemannt\AppData\Local\Temp\APS_DIGITAL_CGG.elf.4FBcRY.ltrans0.ltrans.o
 .bss.shell_terminated
                0x20011d20        0x4 C:\Users\ziemannt\AppData\Local\Temp\APS_DIGITAL_CGG.elf.4FBcRY.ltrans0.ltrans.o
 *fill*         0x20011d24       0x1c 
 .bss.txbuf.1   0x20011d40       0x20 C:\Users\ziemannt\AppData\Local\Temp\APS_DIGITAL_CGG.elf.4FBcRY.ltrans0.ltrans.o
 .bss.waThread_DD
                0x20011d60      0x4a8 C:\Users\ziemannt\AppData\Local\Temp\APS_DIGITAL_CGG.elf.4FBcRY.ltrans0.ltrans.o
 .bss.waThread_LED
                0x20012208      0x128 C:\Users\ziemannt\AppData\Local\Temp\APS_DIGITAL_CGG.elf.4FBcRY.ltrans0.ltrans.o
 .bss.__malloc_current_mallinfo